ARM Linker, 4.1 [Build 481] [Standard]

==============================================================================

Section Cross References

    startup_stm32f10x_ld.o(RESET) refers to startup_stm32f10x_ld.o(STACK) for __initial_sp
    startup_stm32f10x_ld.o(RESET) refers to startup_stm32f10x_ld.o(.text) for Reset_Handler
    startup_stm32f10x_ld.o(RESET) refers to stm32f10x_it.o(i.NMI_Handler) for NMI_Handler
    startup_stm32f10x_ld.o(RESET) refers to stm32f10x_it.o(i.HardFault_Handler) for HardFault_Handler
    startup_stm32f10x_ld.o(RESET) refers to stm32f10x_it.o(i.MemManage_Handler) for MemManage_Handler
    startup_stm32f10x_ld.o(RESET) refers to stm32f10x_it.o(i.BusFault_Handler) for BusFault_Handler
    startup_stm32f10x_ld.o(RESET) refers to stm32f10x_it.o(i.UsageFault_Handler) for UsageFault_Handler
    startup_stm32f10x_ld.o(RESET) refers to stm32f10x_it.o(i.SVC_Handler) for SVC_Handler
    startup_stm32f10x_ld.o(RESET) refers to stm32f10x_it.o(i.DebugMon_Handler) for DebugMon_Handler
    startup_stm32f10x_ld.o(RESET) refers to os_cpu_a.o(.text) for PendSV_Handler
    startup_stm32f10x_ld.o(RESET) refers to delay.o(i.SysTick_Handler) for SysTick_Handler
    startup_stm32f10x_ld.o(RESET) refers to stm32f10x_it.o(i.USB_LP_CAN1_RX0_IRQHandler) for USB_LP_CAN1_RX0_IRQHandler
    startup_stm32f10x_ld.o(RESET) refers to drivermotor.o(i.TIM1_UP_IRQHandler) for TIM1_UP_IRQHandler
    startup_stm32f10x_ld.o(RESET) refers to drivermotor.o(i.TIM2_IRQHandler) for TIM2_IRQHandler
    startup_stm32f10x_ld.o(RESET) refers to usart.o(i.USART1_IRQHandler) for USART1_IRQHandler
    startup_stm32f10x_ld.o(.text) refers to system_stm32f10x.o(i.SystemInit) for SystemInit
    startup_stm32f10x_ld.o(.text) refers to entry.o(.ARM.Collect$$$$00000000) for __main
    system_stm32f10x.o(i.SystemCoreClockUpdate) refers to system_stm32f10x.o(.data) for .data
    system_stm32f10x.o(i.SystemInit) refers to system_stm32f10x.o(i.SetSysClockTo72) for SetSysClockTo72
    stm32f10x_adc.o(i.ADC_DeInit) refers to stm32f10x_rcc.o(i.RCC_APB2PeriphResetCmd) for RCC_APB2PeriphResetCmd
    stm32f10x_bkp.o(i.BKP_DeInit) refers to stm32f10x_rcc.o(i.RCC_BackupResetCmd) for RCC_BackupResetCmd
    stm32f10x_can.o(i.CAN_DeInit) refers to stm32f10x_rcc.o(i.RCC_APB1PeriphResetCmd) for RCC_APB1PeriphResetCmd
    stm32f10x_can.o(i.CAN_GetITStatus) refers to stm32f10x_can.o(i.CheckITStatus) for CheckITStatus
    stm32f10x_cec.o(i.CEC_DeInit) refers to stm32f10x_rcc.o(i.RCC_APB1PeriphResetCmd) for RCC_APB1PeriphResetCmd
    stm32f10x_dac.o(i.DAC_DeInit) refers to stm32f10x_rcc.o(i.RCC_APB1PeriphResetCmd) for RCC_APB1PeriphResetCmd
    stm32f10x_flash.o(i.FLASH_EnableWriteProtection) refers to stm32f10x_flash.o(i.FLASH_WaitForLastOperation) for FLASH_WaitForLastOperation
    stm32f10x_flash.o(i.FLASH_EraseAllBank1Pages) refers to stm32f10x_flash.o(i.FLASH_WaitForLastBank1Operation) for FLASH_WaitForLastBank1Operation
    stm32f10x_flash.o(i.FLASH_EraseAllPages) refers to stm32f10x_flash.o(i.FLASH_WaitForLastOperation) for FLASH_WaitForLastOperation
    stm32f10x_flash.o(i.FLASH_EraseOptionBytes) refers to stm32f10x_flash.o(i.FLASH_GetReadOutProtectionStatus) for FLASH_GetReadOutProtectionStatus
    stm32f10x_flash.o(i.FLASH_EraseOptionBytes) refers to stm32f10x_flash.o(i.FLASH_WaitForLastOperation) for FLASH_WaitForLastOperation
    stm32f10x_flash.o(i.FLASH_ErasePage) refers to stm32f10x_flash.o(i.FLASH_WaitForLastOperation) for FLASH_WaitForLastOperation
    stm32f10x_flash.o(i.FLASH_ProgramHalfWord) refers to stm32f10x_flash.o(i.FLASH_WaitForLastOperation) for FLASH_WaitForLastOperation
    stm32f10x_flash.o(i.FLASH_ProgramOptionByteData) refers to stm32f10x_flash.o(i.FLASH_WaitForLastOperation) for FLASH_WaitForLastOperation
    stm32f10x_flash.o(i.FLASH_ProgramWord) refers to stm32f10x_flash.o(i.FLASH_WaitForLastOperation) for FLASH_WaitForLastOperation
    stm32f10x_flash.o(i.FLASH_ReadOutProtection) refers to stm32f10x_flash.o(i.FLASH_WaitForLastOperation) for FLASH_WaitForLastOperation
    stm32f10x_flash.o(i.FLASH_UserOptionByteConfig) refers to stm32f10x_flash.o(i.FLASH_WaitForLastOperation) for FLASH_WaitForLastOperation
    stm32f10x_flash.o(i.FLASH_WaitForLastBank1Operation) refers to stm32f10x_flash.o(i.FLASH_GetBank1Status) for FLASH_GetBank1Status
    stm32f10x_flash.o(i.FLASH_WaitForLastOperation) refers to stm32f10x_flash.o(i.FLASH_GetBank1Status) for FLASH_GetBank1Status
    stm32f10x_gpio.o(i.GPIO_AFIODeInit) refers to stm32f10x_rcc.o(i.RCC_APB2PeriphResetCmd) for RCC_APB2PeriphResetCmd
    stm32f10x_gpio.o(i.GPIO_DeInit) refers to stm32f10x_rcc.o(i.RCC_APB2PeriphResetCmd) for RCC_APB2PeriphResetCmd
    stm32f10x_i2c.o(i.I2C_DeInit) refers to stm32f10x_rcc.o(i.RCC_APB1PeriphResetCmd) for RCC_APB1PeriphResetCmd
    stm32f10x_i2c.o(i.I2C_Init) refers to stm32f10x_rcc.o(i.RCC_GetClocksFreq) for RCC_GetClocksFreq
[...]
    i.CustomHID_GetHIDDescriptor             0x080004ec   Section        0  usb_prop.o(i.CustomHID_GetHIDDescriptor)
    i.CustomHID_GetProtocolValue             0x080004f8   Section        0  usb_prop.o(i.CustomHID_GetProtocolValue)
    i.CustomHID_GetReportDescriptor          0x08000514   Section        0  usb_prop.o(i.CustomHID_GetReportDescriptor)
    i.CustomHID_GetStringDescriptor          0x08000518   Section        0  usb_prop.o(i.CustomHID_GetStringDescriptor)
    i.CustomHID_Get_Interface_Setting        0x08000538   Section        0  usb_prop.o(i.CustomHID_Get_Interface_Setting)
    i.CustomHID_NoData_Setup                 0x08000544   Section        0  usb_prop.o(i.CustomHID_NoData_Setup)
    i.CustomHID_Reset                        0x08000564   Section        0  usb_prop.o(i.CustomHID_Reset)
    i.CustomHID_SetConfiguration             0x08000640   Section        0  usb_prop.o(i.CustomHID_SetConfiguration)
    i.CustomHID_SetDeviceAddress             0x08000658   Section        0  usb_prop.o(i.CustomHID_SetDeviceAddress)
    i.CustomHID_SetProtocol                  0x08000664   Section        0  usb_prop.o(i.CustomHID_SetProtocol)
    i.CustomHID_Status_In                    0x0800067c   Section        0  usb_prop.o(i.CustomHID_Status_In)
    i.CustomHID_Status_Out                   0x0800067e   Section        0  usb_prop.o(i.CustomHID_Status_Out)
    i.CustomHID_init                         0x08000680   Section        0  usb_prop.o(i.CustomHID_init)
    i.DataStageIn                            0x080006a4   Section        0  usb_core.o(i.DataStageIn)
    DataStageIn                              0x080006a5   Thumb Code   162  usb_core.o(i.DataStageIn)
    i.DataStageOut                           0x08000760   Section        0  usb_core.o(i.DataStageOut)
    DataStageOut                             0x08000761   Thumb Code   148  usb_core.o(i.DataStageOut)
    i.Data_Setup0                            0x08000808   Section        0  usb_core.o(i.Data_Setup0)
    Data_Setup0                              0x08000809   Thumb Code   376  usb_core.o(i.Data_Setup0)
    i.DebugMon_Handler                       0x080009a4   Section        0  stm32f10x_it.o(i.DebugMon_Handler)
    i.EP1_IN_Callback                        0x080009a6   Section        0  usb_endp.o(i.EP1_IN_Callback)
    i.EP1_OUT_Callback                       0x080009a8   Section        0  usb_endp.o(i.EP1_OUT_Callback)
    i.EP2_IN_Callback                        0x080009e4   Section        0  usb_endp.o(i.EP2_IN_Callback)
    i.EP2_OUT_Callback                       0x080009e8   Section        0  usb_endp.o(i.EP2_OUT_Callback)
    i.Enter_LowPowerMode                     0x08000a18   Section        0  hw_config.o(i.Enter_LowPowerMode)
    i.GPIO_Init                              0x08000a1a   Section        0  stm32f10x_gpio.o(i.GPIO_Init)
    i.GPIO_PinRemapConfig                    0x08000ab8   Section        0  stm32f10x_gpio.o(i.GPIO_PinRemapConfig)
    i.GPIO_ReadInputDataBit                  0x08000b10   Section        0  stm32f10x_gpio.o(i.GPIO_ReadInputDataBit)
    i.GPIO_ResetBits                         0x08000b1e   Section        0  stm32f10x_gpio.o(i.GPIO_ResetBits)
    i.GPIO_SetBits                           0x08000b22   Section        0  stm32f10x_gpio.o(i.GPIO_SetBits)
    i.GetEPRxAddr                            0x08000b28   Section        0  usb_regs.o(i.GetEPRxAddr)
    i.GetEPRxCount                           0x08000b48   Section        0  usb_regs.o(i.GetEPRxCount)
    i.GetEPTxAddr                            0x08000b68   Section        0  usb_regs.o(i.GetEPTxAddr)
    i.Get_SerialNum                          0x08000b84   Section        0  hw_config.o(i.Get_SerialNum)
    i.HardFault_Handler                      0x08000bb4   Section        0  stm32f10x_it.o(i.HardFault_Handler)
    i.In0_Process                            0x08000bb8   Section        0  usb_core.o(i.In0_Process)
    i.IntToUnicode                           0x08000c14   Section        0  hw_config.o(i.IntToUnicode)
    IntToUnicode                             0x08000c15   Thumb Code    54  hw_config.o(i.IntToUnicode)
    i.LED_Init                               0x08000c4c   Section        0  main.o(i.LED_Init)
    i.Leave_LowPowerMode                     0x08000cb0   Section        0  hw_config.o(i.Leave_LowPowerMode)
    i.MemManage_Handler                      0x08000cb2   Section        0  stm32f10x_it.o(i.MemManage_Handler)
    i.NMI_Handler                            0x08000cb4   Section        0  stm32f10x_it.o(i.NMI_Handler)
    i.NOP_Process                            0x08000cb6   Section        0  usb_core.o(i.NOP_Process)
    i.NVIC_Configuration                     0x08000cb8   Section        0  sys.o(i.NVIC_Configuration)
    i.NVIC_Init                              0x08000cc0   Section        0  misc.o(i.NVIC_Init)
    i.NVIC_PriorityGroupConfig               0x08000d1c   Section        0  misc.o(i.NVIC_PriorityGroupConfig)
    i.NoData_Setup0                          0x08000d30   Section        0  usb_core.o(i.NoData_Setup0)
    NoData_Setup0                            0x08000d31   Thumb Code   194  usb_core.o(i.NoData_Setup0)
    i.OSInit                                 0x08000e08   Section        0  os_core.o(i.OSInit)
    i.OSInitHookBegin                        0x08000f1c   Section        0  os_cpu_c.o(i.OSInitHookBegin)
    i.OSInitHookEnd                          0x08000f1e   Section        0  os_cpu_c.o(i.OSInitHookEnd)
    i.OSIntEnter                             0x08000f20   Section        0  os_core.o(i.OSIntEnter)
    i.OSIntExit                              0x08000f38   Section        0  os_core.o(i.OSIntExit)
    i.OSMboxCreate                           0x08000f94   Section        0  os_mbox.o(i.OSMboxCreate)
    i.OSMboxPend                             0x08000fd4   Section        0  os_mbox.o(i.OSMboxPend)
    i.OSMboxPost                             0x080010a0   Section        0  os_mbox.o(i.OSMboxPost)
    i.OSQCreate                              0x080010ec   Section        0  os_q.o(i.OSQCreate)
    i.OSQPend                                0x08001168   Section        0  os_q.o(i.OSQPend)
    i.OSQPost                                0x08001244   Section        0  os_q.o(i.OSQPost)
    i.OSStart                                0x080012b0   Section        0  os_core.o(i.OSStart)
    i.OSStatInit                             0x080012e0   Section        0  os_core.o(i.OSStatInit)
    i.OSTCBInitHook                          0x08001314   Section        0  os_cpu_c.o(i.OSTCBInitHook)
    i.OSTaskCreate                           0x08001318   Section        0  os_task.o(i.OSTaskCreate)
    i.OSTaskCreateExt                        0x080013a0   Section        0  os_task.o(i.OSTaskCreateExt)
    i.OSTaskCreateHook                       0x08001440   Section        0  os_cpu_c.o(i.OSTaskCreateHook)
    i.OSTaskIdleHook                         0x08001442   Section        0  os_cpu_c.o(i.OSTaskIdleHook)
    i.OSTaskNameSet                          0x08001444   Section        0  os_task.o(i.OSTaskNameSet)
    i.OSTaskStatHook                         0x08001498   Section        0  os_cpu_c.o(i.OSTaskStatHook)
    i.OSTaskStkChk                           0x0800149c   Section        0  os_task.o(i.OSTaskStkChk)
    i.OSTaskStkInit                          0x08001508   Section        0  os_cpu_c.o(i.OSTaskStkInit)
    i.OSTaskSuspend                          0x08001570   Section        0  os_task.o(i.OSTaskSuspend)
    i.OSTaskSwHook                           0x08001608   Section        0  os_cpu_c.o(i.OSTaskSwHook)
    i.OSTimeDly                              0x0800160c   Section        0  os_time.o(i.OSTimeDly)
    i.OSTimeTick                             0x08001678   Section        0  os_core.o(i.OSTimeTick)
    i.OSTimeTickHook                         0x08001720   Section        0  os_cpu_c.o(i.OSTimeTickHook)
    i.OS_EventTaskRdy                        0x08001724   Section        0  os_core.o(i.OS_EventTaskRdy)
    i.OS_EventTaskRemove                     0x08001794   Section        0  os_core.o(i.OS_EventTaskRemove)
    i.OS_EventTaskWait                       0x080017b8   Section        0  os_core.o(i.OS_EventTaskWait)
    i.OS_EventWaitListInit                   0x0800180c   Section        0  os_core.o(i.OS_EventWaitListInit)
    i.OS_FlagInit                            0x08001820   Section        0  os_flag.o(i.OS_FlagInit)
    i.OS_InitTCBList                         0x0800186c   Section        0  os_core.o(i.OS_InitTCBList)
    OS_InitTCBList                           0x0800186d   Thumb Code    96  os_core.o(i.OS_InitTCBList)
    i.OS_MemClr                              0x080018dc   Section        0  os_core.o(i.OS_MemClr)
    i.OS_QInit                               0x080018f0   Section        0  os_q.o(i.OS_QInit)
    i.OS_Sched                               0x08001934   Section        0  os_core.o(i.OS_Sched)
    i.OS_SchedNew                            0x0800197c   Section        0  os_core.o(i.OS_SchedNew)
    OS_SchedNew                              0x0800197d   Thumb Code    24  os_core.o(i.OS_SchedNew)
    i.OS_TCBInit                             0x0800199c   Section        0  os_core.o(i.OS_TCBInit)
    i.OS_TaskIdle                            0x08001a98   Section        0  os_core.o(i.OS_TaskIdle)
    i.OS_TaskStat                            0x08001ab4   Section        0  os_core.o(i.OS_TaskStat)
    i.OS_TaskStatStkChk                      0x08001b0c   Section        0  os_core.o(i.OS_TaskStatStkChk)
    i.OS_TaskStkClr                          0x08001b44   Section        0  os_task.o(i.OS_TaskStkClr)
    i.Out0_Process                           0x08001b5c   Section        0  usb_core.o(i.Out0_Process)
    i.PMAToUserBufferCopy                    0x08001ba4   Section        0  usb_mem.o(i.PMAToUserBufferCopy)
    i.Post0_Process                          0x08001bc0   Section        0  usb_core.o(i.Post0_Process)
    i.PowerOn                                0x08001c00   Section        0  usb_pwr.o(i.PowerOn)
    i.RCC_APB1PeriphClockCmd                 0x08001c30   Section        0  stm32f10x_rcc.o(i.RCC_APB1PeriphClockCmd)
    i.RCC_APB1PeriphResetCmd                 0x08001c48   Section        0  stm32f10x_rcc.o(i.RCC_APB1PeriphResetCmd)
    i.RCC_APB2PeriphClockCmd                 0x08001c60   Section        0  stm32f10x_rcc.o(i.RCC_APB2PeriphClockCmd)
    i.RCC_APB2PeriphResetCmd                 0x08001c78   Section        0  stm32f10x_rcc.o(i.RCC_APB2PeriphResetCmd)
    i.RCC_GetClocksFreq                      0x08001c90   Section        0  stm32f10x_rcc.o(i.RCC_GetClocksFreq)
    i.RCC_GetSYSCLKSource                    0x08001d28   Section        0  stm32f10x_rcc.o(i.RCC_GetSYSCLKSource)
    i.RCC_USBCLKConfig                       0x08001d38   Section        0  stm32f10x_rcc.o(i.RCC_USBCLKConfig)
    i.Resume                                 0x08001d44   Section        0  usb_pwr.o(i.Resume)
    i.Resume_Init                            0x08001dc8   Section        0  usb_pwr.o(i.Resume_Init)
    i.SVC_Handler                            0x08001de8   Section        0  stm32f10x_it.o(i.SVC_Handler)
    i.SetBTABLE                              0x08001dec   Section        0  usb_regs.o(i.SetBTABLE)
    i.SetDeviceAddress                       0x08001dfc   Section        0  usb_core.o(i.SetDeviceAddress)
    i.SetEPRxAddr                            0x08001e40   Section        0  usb_regs.o(i.SetEPRxAddr)
    i.SetEPRxCount                           0x08001e60   Section        0  usb_regs.o(i.SetEPRxCount)
    i.SetEPRxStatus                          0x08001ea0   Section        0  usb_regs.o(i.SetEPRxStatus)
    i.SetEPRxValid                           0x08001ed4   Section        0  usb_regs.o(i.SetEPRxValid)
    i.SetEPTxAddr                            0x08001efc   Section        0  usb_regs.o(i.SetEPTxAddr)
    i.SetEPTxCount                           0x08001f1c   Section        0  usb_regs.o(i.SetEPTxCount)
    i.SetEPTxStatus                          0x08001f38   Section        0  usb_regs.o(i.SetEPTxStatus)
    i.SetEPTxValid                           0x08001f6c   Section        0  usb_regs.o(i.SetEPTxValid)
    i.SetEPType                              0x08001f94   Section        0  usb_regs.o(i.SetEPType)
    i.SetSysClockTo72                        0x08001fb4   Section        0  system_stm32f10x.o(i.SetSysClockTo72)
    SetSysClockTo72                          0x08001fb5   Thumb Code   138  system_stm32f10x.o(i.SetSysClockTo72)
    i.Set_USBClock                           0x08002048   Section        0  hw_config.o(i.Set_USBClock)
    i.Setup0_Process                         0x0800205c   Section        0  usb_core.o(i.Setup0_Process)
    i.Standard_ClearFeature                  0x080020cc   Section        0  usb_core.o(i.Standard_ClearFeature)
    i.Standard_GetConfiguration              0x080021cc   Section        0  usb_core.o(i.Standard_GetConfiguration)
    i.Standard_GetDescriptorData             0x080021f4   Section        0  usb_core.o(i.Standard_GetDescriptorData)
    i.Standard_GetInterface                  0x08002210   Section        0  usb_core.o(i.Standard_GetInterface)
    i.Standard_GetStatus                     0x08002238   Section        0  usb_core.o(i.Standard_GetStatus)
    i.Standard_SetConfiguration              0x080022cc   Section        0  usb_core.o(i.Standard_SetConfiguration)
    i.Standard_SetDeviceFeature              0x08002304   Section        0  usb_core.o(i.Standard_SetDeviceFeature)
    i.Standard_SetEndPointFeature            0x08002328   Section        0  usb_core.o(i.Standard_SetEndPointFeature)
    i.Standard_SetInterface                  0x080023b4   Section        0  usb_core.o(i.Standard_SetInterface)
    i.Suspend                                0x080023fc   Section        0  usb_pwr.o(i.Suspend)
    i.SysTick_CLKSourceConfig                0x0800241c   Section        0  misc.o(i.SysTick_CLKSourceConfig)
    i.SysTick_Handler                        0x08002434   Section        0  delay.o(i.SysTick_Handler)
    i.SystemInit                             0x08002448   Section        0  system_stm32f10x.o(i.SystemInit)
    i.TIM1_UP_IRQHandler                     0x08002498   Section        0  drivermotor.o(i.TIM1_UP_IRQHandler)
    i.TIM2_IRQHandler                        0x080026f8   Section        0  drivermotor.o(i.TIM2_IRQHandler)
    i.TIM_ClearFlag                          0x08002800   Section        0  stm32f10x_tim.o(i.TIM_ClearFlag)
    i.TIM_Cmd                                0x08002806   Section        0  stm32f10x_tim.o(i.TIM_Cmd)
    i.TIM_DeInit                             0x0800281c   Section        0  stm32f10x_tim.o(i.TIM_DeInit)
    i.TIM_ITConfig                           0x0800298c   Section        0  stm32f10x_tim.o(i.TIM_ITConfig)
    i.TIM_TimeBaseInit                       0x0800299c   Section        0  stm32f10x_tim.o(i.TIM_TimeBaseInit)
    i.USART1_IRQHandler                      0x08002a38   Section        0  usart.o(i.USART1_IRQHandler)
    i.USART_ClearFlag                        0x08002a60   Section        0  stm32f10x_usart.o(i.USART_ClearFlag)
    i.USART_Cmd                              0x08002a66   Section        0  stm32f10x_usart.o(i.USART_Cmd)
    i.USART_GetFlagStatus                    0x08002a7a   Section        0  stm32f10x_usart.o(i.USART_GetFlagStatus)
    i.USART_GetITStatus                      0x08002a88   Section        0  stm32f10x_usart.o(i.USART_GetITStatus)
    i.USART_ITConfig                         0x08002ac6   Section        0  stm32f10x_usart.o(i.USART_ITConfig)
    i.USART_Init                             0x08002af8   Section        0  stm32f10x_usart.o(i.USART_Init)
    i.USART_ReceiveData                      0x08002bac   Section        0  stm32f10x_usart.o(i.USART_ReceiveData)
    i.USART_SendData                         0x08002bb4   Section        0  stm32f10x_usart.o(i.USART_SendData)
    i.USB_Cable_Config                       0x08002bbc   Section        0  hw_config.o(i.USB_Cable_Config)
    i.USB_GetData                            0x08002bd4   Section        0  usbio.o(i.USB_GetData)
    i.USB_Init                               0x08002bf8   Section        0  usb_init.o(i.USB_Init)
    i.USB_Interrupts_Config                  0x08002c20   Section        0  hw_config.o(i.USB_Interrupts_Config)
    i.USB_Istr                               0x08002c40   Section        0  usb_istr.o(i.USB_Istr)
    i.USB_LP_CAN1_RX0_IRQHandler             0x08002d0c   Section        0  stm32f10x_it.o(i.USB_LP_CAN1_RX0_IRQHandler)
    i.USB_SIL_Init                           0x08002d10   Section        0  usb_sil.o(i.USB_SIL_Init)
    i.USB_SendData                           0x08002d30   Section        0  usbio.o(i.USB_SendData)
    i.UsageFault_Handler                     0x08002d5e   Section        0  stm32f10x_it.o(i.UsageFault_Handler)
    i.UserToPMABufferCopy                    0x08002d60   Section        0  usb_mem.o(i.UserToPMABufferCopy)
    i.__0sprintf$1                           0x08002d88   Section        0  printf1.o(i.__0sprintf$1)
    i.__scatterload_copy                     0x08002db0   Section       14  handlers.o(i.__scatterload_copy)
    i.__scatterload_null                     0x08002dbe   Section        2  handlers.o(i.__scatterload_null)
    i.__scatterload_zeroinit                 0x08002dc0   Section       14  handlers.o(i.__scatterload_zeroinit)
    i._printf_core                           0x08002dd0   Section        0  printf1.o(i._printf_core)
    _printf_core                             0x08002dd1   Thumb Code   334  printf1.o(i._printf_core)
    i._sputc                                 0x08002f24   Section        0  printf1.o(i._sputc)
    _sputc                                   0x08002f25   Thumb Code    10  printf1.o(i._sputc)
    i.calc_crc                               0x08002f2e   Section        0  main.o(i.calc_crc)
    i.check_go                               0x08002f60   Section        0  switch_ops.o(i.check_go)
    i.check_go_task                          0x08003038   Section        0  main.o(i.check_go_task)
    i.close_switch                           0x08003050   Section        0  switch_ops.o(i.close_switch)
    i.delay_init                             0x080030d0   Section        0  delay.o(i.delay_init)
    i.delay_ms                               0x08003118   Section        0  delay.o(i.delay_ms)
    i.delay_us                               0x08003154   Section        0  delay.o(i.delay_us)
    i.driver_motor                           0x08003188   Section        0  drivermotor.o(i.driver_motor)
    i.driver_motor_jbb                       0x080031b8   Section        0  drivermotor.o(i.driver_motor_jbb)
    i.driver_motor_xyb_sx                    0x08003298   Section        0  drivermotor.o(i.driver_motor_xyb_sx)
    i.driver_motor_ybp                       0x080033a4   Section        0  drivermotor.o(i.driver_motor_ybp)
    i.get_all_go_status                      0x08003448   Section        0  switch_ops.o(i.get_all_go_status)
    i.get_feiye_fuzi_status                  0x08003534   Section        0  switch_ops.o(i.get_feiye_fuzi_status)
    i.get_go_status                          0x08003540   Section        0  switch_ops.o(i.get_go_status)
    i.get_input_status                       0x08003634   Section        0  switch_ops.o(i.get_input_status)
    i.get_motor_status                       0x08003654   Section        0  drivermotor.o(i.get_motor_status)
    i.get_qingxiye_fuzi_status               0x08003688   Section        0  switch_ops.o(i.get_qingxiye_fuzi_status)
    i.get_xishiye_fuzi_status                0x08003694   Section        0  switch_ops.o(i.get_xishiye_fuzi_status)
    i.heartbeat_led_task                     0x080036a0   Section        0  main.o(i.heartbeat_led_task)
    i.init_motor_status                      0x080036c4   Section        0  drivermotor.o(i.init_motor_status)
    i.init_switch                            0x080036dc   Section        0  switch_ops.o(i.init_switch)
    i.main                                   0x080038e0   Section        0  main.o(i.main)
    i.motor1_init_time1                      0x08003acc   Section        0  drivermotor.o(i.motor1_init_time1)
    i.motor3_init_time2                      0x08003b5c   Section        0  drivermotor.o(i.motor3_init_time2)
    i.open_switch                            0x08003bec   Section        0  switch_ops.o(i.open_switch)
    i.rs232_log_task                         0x08003c6c   Section        0  main.o(i.rs232_log_task)
    i.start_task                             0x08003c9c   Section        0  main.o(i.start_task)
    i.uart1_init                             0x08003d08   Section        0  usart.o(i.uart1_init)
    i.uart1_send                             0x08003da8   Section        0  usart.o(i.uart1_send)
    i.uart1_send_                            0x08003df8   Section        0  usart.o(i.uart1_send_)
    i.usb_int_function                       0x08003e5c   Section        0  main.o(i.usb_int_function)
    i.usb_task                               0x08004178   Section        0  main.o(i.usb_task)
    .constdata                               0x0800419c   Section       18  usb_desc.o(.constdata)
    .constdata                               0x080041ae   Section       46  usb_desc.o(.constdata)
    .constdata                               0x080041dc   Section        4  usb_desc.o(.constdata)
    .constdata                               0x080041e0   Section       20  usb_desc.o(.constdata)
    .constdata                               0x080041f4   Section       26  usb_desc.o(.constdata)
    .constdata                               0x0800420e   Section      256  os_core.o(.constdata)
    .data                                    0x20000000   Section       20  system_stm32f10x.o(.data)
    .data                                    0x20000014   Section       20  stm32f10x_rcc.o(.data)
    ADCPrescTable                            0x20000014   Data           4  stm32f10x_rcc.o(.data)
    APBAHBPrescTable                         0x20000018   Data          16  stm32f10x_rcc.o(.data)
    .data                                    0x20000028   Section        4  usb_core.o(.data)
    .data                                    0x2000002c   Section        1  usb_init.o(.data)
    .data                                    0x20000030   Section       12  usb_init.o(.data)
    .data                                    0x2000003c   Section        2  usb_init.o(.data)
    .data                                    0x2000003e   Section        4  usb_int.o(.data)
    .data                                    0x20000042   Section       26  usb_desc.o(.data)
    .data                                    0x2000005c   Section        8  usb_endp.o(.data)
    .data                                    0x20000064   Section        4  usb_istr.o(.data)
    .data                                    0x20000068   Section       28  usb_istr.o(.data)
    .data                                    0x20000084   Section       28  usb_istr.o(.data)
    .data                                    0x200000a0   Section        2  usb_prop.o(.data)
    .data                                    0x200000a4   Section      108  usb_prop.o(.data)
    .data                                    0x20000110   Section       36  usb_prop.o(.data)
    .data                                    0x20000134   Section        4  usb_pwr.o(.data)
    .data                                    0x20000138   Section        1  usb_pwr.o(.data)
    .data                                    0x20000139   Section        2  usb_pwr.o(.data)
    .data                                    0x2000013c   Section       16  main.o(.data)
    .data                                    0x2000014c   Section       60  os_core.o(.data)
    .data                                    0x20000188   Section        4  os_core.o(.data)
    .data                                    0x2000018c   Section        4  os_core.o(.data)
    .data                                    0x20000190   Section        4  delay.o(.data)
    fac_us                                   0x20000190   Data           1  delay.o(.data)
    fac_ms                                   0x20000192   Data           2  delay.o(.data)
    .bss                                     0x20000194   Section       28  usb_init.o(.bss)
    .bss                                     0x200001b0   Section      256  usb_endp.o(.bss)
    .bss                                     0x200002b0   Section     2816  main.o(.bss)
    .bss                                     0x20000db0   Section       51  drivermotor.o(.bss)
    .bss                                     0x20000de4   Section     2488  os_core.o(.bss)
    .bss                                     0x2000179c   Section       80  os_core.o(.bss)
    .bss                                     0x200017ec   Section      144  os_core.o(.bss)
    STACK                                    0x20001880   Section     1024  startup_stm32f10x_ld.o(STACK)

    Global Symbols

    Symbol Name                              Value     Ov Type        Size  Object(Section)

    BuildAttributes$$THM_ISAv4$P$D$K$B$S$PE$A:L22UL41UL21$X:L11$S22US41US21$IEEE1$IW$USESV6$~STKCKD$USESV7$~SHL$OSPACE$ROPI$EBA8$MICROLIB$REQ8$PRES8$EABIv2 0x00000000   Number         0  anon$$obj.o ABSOLUTE
    __ARM_use_no_argv                        0x00000000   Number         0  main.o ABSOLUTE
    __use_no_errno                           0x00000000   Number         0  useno.o ABSOLUTE
    __use_no_exception_handling              0x00000000   Number         0  useno.o ABSOLUTE
    __use_no_fp                              0x00000000   Number         0  useno.o ABSOLUTE
    __use_no_heap                            0x00000000   Number         0  useno.o ABSOLUTE
    __use_no_heap_region                     0x00000000   Number         0  useno.o ABSOLUTE
    __use_no_semihosting                     0x00000000   Number         0  useno.o ABSOLUTE
    __use_no_semihosting_swi                 0x00000000   Number         0  useno.o ABSOLUTE
    __use_no_signal_handling                 0x00000000   Number         0  useno.o ABSOLUTE
    _printf_a                                0x00000000   Number         0  stubs.o ABSOLUTE
    _printf_c                                0x00000000   Number         0  stubs.o ABSOLUTE
    _printf_charcount                        0x00000000   Number         0  stubs.o ABSOLUTE
    _printf_d                                0x00000000   Number         0  stubs.o ABSOLUTE
    _printf_e                                0x00000000   Number         0  stubs.o ABSOLUTE
    _printf_f                                0x00000000   Number         0  stubs.o ABSOLUTE
    _printf_flags                            0x00000000   Number         0  stubs.o ABSOLUTE
    _printf_fp_dec                           0x00000000   Number         0  stubs.o ABSOLUTE
    _printf_fp_hex                           0x00000000   Number         0  stubs.o ABSOLUTE
    _printf_g                                0x00000000   Number         0  stubs.o ABSOLUTE
    _printf_i                                0x00000000   Number         0  stubs.o ABSOLUTE
    _printf_int_dec                          0x00000000   Number         0  stubs.o ABSOLUTE
    _printf_l                                0x00000000   Number         0  stubs.o ABSOLUTE
    _printf_lc                               0x00000000   Number         0  stubs.o ABSOLUTE
    _printf_ll                               0x00000000   Number         0  stubs.o ABSOLUTE
    _printf_lld                              0x00000000   Number         0  stubs.o ABSOLUTE
    _printf_lli                              0x00000000   Number         0  stubs.o ABSOLUTE
    _printf_llo                              0x00000000   Number         0  stubs.o ABSOLUTE
    _printf_llu                              0x00000000   Number         0  stubs.o ABSOLUTE
    _printf_llx                              0x00000000   Number         0  stubs.o ABSOLUTE
    _printf_longlong_dec                     0x00000000   Number         0  stubs.o ABSOLUTE
    _printf_longlong_hex                     0x00000000   Number         0  stubs.o ABSOLUTE
    _printf_longlong_oct                     0x00000000   Number         0  stubs.o ABSOLUTE
    _printf_ls                               0x00000000   Number         0  stubs.o ABSOLUTE
    _printf_mbtowc                           0x00000000   Number         0  stubs.o ABSOLUTE
    _printf_n                                0x00000000   Number         0  stubs.o ABSOLUTE
    _printf_o                                0x00000000   Number         0  stubs.o ABSOLUTE
    _printf_p                                0x00000000   Number         0  stubs.o ABSOLUTE
    _printf_percent                          0x00000000   Number         0  stubs.o ABSOLUTE
    _printf_pre_padding                      0x00000000   Number         0  stubs.o ABSOLUTE
    _printf_return_value                     0x00000000   Number         0  stubs.o ABSOLUTE
    _printf_s                                0x00000000   Number         0  stubs.o ABSOLUTE
    _printf_sizespec                         0x00000000   Number         0  stubs.o ABSOLUTE
    _printf_str                              0x00000000   Number         0  stubs.o ABSOLUTE
    _printf_truncate_signed                  0x00000000   Number         0  stubs.o ABSOLUTE
    _printf_truncate_unsigned                0x00000000   Number         0  stubs.o ABSOLUTE
    _printf_u                                0x00000000   Number         0  stubs.o ABSOLUTE
    _printf_wc                               0x00000000   Number         0  stubs.o ABSOLUTE
    _printf_wctomb                           0x00000000   Number         0  stubs.o ABSOLUTE
    _printf_widthprec                        0x00000000   Number         0  stubs.o ABSOLUTE
    _printf_x                                0x00000000   Number         0  stubs.o ABSOLUTE
    __Vectors_Size                           0x000000ec   Number         0  startup_stm32f10x_ld.o ABSOLUTE
    __Vectors                                0x08000000   Data           4  startup_stm32f10x_ld.o(RESET)
    __Vectors_End                            0x080000ec   Data           0  startup_stm32f10x_ld.o(RESET)
    __main                                   0x080000ed   Thumb Code     0  entry.o(.ARM.Collect$$$$00000000)
    _main_stk                                0x080000ed   Thumb Code     0  entry2.o(.ARM.Collect$$$$00000001)
    _main_scatterload                        0x080000f1   Thumb Code     0  entry5.o(.ARM.Collect$$$$00000004)
    __main_after_scatterload                 0x080000f5   Thumb Code     0  entry5.o(.ARM.Collect$$$$00000004)
    _main_init                               0x080000f5   Thumb Code     0  entry7.o(.ARM.Collect$$$$00000007)
    Reset_Handler                            0x08000101   Thumb Code     8  startup_stm32f10x_ld.o(.text)
    ADC1_2_IRQHandler                        0x0800011b   Thumb Code     0  startup_stm32f10x_ld.o(.text)
    CAN1_RX1_IRQHandler                      0x0800011b   Thumb Code     0  startup_stm32f10x_ld.o(.text)
    CAN1_SCE_IRQHandler                      0x0800011b   Thumb Code     0  startup_stm32f10x_ld.o(.text)
    DMA1_Channel1_IRQHandler                 0x0800011b   Thumb Code     0  startup_stm32f10x_ld.o(.text)
    DMA1_Channel2_IRQHandler                 0x0800011b   Thumb Code     0  startup_stm32f10x_ld.o(.text)
    DMA1_Channel3_IRQHandler                 0x0800011b   Thumb Code     0  startup_stm32f10x_ld.o(.text)
    DMA1_Channel4_IRQHandler                 0x0800011b   Thumb Code     0  startup_stm32f10x_ld.o(.text)
    DMA1_Channel5_IRQHandler                 0x0800011b   Thumb Code     0  startup_stm32f10x_ld.o(.text)
    DMA1_Channel6_IRQHandler                 0x0800011b   Thumb Code     0  startup_stm32f10x_ld.o(.text)
    DMA1_Channel7_IRQHandler                 0x0800011b   Thumb Code     0  startup_stm32f10x_ld.o(.text)
    EXTI0_IRQHandler                         0x0800011b   Thumb Code     0  startup_stm32f10x_ld.o(.text)
    EXTI15_10_IRQHandler                     0x0800011b   Thumb Code     0  startup_stm32f10x_ld.o(.text)
    EXTI1_IRQHandler                         0x0800011b   Thumb Code     0  startup_stm32f10x_ld.o(.text)
    EXTI2_IRQHandler                         0x0800011b   Thumb Code     0  startup_stm32f10x_ld.o(.text)
    EXTI3_IRQHandler                         0x0800011b   Thumb Code     0  startup_stm32f10x_ld.o(.text)
    EXTI4_IRQHandler                         0x0800011b   Thumb Code     0  startup_stm32f10x_ld.o(.text)
    EXTI9_5_IRQHandler                       0x0800011b   Thumb Code     0  startup_stm32f10x_ld.o(.text)
    FLASH_IRQHandler                         0x0800011b   Thumb Code     0  startup_stm32f10x_ld.o(.text)
    I2C1_ER_IRQHandler                       0x0800011b   Thumb Code     0  startup_stm32f10x_ld.o(.text)
    I2C1_EV_IRQHandler                       0x0800011b   Thumb Code     0  startup_stm32f10x_ld.o(.text)
    PVD_IRQHandler                           0x0800011b   Thumb Code     0  startup_stm32f10x_ld.o(.text)
    RCC_IRQHandler                           0x0800011b   Thumb Code     0  startup_stm32f10x_ld.o(.text)
    RTCAlarm_IRQHandler                      0x0800011b   Thumb Code     0  startup_stm32f10x_ld.o(.text)
    RTC_IRQHandler                           0x0800011b   Thumb Code     0  startup_stm32f10x_ld.o(.text)
    SPI1_IRQHandler                          0x0800011b   Thumb Code     0  startup_stm32f10x_ld.o(.text)
    TAMPER_IRQHandler                        0x0800011b   Thumb Code     0  startup_stm32f10x_ld.o(.text)
    TIM1_BRK_IRQHandler                      0x0800011b   Thumb Code     0  startup_stm32f10x_ld.o(.text)
    TIM1_CC_IRQHandler                       0x0800011b   Thumb Code     0  startup_stm32f10x_ld.o(.text)
    TIM1_TRG_COM_IRQHandler                  0x0800011b   Thumb Code     0  startup_stm32f10x_ld.o(.text)
    TIM3_IRQHandler                          0x0800011b   Thumb Code     0  startup_stm32f10x_ld.o(.text)
    USART2_IRQHandler                        0x0800011b   Thumb Code     0  startup_stm32f10x_ld.o(.text)
    USBWakeUp_IRQHandler                     0x0800011b   Thumb Code     0  startup_stm32f10x_ld.o(.text)
    USB_HP_CAN1_TX_IRQHandler                0x0800011b   Thumb Code     0  startup_stm32f10x_ld.o(.text)
    WWDG_IRQHandler                          0x0800011b   Thumb Code     0  startup_stm32f10x_ld.o(.text)
    OS_CPU_SR_Save                           0x08000125   Thumb Code     0  os_cpu_a.o(.text)
    OS_CPU_SR_Restore                        0x0800012d   Thumb Code     0  os_cpu_a.o(.text)
    OSStartHighRdy                           0x08000133   Thumb Code     0  os_cpu_a.o(.text)
    OSCtxSw                                  0x08000155   Thumb Code     0  os_cpu_a.o(.text)
    OSIntCtxSw                               0x08000163   Thumb Code     0  os_cpu_a.o(.text)
    PendSV_Handler                           0x08000173   Thumb Code     0  os_cpu_a.o(.text)
    strlen                                   0x080001d9   Thumb Code    16  strlen.o(.text)
    __aeabi_uidiv                            0x080001e9   Thumb Code     0  uidiv.o(.text)
    __aeabi_uidivmod                         0x080001e9   Thumb Code    44  uidiv.o(.text)
    __scatterload                            0x08000215   Thumb Code    28  init.o(.text)
    __scatterload_rt2                        0x08000215   Thumb Code     0  init.o(.text)
    __decompress                             0x08000239   Thumb Code     0  __dczerorl2.o(.text)
    __decompress1                            0x08000239   Thumb Code    92  __dczerorl2.o(.text)
    BusFault_Handler                         0x08000295   Thumb Code     2  stm32f10x_it.o(i.BusFault_Handler)
    ByteSwap                                 0x08000297   Thumb Code    10  usb_regs.o(i.ByteSwap)
    CTR_LP                                   0x080002a1   Thumb Code   322  usb_int.o(i.CTR_LP)
    ClearDTOG_RX                             0x080003fd   Thumb Code    38  usb_regs.o(i.ClearDTOG_RX)
    ClearDTOG_TX                             0x08000429   Thumb Code    38  usb_regs.o(i.ClearDTOG_TX)
    Clear_Status_Out                         0x08000455   Thumb Code    30  usb_regs.o(i.Clear_Status_Out)
    CustomHID_Data_Setup                     0x08000479   Thumb Code    74  usb_prop.o(i.CustomHID_Data_Setup)
    CustomHID_GetConfigDescriptor            0x080004d5   Thumb Code     6  usb_prop.o(i.CustomHID_GetConfigDescriptor)
    CustomHID_GetDeviceDescriptor            0x080004e1   Thumb Code     6  usb_prop.o(i.CustomHID_GetDeviceDescriptor)
    CustomHID_GetHIDDescriptor               0x080004ed   Thumb Code     6  usb_prop.o(i.CustomHID_GetHIDDescriptor)
    CustomHID_GetProtocolValue               0x080004f9   Thumb Code    18  usb_prop.o(i.CustomHID_GetProtocolValue)
    CustomHID_GetReportDescriptor            0x08000515   Thumb Code     4  usb_prop.o(i.CustomHID_GetReportDescriptor)
    CustomHID_GetStringDescriptor            0x08000519   Thumb Code    24  usb_prop.o(i.CustomHID_GetStringDescriptor)
    CustomHID_Get_Interface_Setting          0x08000539   Thumb Code    10  usb_prop.o(i.CustomHID_Get_Interface_Setting)
    CustomHID_NoData_Setup                   0x08000545   Thumb Code    26  usb_prop.o(i.CustomHID_NoData_Setup)
    CustomHID_Reset                          0x08000565   Thumb Code   202  usb_prop.o(i.CustomHID_Reset)
    CustomHID_SetConfiguration               0x08000641   Thumb Code    16  usb_prop.o(i.CustomHID_SetConfiguration)
    CustomHID_SetDeviceAddress               0x08000659   Thumb Code     8  usb_prop.o(i.CustomHID_SetDeviceAddress)
    CustomHID_SetProtocol                    0x08000665   Thumb Code    14  usb_prop.o(i.CustomHID_SetProtocol)
    CustomHID_Status_In                      0x0800067d   Thumb Code     2  usb_prop.o(i.CustomHID_Status_In)
    CustomHID_Status_Out                     0x0800067f   Thumb Code     2  usb_prop.o(i.CustomHID_Status_Out)
    CustomHID_init                           0x08000681   Thumb Code    28  usb_prop.o(i.CustomHID_init)
    DebugMon_Handler                         0x080009a5   Thumb Code     2  stm32f10x_it.o(i.DebugMon_Handler)
    EP1_IN_Callback                          0x080009a7   Thumb Code     2  usb_endp.o(i.EP1_IN_Callback)
    EP1_OUT_Callback                         0x080009a9   Thumb Code    48  usb_endp.o(i.EP1_OUT_Callback)
    EP2_IN_Callback                          0x080009e5   Thumb Code     2  usb_endp.o(i.EP2_IN_Callback)
    EP2_OUT_Callback                         0x080009e9   Thumb Code    40  usb_endp.o(i.EP2_OUT_Callback)
    Enter_LowPowerMode                       0x08000a19   Thumb Code     2  hw_config.o(i.Enter_LowPowerMode)
    GPIO_Init                                0x08000a1b   Thumb Code   156  stm32f10x_gpio.o(i.GPIO_Init)
    GPIO_PinRemapConfig                      0x08000ab9   Thumb Code    82  stm32f10x_gpio.o(i.GPIO_PinRemapConfig)
    GPIO_ReadInputDataBit                    0x08000b11   Thumb Code    14  stm32f10x_gpio.o(i.GPIO_ReadInputDataBit)
    GPIO_ResetBits                           0x08000b1f   Thumb Code     4  stm32f10x_gpio.o(i.GPIO_ResetBits)
    GPIO_SetBits                             0x08000b23   Thumb Code     4  stm32f10x_gpio.o(i.GPIO_SetBits)
    GetEPRxAddr                              0x08000b29   Thumb Code    22  usb_regs.o(i.GetEPRxAddr)
    GetEPRxCount                             0x08000b49   Thumb Code    24  usb_regs.o(i.GetEPRxCount)
    GetEPTxAddr                              0x08000b69   Thumb Code    20  usb_regs.o(i.GetEPTxAddr)
    Get_SerialNum                            0x08000b85   Thumb Code    40  hw_config.o(i.Get_SerialNum)
    HardFault_Handler                        0x08000bb5   Thumb Code     2  stm32f10x_it.o(i.HardFault_Handler)
    In0_Process                              0x08000bb9   Thumb Code    80  usb_core.o(i.In0_Process)
    LED_Init                                 0x08000c4d   Thumb Code    82  main.o(i.LED_Init)
    Leave_LowPowerMode                       0x08000cb1   Thumb Code     2  hw_config.o(i.Leave_LowPowerMode)
    MemManage_Handler                        0x08000cb3   Thumb Code     2  stm32f10x_it.o(i.MemManage_Handler)
    NMI_Handler                              0x08000cb5   Thumb Code     2  stm32f10x_it.o(i.NMI_Handler)
    NOP_Process                              0x08000cb7   Thumb Code     2  usb_core.o(i.NOP_Process)
    NVIC_Configuration                       0x08000cb9   Thumb Code     8  sys.o(i.NVIC_Configuration)
    NVIC_Init                                0x08000cc1   Thumb Code    92  misc.o(i.NVIC_Init)
    NVIC_PriorityGroupConfig                 0x08000d1d   Thumb Code    10  misc.o(i.NVIC_PriorityGroupConfig)
    OSInit                                   0x08000e09   Thumb Code   224  os_core.o(i.OSInit)
    OSInitHookBegin                          0x08000f1d   Thumb Code     2  os_cpu_c.o(i.OSInitHookBegin)
    OSInitHookEnd                            0x08000f1f   Thumb Code     2  os_cpu_c.o(i.OSInitHookEnd)
    OSIntEnter                               0x08000f21   Thumb Code    20  os_core.o(i.OSIntEnter)
    OSIntExit                                0x08000f39   Thumb Code    82  os_core.o(i.OSIntExit)
    OSMboxCreate                             0x08000f95   Thumb Code    54  os_mbox.o(i.OSMboxCreate)
    OSMboxPend                               0x08000fd5   Thumb Code   192  os_mbox.o(i.OSMboxPend)
    OSMboxPost                               0x080010a1   Thumb Code    76  os_mbox.o(i.OSMboxPost)
    OSQCreate                                0x080010ed   Thumb Code   110  os_q.o(i.OSQCreate)
    OSQPend                                  0x08001169   Thumb Code   206  os_q.o(i.OSQPend)
    OSQPost                                  0x08001245   Thumb Code   106  os_q.o(i.OSQPost)
    OSStart                                  0x080012b1   Thumb Code    38  os_core.o(i.OSStart)
    OSStatInit                               0x080012e1   Thumb Code    48  os_core.o(i.OSStatInit)
    OSTCBInitHook                            0x08001315   Thumb Code     2  os_cpu_c.o(i.OSTCBInitHook)
    OSTaskCreate                             0x08001319   Thumb Code   124  os_task.o(i.OSTaskCreate)
    OSTaskCreateExt                          0x080013a1   Thumb Code   146  os_task.o(i.OSTaskCreateExt)
    OSTaskCreateHook                         0x08001441   Thumb Code     2  os_cpu_c.o(i.OSTaskCreateHook)
    OSTaskIdleHook                           0x08001443   Thumb Code     2  os_cpu_c.o(i.OSTaskIdleHook)
    OSTaskNameSet                            0x08001445   Thumb Code    70  os_task.o(i.OSTaskNameSet)
    OSTaskStatHook                           0x08001499   Thumb Code     2  os_cpu_c.o(i.OSTaskStatHook)
    OSTaskStkChk                             0x0800149d   Thumb Code   100  os_task.o(i.OSTaskStkChk)
    OSTaskStkInit                            0x08001509   Thumb Code   104  os_cpu_c.o(i.OSTaskStkInit)
    OSTaskSuspend                            0x08001571   Thumb Code   136  os_task.o(i.OSTaskSuspend)
    OSTaskSwHook                             0x08001609   Thumb Code     2  os_cpu_c.o(i.OSTaskSwHook)
    OSTimeDly                                0x0800160d   Thumb Code    88  os_time.o(i.OSTimeDly)
    OSTimeTick                               0x08001679   Thumb Code   164  os_core.o(i.OSTimeTick)
    OSTimeTickHook                           0x08001721   Thumb Code     2  os_cpu_c.o(i.OSTimeTickHook)
    OS_EventTaskRdy                          0x08001725   Thumb Code    98  os_core.o(i.OS_EventTaskRdy)
    OS_EventTaskRemove                       0x08001795   Thumb Code    36  os_core.o(i.OS_EventTaskRemove)
    OS_EventTaskWait                         0x080017b9   Thumb Code    80  os_core.o(i.OS_EventTaskWait)
    OS_EventWaitListInit                     0x0800180d   Thumb Code    20  os_core.o(i.OS_EventWaitListInit)
    OS_FlagInit                              0x08001821   Thumb Code    62  os_flag.o(i.OS_FlagInit)
    OS_MemClr                                0x080018dd   Thumb Code    18  os_core.o(i.OS_MemClr)
    OS_QInit                                 0x080018f1   Thumb Code    58  os_q.o(i.OS_QInit)
    OS_Sched                                 0x08001935   Thumb Code    64  os_core.o(i.OS_Sched)
    OS_TCBInit                               0x0800199d   Thumb Code   238  os_core.o(i.OS_TCBInit)
    OS_TaskIdle                              0x08001a99   Thumb Code    22  os_core.o(i.OS_TaskIdle)
    OS_TaskStat                              0x08001ab5   Thumb Code    82  os_core.o(i.OS_TaskStat)
    OS_TaskStatStkChk                        0x08001b0d   Thumb Code    50  os_core.o(i.OS_TaskStatStkChk)
    OS_TaskStkClr                            0x08001b45   Thumb Code    22  os_task.o(i.OS_TaskStkClr)
    Out0_Process                             0x08001b5d   Thumb Code    62  usb_core.o(i.Out0_Process)
    PMAToUserBufferCopy                      0x08001ba5   Thumb Code    24  usb_mem.o(i.PMAToUserBufferCopy)
    Post0_Process                            0x08001bc1   Thumb Code    46  usb_core.o(i.Post0_Process)
    PowerOn                                  0x08001c01   Thumb Code    38  usb_pwr.o(i.PowerOn)
    RCC_APB1PeriphClockCmd                   0x08001c31   Thumb Code    18  stm32f10x_rcc.o(i.RCC_APB1PeriphClockCmd)
    RCC_APB1PeriphResetCmd                   0x08001c49   Thumb Code    18  stm32f10x_rcc.o(i.RCC_APB1PeriphResetCmd)
    RCC_APB2PeriphClockCmd                   0x08001c61   Thumb Code    18  stm32f10x_rcc.o(i.RCC_APB2PeriphClockCmd)
    RCC_APB2PeriphResetCmd                   0x08001c79   Thumb Code    18  stm32f10x_rcc.o(i.RCC_APB2PeriphResetCmd)
    RCC_GetClocksFreq                        0x08001c91   Thumb Code   134  stm32f10x_rcc.o(i.RCC_GetClocksFreq)
    RCC_GetSYSCLKSource                      0x08001d29   Thumb Code    10  stm32f10x_rcc.o(i.RCC_GetSYSCLKSource)
    RCC_USBCLKConfig                         0x08001d39   Thumb Code     6  stm32f10x_rcc.o(i.RCC_USBCLKConfig)
    Resume                                   0x08001d45   Thumb Code   124  usb_pwr.o(i.Resume)
    Resume_Init                              0x08001dc9   Thumb Code    26  usb_pwr.o(i.Resume_Init)
    SVC_Handler                              0x08001de9   Thumb Code     2  stm32f10x_it.o(i.SVC_Handler)
    SetBTABLE                                0x08001ded   Thumb Code    10  usb_regs.o(i.SetBTABLE)
    SetDeviceAddress                         0x08001dfd   Thumb Code    60  usb_core.o(i.SetDeviceAddress)
    SetEPRxAddr                              0x08001e41   Thumb Code    24  usb_regs.o(i.SetEPRxAddr)
    SetEPRxCount                             0x08001e61   Thumb Code    56  usb_regs.o(i.SetEPRxCount)
    SetEPRxStatus                            0x08001ea1   Thumb Code    48  usb_regs.o(i.SetEPRxStatus)
    SetEPRxValid                             0x08001ed5   Thumb Code    34  usb_regs.o(i.SetEPRxValid)
    SetEPTxAddr                              0x08001efd   Thumb Code    22  usb_regs.o(i.SetEPTxAddr)
    SetEPTxCount                             0x08001f1d   Thumb Code    20  usb_regs.o(i.SetEPTxCount)
    SetEPTxStatus                            0x08001f39   Thumb Code    48  usb_regs.o(i.SetEPTxStatus)
    SetEPTxValid                             0x08001f6d   Thumb Code    34  usb_regs.o(i.SetEPTxValid)
    SetEPType                                0x08001f95   Thumb Code    26  usb_regs.o(i.SetEPType)
    Set_USBClock                             0x08002049   Thumb Code    20  hw_config.o(i.Set_USBClock)
    Setup0_Process                           0x0800205d   Thumb Code    98  usb_core.o(i.Setup0_Process)
    Standard_ClearFeature                    0x080020cd   Thumb Code   234  usb_core.o(i.Standard_ClearFeature)
    Standard_GetConfiguration                0x080021cd   Thumb Code    30  usb_core.o(i.Standard_GetConfiguration)
    Standard_GetDescriptorData               0x080021f5   Thumb Code    24  usb_core.o(i.Standard_GetDescriptorData)
    Standard_GetInterface                    0x08002211   Thumb Code    30  usb_core.o(i.Standard_GetInterface)
    Standard_GetStatus                       0x08002239   Thumb Code   132  usb_core.o(i.Standard_GetStatus)
    Standard_SetConfiguration                0x080022cd   Thumb Code    42  usb_core.o(i.Standard_SetConfiguration)
    Standard_SetDeviceFeature                0x08002305   Thumb Code    26  usb_core.o(i.Standard_SetDeviceFeature)
    Standard_SetEndPointFeature              0x08002329   Thumb Code   122  usb_core.o(i.Standard_SetEndPointFeature)
    Standard_SetInterface                    0x080023b5   Thumb Code    60  usb_core.o(i.Standard_SetInterface)
    Suspend                                  0x080023fd   Thumb Code    26  usb_pwr.o(i.Suspend)
    SysTick_CLKSourceConfig                  0x0800241d   Thumb Code    24  misc.o(i.SysTick_CLKSourceConfig)
    SysTick_Handler                          0x08002435   Thumb Code    18  delay.o(i.SysTick_Handler)
    SystemInit                               0x08002449   Thumb Code    64  system_stm32f10x.o(i.SystemInit)
    TIM1_UP_IRQHandler                       0x08002499   Thumb Code   492  drivermotor.o(i.TIM1_UP_IRQHandler)
    TIM2_IRQHandler                          0x080026f9   Thumb Code   206  drivermotor.o(i.TIM2_IRQHandler)
    TIM_ClearFlag                            0x08002801   Thumb Code     6  stm32f10x_tim.o(i.TIM_ClearFlag)
    TIM_Cmd                                  0x08002807   Thumb Code    20  stm32f10x_tim.o(i.TIM_Cmd)
    TIM_DeInit                               0x0800281d   Thumb Code   304  stm32f10x_tim.o(i.TIM_DeInit)
    TIM_ITConfig                             0x0800298d   Thumb Code    16  stm32f10x_tim.o(i.TIM_ITConfig)
    TIM_TimeBaseInit                         0x0800299d   Thumb Code   114  stm32f10x_tim.o(i.TIM_TimeBaseInit)
    USART1_IRQHandler                        0x08002a39   Thumb Code    34  usart.o(i.USART1_IRQHandler)
    USART_ClearFlag                          0x08002a61   Thumb Code     6  stm32f10x_usart.o(i.USART_ClearFlag)
    USART_Cmd                                0x08002a67   Thumb Code    20  stm32f10x_usart.o(i.USART_Cmd)
    USART_GetFlagStatus                      0x08002a7b   Thumb Code    14  stm32f10x_usart.o(i.USART_GetFlagStatus)
    USART_GetITStatus                        0x08002a89   Thumb Code    62  stm32f10x_usart.o(i.USART_GetITStatus)
    USART_ITConfig                           0x08002ac7   Thumb Code    48  stm32f10x_usart.o(i.USART_ITConfig)
    USART_Init                               0x08002af9   Thumb Code   176  stm32f10x_usart.o(i.USART_Init)
    USART_ReceiveData                        0x08002bad   Thumb Code     8  stm32f10x_usart.o(i.USART_ReceiveData)
    USART_SendData                           0x08002bb5   Thumb Code     8  stm32f10x_usart.o(i.USART_SendData)
    USB_Cable_Config                         0x08002bbd   Thumb Code    20  hw_config.o(i.USB_Cable_Config)
    USB_GetData                              0x08002bd5   Thumb Code    30  usbio.o(i.USB_GetData)
    USB_Init                                 0x08002bf9   Thumb Code    22  usb_init.o(i.USB_Init)
    USB_Interrupts_Config                    0x08002c21   Thumb Code    32  hw_config.o(i.USB_Interrupts_Config)
    USB_Istr                                 0x08002c41   Thumb Code   182  usb_istr.o(i.USB_Istr)
    USB_LP_CAN1_RX0_IRQHandler               0x08002d0d   Thumb Code     4  stm32f10x_it.o(i.USB_LP_CAN1_RX0_IRQHandler)
    USB_SIL_Init                             0x08002d11   Thumb Code    22  usb_sil.o(i.USB_SIL_Init)
    USB_SendData                             0x08002d31   Thumb Code    46  usbio.o(i.USB_SendData)
    UsageFault_Handler                       0x08002d5f   Thumb Code     2  stm32f10x_it.o(i.UsageFault_Handler)
    UserToPMABufferCopy                      0x08002d61   Thumb Code    34  usb_mem.o(i.UserToPMABufferCopy)
    __0sprintf$1                             0x08002d89   Thumb Code    34  printf1.o(i.__0sprintf$1)
    __1sprintf$1                             0x08002d89   Thumb Code     0  printf1.o(i.__0sprintf$1)
    __2sprintf                               0x08002d89   Thumb Code     0  printf1.o(i.__0sprintf$1)
    __scatterload_copy                       0x08002db1   Thumb Code    14  handlers.o(i.__scatterload_copy)
    __scatterload_null                       0x08002dbf   Thumb Code     2  handlers.o(i.__scatterload_null)
    __scatterload_zeroinit                   0x08002dc1   Thumb Code    14  handlers.o(i.__scatterload_zeroinit)
    calc_crc                                 0x08002f2f   Thumb Code    50  main.o(i.calc_crc)
    check_go                                 0x08002f61   Thumb Code   186  switch_ops.o(i.check_go)
    check_go_task                            0x08003039   Thumb Code    20  main.o(i.check_go_task)
    close_switch                             0x08003051   Thumb Code   112  switch_ops.o(i.close_switch)
    delay_init                               0x080030d1   Thumb Code    58  delay.o(i.delay_init)
    delay_ms                                 0x08003119   Thumb Code    52  delay.o(i.delay_ms)
    delay_us                                 0x08003155   Thumb Code    46  delay.o(i.delay_us)
    driver_motor                             0x08003189   Thumb Code    46  drivermotor.o(i.driver_motor)
    driver_motor_jbb                         0x080031b9   Thumb Code   210  drivermotor.o(i.driver_motor_jbb)
    driver_motor_xyb_sx                      0x08003299   Thumb Code   236  drivermotor.o(i.driver_motor_xyb_sx)
    driver_motor_ybp                         0x080033a5   Thumb Code   154  drivermotor.o(i.driver_motor_ybp)
    get_all_go_status                        0x08003449   Thumb Code   210  switch_ops.o(i.get_all_go_status)
    get_feiye_fuzi_status                    0x08003535   Thumb Code     8  switch_ops.o(i.get_feiye_fuzi_status)
    get_go_status                            0x08003541   Thumb Code   220  switch_ops.o(i.get_go_status)
    get_input_status                         0x08003635   Thumb Code    30  switch_ops.o(i.get_input_status)
    get_motor_status                         0x08003655   Thumb Code    48  drivermotor.o(i.get_motor_status)
    get_qingxiye_fuzi_status                 0x08003689   Thumb Code     8  switch_ops.o(i.get_qingxiye_fuzi_status)
    get_xishiye_fuzi_status                  0x08003695   Thumb Code     8  switch_ops.o(i.get_xishiye_fuzi_status)
    heartbeat_led_task                       0x080036a1   Thumb Code    32  main.o(i.heartbeat_led_task)
    init_motor_status                        0x080036c5   Thumb Code    18  drivermotor.o(i.init_motor_status)
    init_switch                              0x080036dd   Thumb Code   488  switch_ops.o(i.init_switch)
    main                                     0x080038e1   Thumb Code   242  main.o(i.main)
    motor1_init_time1                        0x08003acd   Thumb Code   116  drivermotor.o(i.motor1_init_time1)
    motor3_init_time2                        0x08003b5d   Thumb Code   118  drivermotor.o(i.motor3_init_time2)
    open_switch                              0x08003bed   Thumb Code   112  switch_ops.o(i.open_switch)
    rs232_log_task                           0x08003c6d   Thumb Code    42  main.o(i.rs232_log_task)
    start_task                               0x08003c9d   Thumb Code    76  main.o(i.start_task)
    uart1_init                               0x08003d09   Thumb Code   152  usart.o(i.uart1_init)
    uart1_send                               0x08003da9   Thumb Code    44  usart.o(i.uart1_send)
    uart1_send_                              0x08003df9   Thumb Code    92  usart.o(i.uart1_send_)
    usb_int_function                         0x08003e5d   Thumb Code   398  main.o(i.usb_int_function)
    usb_task                                 0x08004179   Thumb Code    28  main.o(i.usb_task)
    CustomHID_DeviceDescriptor               0x0800419c   Data          18  usb_desc.o(.constdata)
    CustomHID_ConfigDescriptor               0x080041ae   Data          46  usb_desc.o(.constdata)
    CustomHID_StringLangID                   0x080041dc   Data           4  usb_desc.o(.constdata)
    CustomHID_StringVendor                   0x080041e0   Data          20  usb_desc.o(.constdata)
    CustomHID_StringProduct                  0x080041f4   Data          26  usb_desc.o(.constdata)
    OSUnMapTbl                               0x0800420e   Data         256  os_core.o(.constdata)
    Region$$Table$$Base                      0x08004310   Number         0  anon$$obj.o(Region$$Table)
    Region$$Table$$Limit                     0x08004330   Number         0  anon$$obj.o(Region$$Table)
    SystemCoreClock                          0x20000000   Data           4  system_stm32f10x.o(.data)
    AHBPrescTable                            0x20000004   Data          16  system_stm32f10x.o(.data)
    Data_Mul_MaxPacketSize                   0x20000028   Data           1  usb_core.o(.data)
    StatusInfo                               0x2000002a   Data           2  usb_core.o(.data)
    EPindex                                  0x2000002c   Data           1  usb_init.o(.data)
    pInformation                             0x20000030   Data           4  usb_init.o(.data)
    pProperty                                0x20000034   Data           4  usb_init.o(.data)
    pUser_Standard_Requests                  0x20000038   Data           4  usb_init.o(.data)
    wInterrupt_Mask                          0x2000003c   Data           2  usb_init.o(.data)
    SaveRState                               0x2000003e   Data           2  usb_int.o(.data)
    SaveTState                               0x20000040   Data           2  usb_int.o(.data)
    CustomHID_StringSerial                   0x20000042   Data          26  usb_desc.o(.data)
    EP1_ReceivedCount                        0x2000005c   Data           4  usb_endp.o(.data)
    EP2_ReceivedCount                        0x20000060   Data           4  usb_endp.o(.data)
    bIntPackSOF                              0x20000064   Data           1  usb_istr.o(.data)
    wIstr                                    0x20000066   Data           2  usb_istr.o(.data)
    pEpInt_IN                                0x20000068   Data          28  usb_istr.o(.data)
    pEpInt_OUT                               0x20000084   Data          28  usb_istr.o(.data)
    Device_Table                             0x200000a0   Data           2  usb_prop.o(.data)
    ProtocolValue                            0x200000a4   Data           4  usb_prop.o(.data)
    Device_Descriptor                        0x200000a8   Data           8  usb_prop.o(.data)
    Config_Descriptor                        0x200000b0   Data           8  usb_prop.o(.data)
    CustomHID_Descriptor                     0x200000b8   Data           8  usb_prop.o(.data)
    Device_Property                          0x200000c0   Data          48  usb_prop.o(.data)
    String_Descriptor                        0x200000f0   Data          32  usb_prop.o(.data)
    User_Standard_Requests                   0x20000110   Data          36  usb_prop.o(.data)
    bDeviceState                             0x20000134   Data           4  usb_pwr.o(.data)
    fSuspendEnabled                          0x20000138   Data           1  usb_pwr.o(.data)
    ResumeS                                  0x20000139   Data           2  usb_pwr.o(.data)
    g_dev_major                              0x2000013c   Data           1  main.o(.data)
    g_dev_minor                              0x2000013d   Data           1  main.o(.data)
    debug_mode                               0x2000013e   Data           1  main.o(.data)
    start_check_go                           0x2000013f   Data           1  main.o(.data)
    g_go_type                                0x20000140   Data           1  main.o(.data)
    RS232LogQ                                0x20000144   Data           4  main.o(.data)
    USBMBox                                  0x20000148   Data           4  main.o(.data)
    OSCPUUsage                               0x2000014c   Data           1  os_core.o(.data)
    OSStatRdy                                0x2000014d   Data           1  os_core.o(.data)
    OSIntNesting                             0x2000014e   Data           1  os_core.o(.data)
    OSLockNesting                            0x2000014f   Data           1  os_core.o(.data)
    OSPrioCur                                0x20000150   Data           1  os_core.o(.data)
    OSPrioHighRdy                            0x20000151   Data           1  os_core.o(.data)
    OSRdyGrp                                 0x20000152   Data           1  os_core.o(.data)
    OSRunning                                0x20000153   Data           1  os_core.o(.data)
    OSTaskCtr                                0x20000154   Data           1  os_core.o(.data)
    OSTickStepState                          0x20000155   Data           1  os_core.o(.data)
    OSCtxSwCtr                               0x20000158   Data           4  os_core.o(.data)
    OSEventFreeList                          0x2000015c   Data           4  os_core.o(.data)
    OSIdleCtrMax                             0x20000160   Data           4  os_core.o(.data)
    OSIdleCtrRun                             0x20000164   Data           4  os_core.o(.data)
    OSIdleCtr                                0x20000168   Data           4  os_core.o(.data)
    OSTCBCur                                 0x2000016c   Data           4  os_core.o(.data)
    OSTCBFreeList                            0x20000170   Data           4  os_core.o(.data)
    OSTCBHighRdy                             0x20000174   Data           4  os_core.o(.data)
    OSTCBList                                0x20000178   Data           4  os_core.o(.data)
    OSTime                                   0x2000017c   Data           4  os_core.o(.data)
    OSRdyTbl                                 0x20000180   Data           8  os_core.o(.data)
    OSFlagFreeList                           0x20000188   Data           4  os_core.o(.data)
    OSQFreeList                              0x2000018c   Data           4  os_core.o(.data)
    Device_Info                              0x20000194   Data          28  usb_init.o(.bss)
    USB_Receive_Buffer                       0x200001b0   Data         256  usb_endp.o(.bss)
    debug_msg                                0x200002b0   Data         128  main.o(.bss)
    RS232LogMsg                              0x20000330   Data         128  main.o(.bss)
    START_TASK_STK                           0x200003b0   Data         512  main.o(.bss)
    HEARTBEAT_LED_TASK_STK                   0x200005b0   Data         512  main.o(.bss)
    RS232_LOG_TASK_STK                       0x200007b0   Data         512  main.o(.bss)
    USB_TASK_STK                             0x200009b0   Data         512  main.o(.bss)
    CHECK_GO_TASK_STK                        0x20000bb0   Data         512  main.o(.bss)
    time1_motor1_2_info                      0x20000db0   Data          20  drivermotor.o(.bss)
    time2_motor3_4_info                      0x20000dc4   Data          20  drivermotor.o(.bss)
    motor_status                             0x20000dd8   Data          11  drivermotor.o(.bss)
    OSEventTbl                               0x20000de4   Data         200  os_core.o(.bss)
    OSTaskStatStk                            0x20000eac   Data         512  os_core.o(.bss)
    OSTaskIdleStk                            0x200010ac   Data         512  os_core.o(.bss)
    OSTCBPrioTbl                             0x200012ac   Data         256  os_core.o(.bss)
    OSTCBTbl                                 0x200013ac   Data        1008  os_core.o(.bss)
    OSFlagTbl                                0x2000179c   Data          80  os_core.o(.bss)
    OSQTbl                                   0x200017ec   Data         144  os_core.o(.bss)
    __initial_sp                             0x20001c80   Data           0  startup_stm32f10x_ld.o(STACK)



==============================================================================

Memory Map of the image

  Image Entry point : 0x080000ed

  Load Region LR_IROM1 (Base: 0x08000000, Size: 0x000044c4, Max: 0x00080000, ABSOLUTE, COMPRESSED[0x000043c4])

    Execution Region ER_IROM1 (Base: 0x08000000, Size: 0x00004330, Max: 0x00080000, ABSOLUTE)

    Base Addr    Size         Type   Attr      Idx    E Section Name        Object

    0x08000000   0x000000ec   Data   RO            3    RESET               startup_stm32f10x_ld.o
    0x080000ec   0x00000000   Code   RO         5249  * .ARM.Collect$$$$00000000  mc_w.l(entry.o)(mc_w.l)
    0x080000ec   0x00000004   Code   RO         5515    .ARM.Collect$$$$00000001  mc_w.l(entry2.o)(mc_w.l)
    0x080000f0   0x00000004   Code   RO         5518    .ARM.Collect$$$$00000004  mc_w.l(entry5.o)(mc_w.l)
    0x080000f4   0x00000008   Code   RO         5519    .ARM.Collect$$$$00000007  mc_w.l(entry7.o)(mc_w.l)
    0x080000fc   0x00000004   Code   RO         5516    .ARM.Collect$$$$00002712  mc_w.l(entry2.o)(mc_w.l)
    0x08000100   0x00000024   Code   RO            4    .text               startup_stm32f10x_ld.o
    0x08000124   0x000000b4   Code   RO         5202    .text               os_cpu_a.o
    0x080001d8   0x00000010   Code   RO         5252    .text               mc_w.l(strlen.o)(mc_w.l)
    0x080001e8   0x0000002c   Code   RO         5520    .text               mc_w.l(uidiv.o)(mc_w.l)
    0x08000214   0x00000024   Code   RO         5535    .text               mc_w.l(init.o)(mc_w.l)
    0x08000238   0x0000005c   Code   RO         5553    .text               mc_w.l(__dczerorl2.o)(mc_w.l)
    0x08000294   0x00000002   Code   RO         4157    i.BusFault_Handler  stm32f10x_it.o
    0x08000296   0x0000000a   Code   RO         3311    i.ByteSwap          usb_regs.o
    0x080002a0   0x0000015c   Code   RO         3264    i.CTR_LP            usb_int.o
    0x080003fc   0x0000002c   Code   RO         3312    i.ClearDTOG_RX      usb_regs.o
    0x08000428   0x0000002c   Code   RO         3313    i.ClearDTOG_TX      usb_regs.o
    0x08000454   0x00000024   Code   RO         3318    i.Clear_Status_Out  usb_regs.o
    0x08000478   0x0000005c   Code   RO         3885    i.CustomHID_Data_Setup  usb_prop.o
    0x080004d4   0x0000000c   Code   RO         3886    i.CustomHID_GetConfigDescriptor  usb_prop.o
    0x080004e0   0x0000000c   Code   RO         3887    i.CustomHID_GetDeviceDescriptor  usb_prop.o
    0x080004ec   0x0000000c   Code   RO         3888    i.CustomHID_GetHIDDescriptor  usb_prop.o
    0x080004f8   0x0000001c   Code   RO         3889    i.CustomHID_GetProtocolValue  usb_prop.o
    0x08000514   0x00000004   Code   RO         3890    i.CustomHID_GetReportDescriptor  usb_prop.o
    0x08000518   0x00000020   Code   RO         3891    i.CustomHID_GetStringDescriptor  usb_prop.o
    0x08000538   0x0000000a   Code   RO         3892    i.CustomHID_Get_Interface_Setting  usb_prop.o
    0x08000542   0x00000002   PAD
    0x08000544   0x00000020   Code   RO         3893    i.CustomHID_NoData_Setup  usb_prop.o
    0x08000564   0x000000dc   Code   RO         3894    i.CustomHID_Reset   usb_prop.o
    0x08000640   0x00000018   Code   RO         3895    i.CustomHID_SetConfiguration  usb_prop.o
    0x08000658   0x0000000c   Code   RO         3896    i.CustomHID_SetDeviceAddress  usb_prop.o
    0x08000664   0x00000018   Code   RO         3897    i.CustomHID_SetProtocol  usb_prop.o
    0x0800067c   0x00000002   Code   RO         3898    i.CustomHID_Status_In  usb_prop.o
    0x0800067e   0x00000002   Code   RO         3899    i.CustomHID_Status_Out  usb_prop.o
    0x08000680   0x00000024   Code   RO         3900    i.CustomHID_init    usb_prop.o
    0x080006a4   0x000000bc   Code   RO         3085    i.DataStageIn       usb_core.o
    0x08000760   0x000000a8   Code   RO         3086    i.DataStageOut      usb_core.o
    0x08000808   0x0000019c   Code   RO         3087    i.Data_Setup0       usb_core.o
    0x080009a4   0x00000002   Code   RO         4158    i.DebugMon_Handler  stm32f10x_it.o
    0x080009a6   0x00000002   Code   RO         3789    i.EP1_IN_Callback   usb_endp.o
    0x080009a8   0x0000003c   Code   RO         3790    i.EP1_OUT_Callback  usb_endp.o
    0x080009e4   0x00000002   Code   RO         3791    i.EP2_IN_Callback   usb_endp.o
    0x080009e6   0x00000002   PAD
    0x080009e8   0x00000030   Code   RO         3792    i.EP2_OUT_Callback  usb_endp.o
    0x08000a18   0x00000002   Code   RO         3695    i.Enter_LowPowerMode  hw_config.o
    0x08000a1a   0x0000009c   Code   RO         1285    i.GPIO_Init         stm32f10x_gpio.o
    0x08000ab6   0x00000002   PAD
    0x08000ab8   0x00000058   Code   RO         1287    i.GPIO_PinRemapConfig  stm32f10x_gpio.o
    0x08000b10   0x0000000e   Code   RO         1289    i.GPIO_ReadInputDataBit  stm32f10x_gpio.o
    0x08000b1e   0x00000004   Code   RO         1292    i.GPIO_ResetBits    stm32f10x_gpio.o
    0x08000b22   0x00000004   Code   RO         1293    i.GPIO_SetBits      stm32f10x_gpio.o
    0x08000b26   0x00000002   PAD
    0x08000b28   0x00000020   Code   RO         3330    i.GetEPRxAddr       usb_regs.o
    0x08000b48   0x00000020   Code   RO         3331    i.GetEPRxCount      usb_regs.o
    0x08000b68   0x0000001c   Code   RO         3333    i.GetEPTxAddr       usb_regs.o
    0x08000b84   0x00000030   Code   RO         3697    i.Get_SerialNum     hw_config.o
    0x08000bb4   0x00000002   Code   RO         4159    i.HardFault_Handler  stm32f10x_it.o
    0x08000bb6   0x00000002   PAD
    0x08000bb8   0x0000005c   Code   RO         3088    i.In0_Process       usb_core.o
    0x08000c14   0x00000036   Code   RO         3698    i.IntToUnicode      hw_config.o
    0x08000c4a   0x00000002   PAD
    0x08000c4c   0x00000064   Code   RO         4069    i.LED_Init          main.o
    0x08000cb0   0x00000002   Code   RO         3699    i.Leave_LowPowerMode  hw_config.o
    0x08000cb2   0x00000002   Code   RO         4160    i.MemManage_Handler  stm32f10x_it.o
    0x08000cb4   0x00000002   Code   RO         4161    i.NMI_Handler       stm32f10x_it.o
    0x08000cb6   0x00000002   Code   RO         3089    i.NOP_Process       usb_core.o
    0x08000cb8   0x00000008   Code   RO         5237    i.NVIC_Configuration  sys.o
    0x08000cc0   0x0000005c   Code   RO          132    i.NVIC_Init         misc.o
    0x08000d1c   0x00000014   Code   RO          133    i.NVIC_PriorityGroupConfig  misc.o
    0x08000d30   0x000000d8   Code   RO         3090    i.NoData_Setup0     usb_core.o
    0x08000e08   0x00000114   Code   RO         4589    i.OSInit            os_core.o
    0x08000f1c   0x00000002   Code   RO         4498    i.OSInitHookBegin   os_cpu_c.o
    0x08000f1e   0x00000002   Code   RO         4499    i.OSInitHookEnd     os_cpu_c.o
    0x08000f20   0x00000018   Code   RO         4590    i.OSIntEnter        os_core.o
    0x08000f38   0x0000005c   Code   RO         4591    i.OSIntExit         os_core.o
    0x08000f94   0x00000040   Code   RO         4832    i.OSMboxCreate      os_mbox.o
    0x08000fd4   0x000000cc   Code   RO         4834    i.OSMboxPend        os_mbox.o
    0x080010a0   0x0000004c   Code   RO         4836    i.OSMboxPost        os_mbox.o
    0x080010ec   0x0000007c   Code   RO         4939    i.OSQCreate         os_q.o
    0x08001168   0x000000dc   Code   RO         4942    i.OSQPend           os_q.o
    0x08001244   0x0000006a   Code   RO         4944    i.OSQPost           os_q.o
    0x080012ae   0x00000002   PAD
    0x080012b0   0x00000030   Code   RO         4594    i.OSStart           os_core.o
    0x080012e0   0x00000034   Code   RO         4595    i.OSStatInit        os_core.o
    0x08001314   0x00000002   Code   RO         4500    i.OSTCBInitHook     os_cpu_c.o
    0x08001316   0x00000002   PAD
    0x08001318   0x00000088   Code   RO         5065    i.OSTaskCreate      os_task.o
    0x080013a0   0x000000a0   Code   RO         5066    i.OSTaskCreateExt   os_task.o
    0x08001440   0x00000002   Code   RO         4501    i.OSTaskCreateHook  os_cpu_c.o
    0x08001442   0x00000002   Code   RO         4503    i.OSTaskIdleHook    os_cpu_c.o
    0x08001444   0x00000054   Code   RO         5070    i.OSTaskNameSet     os_task.o
    0x08001498   0x00000002   Code   RO         4505    i.OSTaskStatHook    os_cpu_c.o
    0x0800149a   0x00000002   PAD
    0x0800149c   0x0000006c   Code   RO         5075    i.OSTaskStkChk      os_task.o
    0x08001508   0x00000068   Code   RO         4506    i.OSTaskStkInit     os_cpu_c.o
    0x08001570   0x00000098   Code   RO         5076    i.OSTaskSuspend     os_task.o
    0x08001608   0x00000002   Code   RO         4507    i.OSTaskSwHook      os_cpu_c.o
    0x0800160a   0x00000002   PAD
    0x0800160c   0x0000006c   Code   RO         5160    i.OSTimeDly         os_time.o
    0x08001678   0x000000a8   Code   RO         4596    i.OSTimeTick        os_core.o
    0x08001720   0x00000002   Code   RO         4508    i.OSTimeTickHook    os_cpu_c.o
    0x08001722   0x00000002   PAD
    0x08001724   0x00000070   Code   RO         4599    i.OS_EventTaskRdy   os_core.o
    0x08001794   0x00000024   Code   RO         4600    i.OS_EventTaskRemove  os_core.o
    0x080017b8   0x00000054   Code   RO         4601    i.OS_EventTaskWait  os_core.o
    0x0800180c   0x00000014   Code   RO         4602    i.OS_EventWaitListInit  os_core.o
    0x08001820   0x0000004c   Code   RO         4759    i.OS_FlagInit       os_flag.o
    0x0800186c   0x00000070   Code   RO         4603    i.OS_InitTCBList    os_core.o
    0x080018dc   0x00000012   Code   RO         4604    i.OS_MemClr         os_core.o
    0x080018ee   0x00000002   PAD
    0x080018f0   0x00000044   Code   RO         4948    i.OS_QInit          os_q.o
    0x08001934   0x00000048   Code   RO         4606    i.OS_Sched          os_core.o
    0x0800197c   0x00000020   Code   RO         4607    i.OS_SchedNew       os_core.o
    0x0800199c   0x000000fc   Code   RO         4609    i.OS_TCBInit        os_core.o
    0x08001a98   0x0000001c   Code   RO         4610    i.OS_TaskIdle       os_core.o
    0x08001ab4   0x00000058   Code   RO         4611    i.OS_TaskStat       os_core.o
    0x08001b0c   0x00000038   Code   RO         4612    i.OS_TaskStatStkChk  os_core.o
    0x08001b44   0x00000016   Code   RO         5078    i.OS_TaskStkClr     os_task.o
    0x08001b5a   0x00000002   PAD
    0x08001b5c   0x00000048   Code   RO         3091    i.Out0_Process      usb_core.o
    0x08001ba4   0x0000001c   Code   RO         3293    i.PMAToUserBufferCopy  usb_mem.o
    0x08001bc0   0x00000040   Code   RO         3092    i.Post0_Process     usb_core.o
    0x08001c00   0x00000030   Code   RO         4001    i.PowerOn           usb_pwr.o
    0x08001c30   0x00000018   Code   RO         1701    i.RCC_APB1PeriphClockCmd  stm32f10x_rcc.o
    0x08001c48   0x00000018   Code   RO         1702    i.RCC_APB1PeriphResetCmd  stm32f10x_rcc.o
    0x08001c60   0x00000018   Code   RO         1703    i.RCC_APB2PeriphClockCmd  stm32f10x_rcc.o
    0x08001c78   0x00000018   Code   RO         1704    i.RCC_APB2PeriphResetCmd  stm32f10x_rcc.o
    0x08001c90   0x00000098   Code   RO         1711    i.RCC_GetClocksFreq  stm32f10x_rcc.o
    0x08001d28   0x00000010   Code   RO         1714    i.RCC_GetSYSCLKSource  stm32f10x_rcc.o
    0x08001d38   0x0000000c   Code   RO         1729    i.RCC_USBCLKConfig  stm32f10x_rcc.o
    0x08001d44   0x00000084   Code   RO         4002    i.Resume            usb_pwr.o
    0x08001dc8   0x00000020   Code   RO         4003    i.Resume_Init       usb_pwr.o
    0x08001de8   0x00000002   Code   RO         4163    i.SVC_Handler       stm32f10x_it.o
    0x08001dea   0x00000002   PAD
    0x08001dec   0x00000010   Code   RO         3341    i.SetBTABLE         usb_regs.o
    0x08001dfc   0x00000044   Code   RO         3093    i.SetDeviceAddress  usb_core.o
    0x08001e40   0x00000020   Code   RO         3355    i.SetEPRxAddr       usb_regs.o
    0x08001e60   0x00000040   Code   RO         3356    i.SetEPRxCount      usb_regs.o
    0x08001ea0   0x00000034   Code   RO         3357    i.SetEPRxStatus     usb_regs.o
    0x08001ed4   0x00000028   Code   RO         3358    i.SetEPRxValid      usb_regs.o
    0x08001efc   0x00000020   Code   RO         3359    i.SetEPTxAddr       usb_regs.o
    0x08001f1c   0x0000001c   Code   RO         3360    i.SetEPTxCount      usb_regs.o
    0x08001f38   0x00000034   Code   RO         3361    i.SetEPTxStatus     usb_regs.o
    0x08001f6c   0x00000028   Code   RO         3362    i.SetEPTxValid      usb_regs.o
    0x08001f94   0x00000020   Code   RO         3363    i.SetEPType         usb_regs.o
    0x08001fb4   0x00000094   Code   RO           10    i.SetSysClockTo72   system_stm32f10x.o
    0x08002048   0x00000014   Code   RO         3701    i.Set_USBClock      hw_config.o
    0x0800205c   0x00000070   Code   RO         3094    i.Setup0_Process    usb_core.o
    0x080020cc   0x00000100   Code   RO         3095    i.Standard_ClearFeature  usb_core.o
    0x080021cc   0x00000028   Code   RO         3096    i.Standard_GetConfiguration  usb_core.o
    0x080021f4   0x0000001c   Code   RO         3097    i.Standard_GetDescriptorData  usb_core.o
    0x08002210   0x00000028   Code   RO         3098    i.Standard_GetInterface  usb_core.o
    0x08002238   0x00000094   Code   RO         3099    i.Standard_GetStatus  usb_core.o
    0x080022cc   0x00000038   Code   RO         3100    i.Standard_SetConfiguration  usb_core.o
    0x08002304   0x00000024   Code   RO         3101    i.Standard_SetDeviceFeature  usb_core.o
    0x08002328   0x0000008c   Code   RO         3102    i.Standard_SetEndPointFeature  usb_core.o
    0x080023b4   0x00000048   Code   RO         3103    i.Standard_SetInterface  usb_core.o
    0x080023fc   0x00000020   Code   RO         4004    i.Suspend           usb_pwr.o
    0x0800241c   0x00000018   Code   RO          136    i.SysTick_CLKSourceConfig  misc.o
    0x08002434   0x00000012   Code   RO         5205    i.SysTick_Handler   delay.o
    0x08002446   0x00000002   PAD
    0x08002448   0x00000050   Code   RO           12    i.SystemInit        system_stm32f10x.o
    0x08002498   0x00000260   Code   RO         4425    i.TIM1_UP_IRQHandler  drivermotor.o
    0x080026f8   0x00000108   Code   RO         4426    i.TIM2_IRQHandler   drivermotor.o
    0x08002800   0x00000006   Code   RO         2326    i.TIM_ClearFlag     stm32f10x_tim.o
    0x08002806   0x00000014   Code   RO         2332    i.TIM_Cmd           stm32f10x_tim.o
    0x0800281a   0x00000002   PAD
    0x0800281c   0x00000170   Code   RO         2337    i.TIM_DeInit        stm32f10x_tim.o
    0x0800298c   0x00000010   Code   RO         2357    i.TIM_ITConfig      stm32f10x_tim.o
    0x0800299c   0x0000009c   Code   RO         2403    i.TIM_TimeBaseInit  stm32f10x_tim.o
    0x08002a38   0x00000028   Code   RO         4230    i.USART1_IRQHandler  usart.o
    0x08002a60   0x00000006   Code   RO         2851    i.USART_ClearFlag   stm32f10x_usart.o
    0x08002a66   0x00000014   Code   RO         2855    i.USART_Cmd         stm32f10x_usart.o
    0x08002a7a   0x0000000e   Code   RO         2858    i.USART_GetFlagStatus  stm32f10x_usart.o
    0x08002a88   0x0000003e   Code   RO         2859    i.USART_GetITStatus  stm32f10x_usart.o
    0x08002ac6   0x00000030   Code   RO         2861    i.USART_ITConfig    stm32f10x_usart.o
    0x08002af6   0x00000002   PAD
    0x08002af8   0x000000b4   Code   RO         2862    i.USART_Init        stm32f10x_usart.o
    0x08002bac   0x00000008   Code   RO         2869    i.USART_ReceiveData  stm32f10x_usart.o
    0x08002bb4   0x00000008   Code   RO         2872    i.USART_SendData    stm32f10x_usart.o
    0x08002bbc   0x00000018   Code   RO         3702    i.USB_Cable_Config  hw_config.o
    0x08002bd4   0x00000024   Code   RO         4044    i.USB_GetData       usbio.o
    0x08002bf8   0x00000028   Code   RO         3237    i.USB_Init          usb_init.o
    0x08002c20   0x00000020   Code   RO         3703    i.USB_Interrupts_Config  hw_config.o
    0x08002c40   0x000000cc   Code   RO         3862    i.USB_Istr          usb_istr.o
    0x08002d0c   0x00000004   Code   RO         4164    i.USB_LP_CAN1_RX0_IRQHandler  stm32f10x_it.o
    0x08002d10   0x00000020   Code   RO         3671    i.USB_SIL_Init      usb_sil.o
    0x08002d30   0x0000002e   Code   RO         4045    i.USB_SendData      usbio.o
    0x08002d5e   0x00000002   Code   RO         4165    i.UsageFault_Handler  stm32f10x_it.o
    0x08002d60   0x00000028   Code   RO         3294    i.UserToPMABufferCopy  usb_mem.o
    0x08002d88   0x00000028   Code   RO         5301    i.__0sprintf$1      mc_w.l(printf1.o)(mc_w.l)
    0x08002db0   0x0000000e   Code   RO         5547    i.__scatterload_copy  mc_w.l(handlers.o)(mc_w.l)
    0x08002dbe   0x00000002   Code   RO         5548    i.__scatterload_null  mc_w.l(handlers.o)(mc_w.l)
    0x08002dc0   0x0000000e   Code   RO         5549    i.__scatterload_zeroinit  mc_w.l(handlers.o)(mc_w.l)
    0x08002dce   0x00000002   PAD
    0x08002dd0   0x00000154   Code   RO         5306    i._printf_core      mc_w.l(printf1.o)(mc_w.l)
    0x08002f24   0x0000000a   Code   RO         5308    i._sputc            mc_w.l(printf1.o)(mc_w.l)
    0x08002f2e   0x00000032   Code   RO         4070    i.calc_crc          main.o
    0x08002f60   0x000000d8   Code   RO         4357    i.check_go          switch_ops.o
    0x08003038   0x00000018   Code   RO         4071    i.check_go_task     main.o
    0x08003050   0x00000080   Code   RO         4358    i.close_switch      switch_ops.o
    0x080030d0   0x00000048   Code   RO         5206    i.delay_init        delay.o
    0x08003118   0x0000003c   Code   RO         5207    i.delay_ms          delay.o
    0x08003154   0x00000034   Code   RO         5208    i.delay_us          delay.o
    0x08003188   0x0000002e   Code   RO         4427    i.driver_motor      drivermotor.o
    0x080031b6   0x00000002   PAD
    0x080031b8   0x000000e0   Code   RO         4428    i.driver_motor_jbb  drivermotor.o
    0x08003298   0x0000010c   Code   RO         4429    i.driver_motor_xyb_sx  drivermotor.o
    0x080033a4   0x000000a4   Code   RO         4430    i.driver_motor_ybp  drivermotor.o
    0x08003448   0x000000ec   Code   RO         4359    i.get_all_go_status  switch_ops.o
    0x08003534   0x0000000c   Code   RO         4360    i.get_feiye_fuzi_status  switch_ops.o
    0x08003540   0x000000f4   Code   RO         4361    i.get_go_status     switch_ops.o
    0x08003634   0x0000001e   Code   RO         4362    i.get_input_status  switch_ops.o
    0x08003652   0x00000002   PAD
    0x08003654   0x00000034   Code   RO         4431    i.get_motor_status  drivermotor.o
    0x08003688   0x0000000c   Code   RO         4363    i.get_qingxiye_fuzi_status  switch_ops.o
    0x08003694   0x0000000c   Code   RO         4364    i.get_xishiye_fuzi_status  switch_ops.o
    0x080036a0   0x00000024   Code   RO         4072    i.heartbeat_led_task  main.o
    0x080036c4   0x00000018   Code   RO         4432    i.init_motor_status  drivermotor.o
    0x080036dc   0x00000204   Code   RO         4365    i.init_switch       switch_ops.o
    0x080038e0   0x000001ec   Code   RO         4073    i.main              main.o
    0x08003acc   0x00000090   Code   RO         4433    i.motor1_init_time1  drivermotor.o
    0x08003b5c   0x00000090   Code   RO         4434    i.motor3_init_time2  drivermotor.o
    0x08003bec   0x00000080   Code   RO         4366    i.open_switch       switch_ops.o
    0x08003c6c   0x00000030   Code   RO         4074    i.rs232_log_task    main.o
    0x08003c9c   0x0000006c   Code   RO         4075    i.start_task        main.o
    0x08003d08   0x000000a0   Code   RO         4235    i.uart1_init        usart.o
    0x08003da8   0x00000050   Code   RO         4236    i.uart1_send        usart.o
    0x08003df8   0x00000064   Code   RO         4237    i.uart1_send_       usart.o
    0x08003e5c   0x0000031c   Code   RO         4076    i.usb_int_function  main.o
    0x08004178   0x00000024   Code   RO         4077    i.usb_task          main.o
    0x0800419c   0x00000012   Data   RO         3771    .constdata          usb_desc.o
    0x080041ae   0x0000002e   Data   RO         3772    .constdata          usb_desc.o
    0x080041dc   0x00000004   Data   RO         3773    .constdata          usb_desc.o
    0x080041e0   0x00000014   Data   RO         3774    .constdata          usb_desc.o
    0x080041f4   0x0000001a   Data   RO         3775    .constdata          usb_desc.o
    0x0800420e   0x00000100   Data   RO         4616    .constdata          os_core.o
    0x0800430e   0x00000002   PAD
    0x08004310   0x00000020   Data   RO         5545    Region$$Table       anon$$obj.o


    Execution Region RW_IRAM1 (Base: 0x20000000, Size: 0x00001c80, Max: 0x00010000, ABSOLUTE, COMPRESSED[0x00000094])

    Base Addr    Size         Type   Attr      Idx    E Section Name        Object

    0x20000000   0x00000014   Data   RW           13    .data               system_stm32f10x.o
    0x20000014   0x00000014   Data   RW         1731    .data               stm32f10x_rcc.o
    0x20000028   0x00000004   Data   RW         3104    .data               usb_core.o
    0x2000002c   0x00000001   Data   RW         3239    .data               usb_init.o
    0x2000002d   0x00000003   PAD
    0x20000030   0x0000000c   Data   RW         3240    .data               usb_init.o
    0x2000003c   0x00000002   Data   RW         3242    .data               usb_init.o
    0x2000003e   0x00000004   Data   RW         3265    .data               usb_int.o
    0x20000042   0x0000001a   Data   RW         3776    .data               usb_desc.o
    0x2000005c   0x00000008   Data   RW         3795    .data               usb_endp.o
    0x20000064   0x00000004   Data   RW         3863    .data               usb_istr.o
    0x20000068   0x0000001c   Data   RW         3864    .data               usb_istr.o
    0x20000084   0x0000001c   Data   RW         3865    .data               usb_istr.o
    0x200000a0   0x00000002   Data   RW         3901    .data               usb_prop.o
    0x200000a2   0x00000002   PAD
    0x200000a4   0x0000006c   Data   RW         3902    .data               usb_prop.o
    0x20000110   0x00000024   Data   RW         3903    .data               usb_prop.o
    0x20000134   0x00000004   Data   RW         4005    .data               usb_pwr.o
    0x20000138   0x00000001   Data   RW         4006    .data               usb_pwr.o
    0x20000139   0x00000002   Data   RW         4007    .data               usb_pwr.o
    0x2000013b   0x00000001   PAD
    0x2000013c   0x00000010   Data   RW         4080    .data               main.o
    0x2000014c   0x0000003c   Data   RW         4617    .data               os_core.o
    0x20000188   0x00000004   Data   RW         4618    .data               os_core.o
    0x2000018c   0x00000004   Data   RW         4619    .data               os_core.o
    0x20000190   0x00000004   Data   RW         5209    .data               delay.o
    0x20000194   0x0000001c   Zero   RW         3238    .bss                usb_init.o
    0x200001b0   0x00000100   Zero   RW         3793    .bss                usb_endp.o
    0x200002b0   0x00000b00   Zero   RW         4078    .bss                main.o
    0x20000db0   0x00000033   Zero   RW         4435    .bss                drivermotor.o
    0x20000de3   0x00000001   PAD
    0x20000de4   0x000009b8   Zero   RW         4613    .bss                os_core.o
    0x2000179c   0x00000050   Zero   RW         4614    .bss                os_core.o
    0x200017ec   0x00000090   Zero   RW         4615    .bss                os_core.o
    0x2000187c   0x00000004   PAD
    0x20001880   0x00000400   Zero   RW            1    STACK               startup_stm32f10x_ld.o


==============================================================================

Image component sizes


      Code (inc. data)   RO Data    RW Data    ZI Data      Debug   Object Name

       202         28          0          4          0          0   delay.o
      1938        294          0          0         51          0   drivermotor.o
       182         12          0          0          0          0   hw_config.o
      1690        736          0         16       2816          0   main.o
       136         10          0          0          0          0   misc.o
      1570        166        256         68       2712          0   os_core.o
       180         36          0          0          0          0   os_cpu_a.o
       120          0          0          0          0          0   os_cpu_c.o
        76         14          0          0          0          0   os_flag.o
       344         22          0          0          0          0   os_mbox.o
       518         38          0          0          0          0   os_q.o
       662         64          0          0          0          0   os_task.o
       108         20          0          0          0          0   os_time.o
        36          8        236          0       1024          0   startup_stm32f10x_ld.o
       266          6          0          0          0          0   stm32f10x_gpio.o
        18          0          0          0          0          0   stm32f10x_it.o
       276         54          0         20          0          0   stm32f10x_rcc.o
       566        106          0          0          0          0   stm32f10x_tim.o
       346          4          0          0          0          0   stm32f10x_usart.o
      1534        220          0          0          0          0   switch_ops.o
         8          0          0          0          0          0   sys.o
       228         26          0         20          0          0   system_stm32f10x.o
       380         58          0          0          0          0   usart.o
      2210        282          0          4          0          0   usb_core.o
         0          0        114         26          0          0   usb_desc.o
       112         20          0          8        256          0   usb_endp.o
        40         18          0         15         28          0   usb_init.o
       348         26          0          4          0          0   usb_int.o
       204         22          0         60          0          0   usb_istr.o
        68         10          0          0          0          0   usb_mem.o
       554        108          0        146          0          0   usb_prop.o
       244         36          0          7          0          0   usb_pwr.o
       614        110          0          0          0          0   usb_regs.o
        32         10          0          0          0          0   usb_sil.o
        82          6          0          0          0          0   usbio.o

    ----------------------------------------------------------------------
     15930       2570        640        404       6892          0   Object Totals
         0          0         32          0          0          0   (incl. Generated)
        38          0          2          6          5          3   (incl. Padding)

    ----------------------------------------------------------------------

      Code (inc. data)   RO Data    RW Data    ZI Data      Debug   Library Member Name

        92          0          0          0          0          0   __dczerorl2.o
         0          0          0          0          0          0   entry.o
         8          4          0          0          0          0   entry2.o
         4          0          0          0          0          0   entry5.o
         8          4          0          0          0          0   entry7.o
        30          0          0          0          0          0   handlers.o
        36          8          0          0          0          0   init.o
       390         12          0          0          0          0   printf1.o
        16          0          0          0          0          0   strlen.o
        44          0          0          0          0          0   uidiv.o

    ----------------------------------------------------------------------
       630         28          0          0          0          0   Library Totals
         2          0          0          0          0          0   (incl. Padding)

    ----------------------------------------------------------------------

      Code (inc. data)   RO Data    RW Data    ZI Data      Debug   Library Name

       628         28          0          0          0        464   mc_w.l

    ----------------------------------------------------------------------
       630         28          0          0          0          0   Library Totals

    ----------------------------------------------------------------------

==============================================================================


      Code (inc. data)   RO Data    RW Data    ZI Data      Debug   

     16560       2598        640        404       6892     409688   Grand Totals
     16560       2598        640        148       6892     409688   ELF Image Totals (compressed)
     16560       2598        640        148          0          0   ROM Totals

==============================================================================

    Total RO  Size (Code + RO Data)                17200 (  16.80kB)
    Total RW  Size (RW Data + ZI Data)              7296 (   7.13kB)
    Total ROM Size (Code + RO Data + RW Data)      17348 (  16.94kB)

==============================================================================

