ARM Linker, 4.1 [Build 481] [Standard]

==============================================================================

Section Cross References

    startup_stm32f10x_hd.o(RESET) refers to startup_stm32f10x_hd.o(STACK) for __initial_sp
    startup_stm32f10x_hd.o(RESET) refers to startup_stm32f10x_hd.o(.text) for Reset_Handler
    startup_stm32f10x_hd.o(RESET) refers to stm32f10x_it.o(i.NMI_Handler) for NMI_Handler
    startup_stm32f10x_hd.o(RESET) refers to stm32f10x_it.o(i.HardFault_Handler) for HardFault_Handler
    startup_stm32f10x_hd.o(RESET) refers to stm32f10x_it.o(i.MemManage_Handler) for MemManage_Handler
    startup_stm32f10x_hd.o(RESET) refers to stm32f10x_it.o(i.BusFault_Handler) for BusFault_Handler
    startup_stm32f10x_hd.o(RESET) refers to stm32f10x_it.o(i.UsageFault_Handler) for UsageFault_Handler
    startup_stm32f10x_hd.o(RESET) refers to stm32f10x_it.o(i.SVC_Handler) for SVC_Handler
    startup_stm32f10x_hd.o(RESET) refers to stm32f10x_it.o(i.DebugMon_Handler) for DebugMon_Handler
    startup_stm32f10x_hd.o(RESET) refers to stm32f10x_it.o(i.PendSV_Handler) for PendSV_Handler
    startup_stm32f10x_hd.o(RESET) refers to stm32f10x_it.o(i.SysTick_Handler) for SysTick_Handler
    startup_stm32f10x_hd.o(RESET) refers to stm32f10x_it.o(i.USB_LP_CAN1_RX0_IRQHandler) for USB_LP_CAN1_RX0_IRQHandler
    startup_stm32f10x_hd.o(.text) refers to system_stm32f10x.o(i.SystemInit) for SystemInit
    startup_stm32f10x_hd.o(.text) refers to entry.o(.ARM.Collect$$$$00000000) for __main
    system_stm32f10x.o(i.SystemCoreClockUpdate) refers to system_stm32f10x.o(.data) for .data
    system_stm32f10x.o(i.SystemInit) refers to system_stm32f10x.o(i.SetSysClockTo72) for SetSysClockTo72
    stm32f10x_adc.o(i.ADC_DeInit) refers to stm32f10x_rcc.o(i.RCC_APB2PeriphResetCmd) for RCC_APB2PeriphResetCmd
    stm32f10x_bkp.o(i.BKP_DeInit) refers to stm32f10x_rcc.o(i.RCC_BackupResetCmd) for RCC_BackupResetCmd
    stm32f10x_can.o(i.CAN_DeInit) refers to stm32f10x_rcc.o(i.RCC_APB1PeriphResetCmd) for RCC_APB1PeriphResetCmd
    stm32f10x_can.o(i.CAN_GetITStatus) refers to stm32f10x_can.o(i.CheckITStatus) for CheckITStatus
    stm32f10x_cec.o(i.CEC_DeInit) refers to stm32f10x_rcc.o(i.RCC_APB1PeriphResetCmd) for RCC_APB1PeriphResetCmd
    stm32f10x_dac.o(i.DAC_DeInit) refers to stm32f10x_rcc.o(i.RCC_APB1PeriphResetCmd) for RCC_APB1PeriphResetCmd
    stm32f10x_flash.o(i.FLASH_EnableWriteProtection) refers to stm32f10x_flash.o(i.FLASH_WaitForLastOperation) for FLASH_WaitForLastOperation
    stm32f10x_flash.o(i.FLASH_EraseAllBank1Pages) refers to stm32f10x_flash.o(i.FLASH_WaitForLastBank1Operation) for FLASH_WaitForLastBank1Operation
    stm32f10x_flash.o(i.FLASH_EraseAllPages) refers to stm32f10x_flash.o(i.FLASH_WaitForLastOperation) for FLASH_WaitForLastOperation
    stm32f10x_flash.o(i.FLASH_EraseOptionBytes) refers to stm32f10x_flash.o(i.FLASH_GetReadOutProtectionStatus) for FLASH_GetReadOutProtectionStatus
    stm32f10x_flash.o(i.FLASH_EraseOptionBytes) refers to stm32f10x_flash.o(i.FLASH_WaitForLastOperation) for FLASH_WaitForLastOperation
    stm32f10x_flash.o(i.FLASH_ErasePage) refers to stm32f10x_flash.o(i.FLASH_WaitForLastOperation) for FLASH_WaitForLastOperation
    stm32f10x_flash.o(i.FLASH_ProgramHalfWord) refers to stm32f10x_flash.o(i.FLASH_WaitForLastOperation) for FLASH_WaitForLastOperation
    stm32f10x_flash.o(i.FLASH_ProgramOptionByteData) refers to stm32f10x_flash.o(i.FLASH_WaitForLastOperation) for FLASH_WaitForLastOperation
    stm32f10x_flash.o(i.FLASH_ProgramWord) refers to stm32f10x_flash.o(i.FLASH_WaitForLastOperation) for FLASH_WaitForLastOperation
    stm32f10x_flash.o(i.FLASH_ReadOutProtection) refers to stm32f10x_flash.o(i.FLASH_WaitForLastOperation) for FLASH_WaitForLastOperation
    stm32f10x_flash.o(i.FLASH_UserOptionByteConfig) refers to stm32f10x_flash.o(i.FLASH_WaitForLastOperation) for FLASH_WaitForLastOperation
    stm32f10x_flash.o(i.FLASH_WaitForLastBank1Operation) refers to stm32f10x_flash.o(i.FLASH_GetBank1Status) for FLASH_GetBank1Status
    stm32f10x_flash.o(i.FLASH_WaitForLastOperation) refers to stm32f10x_flash.o(i.FLASH_GetBank1Status) for FLASH_GetBank1Status
    stm32f10x_gpio.o(i.GPIO_AFIODeInit) refers to stm32f10x_rcc.o(i.RCC_APB2PeriphResetCmd) for RCC_APB2PeriphResetCmd
    stm32f10x_gpio.o(i.GPIO_DeInit) refers to stm32f10x_rcc.o(i.RCC_APB2PeriphResetCmd) for RCC_APB2PeriphResetCmd
    stm32f10x_i2c.o(i.I2C_DeInit) refers to stm32f10x_rcc.o(i.RCC_APB1PeriphResetCmd) for RCC_APB1PeriphResetCmd
    stm32f10x_i2c.o(i.I2C_Init) refers to stm32f10x_rcc.o(i.RCC_GetClocksFreq) for RCC_GetClocksFreq
    stm32f10x_pwr.o(i.PWR_DeInit) refers to stm32f10x_rcc.o(i.RCC_APB1PeriphResetCmd) for RCC_APB1PeriphResetCmd
    stm32f10x_rcc.o(i.RCC_GetClocksFreq) refers to stm32f10x_rcc.o(.data) for .data
    stm32f10x_rcc.o(i.RCC_WaitForHSEStartUp) refers to stm32f10x_rcc.o(i.RCC_GetFlagStatus) for RCC_GetFlagStatus
[...]
    Removing stm32f10x_i2c.o(i.I2C_GetLastEvent), (14 bytes).
    Removing stm32f10x_i2c.o(i.I2C_GetPEC), (6 bytes).
    Removing stm32f10x_i2c.o(i.I2C_ITConfig), (16 bytes).
    Removing stm32f10x_i2c.o(i.I2C_Init), (184 bytes).
    Removing stm32f10x_i2c.o(i.I2C_NACKPositionConfig), (22 bytes).
    Removing stm32f10x_i2c.o(i.I2C_OwnAddress2Config), (16 bytes).
    Removing stm32f10x_i2c.o(i.I2C_PECPositionConfig), (22 bytes).
    Removing stm32f10x_i2c.o(i.I2C_ReadRegister), (4 bytes).
    Removing stm32f10x_i2c.o(i.I2C_ReceiveData), (6 bytes).
    Removing stm32f10x_i2c.o(i.I2C_SMBusAlertConfig), (22 bytes).
    Removing stm32f10x_i2c.o(i.I2C_Send7bitAddress), (16 bytes).
    Removing stm32f10x_i2c.o(i.I2C_SendData), (4 bytes).
    Removing stm32f10x_i2c.o(i.I2C_SoftwareResetCmd), (20 bytes).
    Removing stm32f10x_i2c.o(i.I2C_StretchClockCmd), (20 bytes).
    Removing stm32f10x_i2c.o(i.I2C_StructInit), (28 bytes).
    Removing stm32f10x_i2c.o(i.I2C_TransmitPEC), (20 bytes).
    Removing stm32f10x_iwdg.o(i.IWDG_Enable), (16 bytes).
    Removing stm32f10x_iwdg.o(i.IWDG_GetFlagStatus), (20 bytes).
    Removing stm32f10x_iwdg.o(i.IWDG_ReloadCounter), (16 bytes).
    Removing stm32f10x_iwdg.o(i.IWDG_SetPrescaler), (12 bytes).
    Removing stm32f10x_iwdg.o(i.IWDG_SetReload), (12 bytes).
    Removing stm32f10x_iwdg.o(i.IWDG_WriteAccessCmd), (12 bytes).
    Removing stm32f10x_pwr.o(i.PWR_BackupAccessCmd), (12 bytes).
    Removing stm32f10x_pwr.o(i.PWR_ClearFlag), (16 bytes).
    Removing stm32f10x_pwr.o(i.PWR_DeInit), (24 bytes).
    Removing stm32f10x_pwr.o(i.PWR_EnterSTANDBYMode), (40 bytes).
    Removing stm32f10x_pwr.o(i.PWR_EnterSTOPMode), (56 bytes).
    Removing stm32f10x_pwr.o(i.PWR_GetFlagStatus), (20 bytes).
    Removing stm32f10x_pwr.o(i.PWR_PVDCmd), (12 bytes).
    Removing stm32f10x_pwr.o(i.PWR_PVDLevelConfig), (20 bytes).
    Removing stm32f10x_pwr.o(i.PWR_WakeUpPinCmd), (12 bytes).
    Removing stm32f10x_rcc.o(i.RCC_ADCCLKConfig), (20 bytes).
    Removing stm32f10x_rcc.o(i.RCC_AHBPeriphClockCmd), (24 bytes).
    Removing stm32f10x_rcc.o(i.RCC_APB1PeriphResetCmd), (24 bytes).
    Removing stm32f10x_rcc.o(i.RCC_APB2PeriphResetCmd), (24 bytes).
    Removing stm32f10x_rcc.o(i.RCC_AdjustHSICalibrationValue), (20 bytes).
    Removing stm32f10x_rcc.o(i.RCC_BackupResetCmd), (12 bytes).
    Removing stm32f10x_rcc.o(i.RCC_ClearFlag), (16 bytes).
    Removing stm32f10x_rcc.o(i.RCC_ClearITPendingBit), (12 bytes).
    Removing stm32f10x_rcc.o(i.RCC_ClockSecuritySystemCmd), (12 bytes).
    Removing stm32f10x_rcc.o(i.RCC_GetITStatus), (20 bytes).
    Removing stm32f10x_rcc.o(i.RCC_HSICmd), (12 bytes).
    Removing stm32f10x_rcc.o(i.RCC_ITConfig), (24 bytes).
    Removing stm32f10x_rcc.o(i.RCC_LSEConfig), (32 bytes).
    Removing stm32f10x_rcc.o(i.RCC_LSICmd), (12 bytes).
    Removing stm32f10x_rcc.o(i.RCC_MCOConfig), (12 bytes).
    Removing stm32f10x_rcc.o(i.RCC_RTCCLKCmd), (12 bytes).
    Removing stm32f10x_rcc.o(i.RCC_RTCCLKConfig), (16 bytes).
    Removing stm32f10x_rtc.o(i.RTC_ClearFlag), (16 bytes).
    Removing stm32f10x_rtc.o(i.RTC_ClearITPendingBit), (16 bytes).
    Removing stm32f10x_rtc.o(i.RTC_EnterConfigMode), (16 bytes).
    Removing stm32f10x_rtc.o(i.RTC_ExitConfigMode), (16 bytes).
    Removing stm32f10x_rtc.o(i.RTC_GetCounter), (16 bytes).
    Removing stm32f10x_rtc.o(i.RTC_GetDivider), (20 bytes).
    Removing stm32f10x_rtc.o(i.RTC_GetFlagStatus), (20 bytes).
    Removing stm32f10x_rtc.o(i.RTC_GetITStatus), (32 bytes).
    Removing stm32f10x_rtc.o(i.RTC_ITConfig), (28 bytes).
    Removing stm32f10x_rtc.o(i.RTC_SetAlarm), (28 bytes).
    Removing stm32f10x_rtc.o(i.RTC_SetCounter), (28 bytes).
    Removing stm32f10x_rtc.o(i.RTC_SetPrescaler), (32 bytes).
    Removing stm32f10x_rtc.o(i.RTC_WaitForLastTask), (16 bytes).
    Removing stm32f10x_rtc.o(i.RTC_WaitForSynchro), (28 bytes).
    Removing stm32f10x_sdio.o(i.SDIO_CEATAITCmd), (16 bytes).
    Removing stm32f10x_sdio.o(i.SDIO_ClearFlag), (12 bytes).
    Removing stm32f10x_sdio.o(i.SDIO_ClearITPendingBit), (12 bytes).
    Removing stm32f10x_sdio.o(i.SDIO_ClockCmd), (12 bytes).
    Removing stm32f10x_sdio.o(i.SDIO_CmdStructInit), (14 bytes).
    Removing stm32f10x_sdio.o(i.SDIO_CommandCompletionCmd), (12 bytes).
    Removing stm32f10x_sdio.o(i.SDIO_DMACmd), (12 bytes).
    Removing stm32f10x_sdio.o(i.SDIO_DataConfig), (44 bytes).
    Removing stm32f10x_sdio.o(i.SDIO_DataStructInit), (20 bytes).
    Removing stm32f10x_sdio.o(i.SDIO_DeInit), (36 bytes).
    Removing stm32f10x_sdio.o(i.SDIO_GetCommandResponse), (12 bytes).
    Removing stm32f10x_sdio.o(i.SDIO_GetDataCounter), (12 bytes).
    Removing stm32f10x_sdio.o(i.SDIO_GetFIFOCount), (12 bytes).
    Removing stm32f10x_sdio.o(i.SDIO_GetFlagStatus), (20 bytes).
    Removing stm32f10x_sdio.o(i.SDIO_GetITStatus), (20 bytes).
    Removing stm32f10x_sdio.o(i.SDIO_GetPowerState), (16 bytes).
    Removing stm32f10x_sdio.o(i.SDIO_GetResponse), (12 bytes).
    Removing stm32f10x_sdio.o(i.SDIO_ITConfig), (24 bytes).
    Removing stm32f10x_sdio.o(i.SDIO_Init), (44 bytes).
    Removing stm32f10x_sdio.o(i.SDIO_ReadData), (12 bytes).
    Removing stm32f10x_sdio.o(i.SDIO_SendCEATACmd), (12 bytes).
    Removing stm32f10x_sdio.o(i.SDIO_SendCommand), (40 bytes).
    Removing stm32f10x_sdio.o(i.SDIO_SendSDIOSuspendCmd), (12 bytes).
    Removing stm32f10x_sdio.o(i.SDIO_SetPowerState), (24 bytes).
    Removing stm32f10x_sdio.o(i.SDIO_SetSDIOOperation), (12 bytes).
    Removing stm32f10x_sdio.o(i.SDIO_SetSDIOReadWaitMode), (12 bytes).
    Removing stm32f10x_sdio.o(i.SDIO_StartSDIOReadWait), (12 bytes).
    Removing stm32f10x_sdio.o(i.SDIO_StopSDIOReadWait), (12 bytes).
    Removing stm32f10x_sdio.o(i.SDIO_StructInit), (16 bytes).
    Removing stm32f10x_sdio.o(i.SDIO_WriteData), (12 bytes).
    Removing stm32f10x_spi.o(i.I2S_Cmd), (20 bytes).
    Removing stm32f10x_spi.o(i.I2S_Init), (144 bytes).
    Removing stm32f10x_spi.o(i.I2S_StructInit), (18 bytes).
    Removing stm32f10x_spi.o(i.SPI_BiDirectionalLineConfig), (22 bytes).
    Removing stm32f10x_spi.o(i.SPI_CalculateCRC), (20 bytes).
    Removing stm32f10x_spi.o(i.SPI_Cmd), (20 bytes).
    Removing stm32f10x_spi.o(i.SPI_DataSizeConfig), (16 bytes).
    Removing stm32f10x_spi.o(i.SPI_GetCRC), (12 bytes).
    Removing stm32f10x_spi.o(i.SPI_GetCRCPolynomial), (4 bytes).
    Removing stm32f10x_spi.o(i.SPI_I2S_ClearFlag), (6 bytes).
    Removing stm32f10x_spi.o(i.SPI_I2S_ClearITPendingBit), (14 bytes).
    Removing stm32f10x_spi.o(i.SPI_I2S_DMACmd), (16 bytes).
    Removing stm32f10x_spi.o(i.SPI_I2S_DeInit), (84 bytes).
    Removing stm32f10x_spi.o(i.SPI_I2S_GetFlagStatus), (14 bytes).
    Removing stm32f10x_spi.o(i.SPI_I2S_GetITStatus), (42 bytes).
    Removing stm32f10x_spi.o(i.SPI_I2S_ITConfig), (24 bytes).
    Removing stm32f10x_spi.o(i.SPI_I2S_ReceiveData), (4 bytes).
    Removing stm32f10x_spi.o(i.SPI_I2S_SendData), (4 bytes).
    Removing stm32f10x_spi.o(i.SPI_Init), (56 bytes).
    Removing stm32f10x_spi.o(i.SPI_NSSInternalSoftwareConfig), (24 bytes).
    Removing stm32f10x_spi.o(i.SPI_SSOutputCmd), (20 bytes).
    Removing stm32f10x_spi.o(i.SPI_StructInit), (24 bytes).
    Removing stm32f10x_spi.o(i.SPI_TransmitCRC), (10 bytes).
    Removing stm32f10x_tim.o(i.TI1_Config), (104 bytes).
    Removing stm32f10x_tim.o(i.TI2_Config), (120 bytes).
    Removing stm32f10x_tim.o(i.TIM_ARRPreloadConfig), (20 bytes).
    Removing stm32f10x_tim.o(i.TIM_BDTRConfig), (34 bytes).
    Removing stm32f10x_tim.o(i.TIM_BDTRStructInit), (18 bytes).
    Removing stm32f10x_tim.o(i.TIM_CCPreloadControl), (20 bytes).
    Removing stm32f10x_tim.o(i.TIM_CCxCmd), (22 bytes).
    Removing stm32f10x_tim.o(i.TIM_CCxNCmd), (22 bytes).
    Removing stm32f10x_tim.o(i.TIM_ClearFlag), (6 bytes).
    Removing stm32f10x_tim.o(i.TIM_ClearITPendingBit), (6 bytes).
    Removing stm32f10x_tim.o(i.TIM_ClearOC1Ref), (12 bytes).
    Removing stm32f10x_tim.o(i.TIM_ClearOC2Ref), (14 bytes).
    Removing stm32f10x_tim.o(i.TIM_ClearOC3Ref), (12 bytes).
    Removing stm32f10x_tim.o(i.TIM_ClearOC4Ref), (14 bytes).
    Removing stm32f10x_tim.o(i.TIM_Cmd), (20 bytes).
    Removing stm32f10x_tim.o(i.TIM_CounterModeConfig), (12 bytes).
    Removing stm32f10x_tim.o(i.TIM_CtrlPWMOutputs), (22 bytes).
    Removing stm32f10x_tim.o(i.TIM_DMACmd), (16 bytes).
    Removing stm32f10x_tim.o(i.TIM_DMAConfig), (8 bytes).
    Removing stm32f10x_tim.o(i.TIM_DeInit), (368 bytes).
    Removing stm32f10x_tim.o(i.TIM_ETRClockMode1Config), (18 bytes).
    Removing stm32f10x_tim.o(i.TIM_ETRClockMode2Config), (18 bytes).
    Removing stm32f10x_tim.o(i.TIM_ETRConfig), (18 bytes).
    Removing stm32f10x_tim.o(i.TIM_EncoderInterfaceConfig), (44 bytes).
    Removing stm32f10x_tim.o(i.TIM_ForcedOC1Config), (12 bytes).
    Removing stm32f10x_tim.o(i.TIM_ForcedOC2Config), (14 bytes).
    Removing stm32f10x_tim.o(i.TIM_ForcedOC3Config), (12 bytes).
    Removing stm32f10x_tim.o(i.TIM_ForcedOC4Config), (14 bytes).
    Removing stm32f10x_tim.o(i.TIM_GenerateEvent), (4 bytes).
    Removing stm32f10x_tim.o(i.TIM_GetCapture1), (4 bytes).
    Removing stm32f10x_tim.o(i.TIM_GetCapture2), (4 bytes).
    Removing stm32f10x_tim.o(i.TIM_GetCapture3), (4 bytes).
    Removing stm32f10x_tim.o(i.TIM_GetCapture4), (6 bytes).
    Removing stm32f10x_tim.o(i.TIM_GetCounter), (4 bytes).
    Removing stm32f10x_tim.o(i.TIM_GetFlagStatus), (14 bytes).
    Removing stm32f10x_tim.o(i.TIM_GetITStatus), (24 bytes).
    Removing stm32f10x_tim.o(i.TIM_GetPrescaler), (4 bytes).
    Removing stm32f10x_tim.o(i.TIM_ICInit), (296 bytes).
    Removing stm32f10x_tim.o(i.TIM_ICStructInit), (16 bytes).
    Removing stm32f10x_tim.o(i.TIM_ITConfig), (16 bytes).
    Removing stm32f10x_tim.o(i.TIM_ITRxExternalClockConfig), (20 bytes).
    Removing stm32f10x_tim.o(i.TIM_InternalClockConfig), (10 bytes).
    Removing stm32f10x_tim.o(i.TIM_OC1FastConfig), (12 bytes).
    Removing stm32f10x_tim.o(i.TIM_OC1Init), (128 bytes).
    Removing stm32f10x_tim.o(i.TIM_OC1NPolarityConfig), (12 bytes).
    Removing stm32f10x_tim.o(i.TIM_OC1PolarityConfig), (12 bytes).
    Removing stm32f10x_tim.o(i.TIM_OC1PreloadConfig), (12 bytes).
    Removing stm32f10x_tim.o(i.TIM_OC2FastConfig), (14 bytes).
    Removing stm32f10x_tim.o(i.TIM_OC2Init), (124 bytes).
    Removing stm32f10x_tim.o(i.TIM_OC2NPolarityConfig), (14 bytes).
    Removing stm32f10x_tim.o(i.TIM_OC2PolarityConfig), (14 bytes).
    Removing stm32f10x_tim.o(i.TIM_OC2PreloadConfig), (14 bytes).
    Removing stm32f10x_tim.o(i.TIM_OC3FastConfig), (12 bytes).
    Removing stm32f10x_tim.o(i.TIM_OC3Init), (120 bytes).
    Removing stm32f10x_tim.o(i.TIM_OC3NPolarityConfig), (14 bytes).
    Removing stm32f10x_tim.o(i.TIM_OC3PolarityConfig), (14 bytes).
    Removing stm32f10x_tim.o(i.TIM_OC3PreloadConfig), (12 bytes).
    Removing stm32f10x_tim.o(i.TIM_OC4FastConfig), (14 bytes).
    Removing stm32f10x_tim.o(i.TIM_OC4Init), (96 bytes).
    Removing stm32f10x_tim.o(i.TIM_OC4PolarityConfig), (14 bytes).
    Removing stm32f10x_tim.o(i.TIM_OC4PreloadConfig), (14 bytes).
    Removing stm32f10x_tim.o(i.TIM_OCStructInit), (20 bytes).
    Removing stm32f10x_tim.o(i.TIM_PWMIConfig), (108 bytes).
    Removing stm32f10x_tim.o(i.TIM_PrescalerConfig), (6 bytes).
    Removing stm32f10x_tim.o(i.TIM_SelectCCDMA), (20 bytes).
    Removing stm32f10x_tim.o(i.TIM_SelectCOM), (20 bytes).
    Removing stm32f10x_tim.o(i.TIM_SelectHallSensor), (20 bytes).
    Removing stm32f10x_tim.o(i.TIM_SelectInputTrigger), (12 bytes).
    Removing stm32f10x_tim.o(i.TIM_SelectMasterSlaveMode), (16 bytes).
    Removing stm32f10x_tim.o(i.TIM_SelectOCxM), (66 bytes).
    Removing stm32f10x_tim.o(i.TIM_SelectOnePulseMode), (16 bytes).
    Removing stm32f10x_tim.o(i.TIM_SelectOutputTrigger), (16 bytes).
    Removing stm32f10x_tim.o(i.TIM_SelectSlaveMode), (16 bytes).
    Removing stm32f10x_tim.o(i.TIM_SetAutoreload), (4 bytes).
    Removing stm32f10x_tim.o(i.TIM_SetClockDivision), (16 bytes).
    Removing stm32f10x_tim.o(i.TIM_SetCompare1), (4 bytes).
    Removing stm32f10x_tim.o(i.TIM_SetCompare2), (4 bytes).
    Removing stm32f10x_tim.o(i.TIM_SetCompare3), (4 bytes).
    Removing stm32f10x_tim.o(i.TIM_SetCompare4), (6 bytes).
    Removing stm32f10x_tim.o(i.TIM_SetCounter), (4 bytes).
    Removing stm32f10x_tim.o(i.TIM_SetIC1Prescaler), (16 bytes).
    Removing stm32f10x_tim.o(i.TIM_SetIC2Prescaler), (18 bytes).
    Removing stm32f10x_tim.o(i.TIM_SetIC3Prescaler), (16 bytes).
    Removing stm32f10x_tim.o(i.TIM_SetIC4Prescaler), (18 bytes).
    Removing stm32f10x_tim.o(i.TIM_TIxExternalClockConfig), (46 bytes).
    Removing stm32f10x_tim.o(i.TIM_TimeBaseInit), (156 bytes).
    Removing stm32f10x_tim.o(i.TIM_TimeBaseStructInit), (18 bytes).
    Removing stm32f10x_tim.o(i.TIM_UpdateDisableConfig), (20 bytes).
    Removing stm32f10x_tim.o(i.TIM_UpdateRequestConfig), (20 bytes).
    Removing stm32f10x_usart.o(i.USART_ClearFlag), (6 bytes).
    Removing stm32f10x_usart.o(i.USART_ClearITPendingBit), (12 bytes).
    Removing stm32f10x_usart.o(i.USART_ClockInit), (30 bytes).
    Removing stm32f10x_usart.o(i.USART_ClockStructInit), (12 bytes).
    Removing stm32f10x_usart.o(i.USART_DMACmd), (16 bytes).
    Removing stm32f10x_usart.o(i.USART_DeInit), (116 bytes).
    Removing stm32f10x_usart.o(i.USART_GetITStatus), (62 bytes).
    Removing stm32f10x_usart.o(i.USART_HalfDuplexCmd), (20 bytes).
    Removing stm32f10x_usart.o(i.USART_ITConfig), (48 bytes).
    Removing stm32f10x_usart.o(i.USART_IrDACmd), (20 bytes).
    Removing stm32f10x_usart.o(i.USART_IrDAConfig), (16 bytes).
    Removing stm32f10x_usart.o(i.USART_LINBreakDetectLengthConfig), (16 bytes).
    Removing stm32f10x_usart.o(i.USART_LINCmd), (20 bytes).
    Removing stm32f10x_usart.o(i.USART_OneBitMethodCmd), (20 bytes).
    Removing stm32f10x_usart.o(i.USART_OverSampling8Cmd), (20 bytes).
    Removing stm32f10x_usart.o(i.USART_ReceiveData), (8 bytes).
    Removing stm32f10x_usart.o(i.USART_ReceiverWakeUpCmd), (20 bytes).
    Removing stm32f10x_usart.o(i.USART_SendBreak), (10 bytes).
    Removing stm32f10x_usart.o(i.USART_SetAddress), (16 bytes).
    Removing stm32f10x_usart.o(i.USART_SetGuardTime), (16 bytes).
    Removing stm32f10x_usart.o(i.USART_SetPrescaler), (16 bytes).
    Removing stm32f10x_usart.o(i.USART_SmartCardCmd), (20 bytes).
    Removing stm32f10x_usart.o(i.USART_SmartCardNACKCmd), (20 bytes).
    Removing stm32f10x_usart.o(i.USART_StructInit), (22 bytes).
    Removing stm32f10x_usart.o(i.USART_WakeUpConfig), (16 bytes).
    Removing stm32f10x_wwdg.o(i.WWDG_ClearFlag), (12 bytes).
    Removing stm32f10x_wwdg.o(i.WWDG_DeInit), (24 bytes).
    Removing stm32f10x_wwdg.o(i.WWDG_Enable), (16 bytes).
    Removing stm32f10x_wwdg.o(i.WWDG_EnableIT), (12 bytes).
    Removing stm32f10x_wwdg.o(i.WWDG_GetFlagStatus), (12 bytes).
    Removing stm32f10x_wwdg.o(i.WWDG_SetCounter), (16 bytes).
    Removing stm32f10x_wwdg.o(i.WWDG_SetPrescaler), (20 bytes).
    Removing stm32f10x_wwdg.o(i.WWDG_SetWindowValue), (24 bytes).
    Removing usb_init.o(.data), (2 bytes).
    Removing usb_int.o(i.CTR_HP), (128 bytes).
    Removing usb_regs.o(i.ClearEPDoubleBuff), (36 bytes).
    Removing usb_regs.o(i.ClearEP_CTR_RX), (28 bytes).
    Removing usb_regs.o(i.ClearEP_CTR_TX), (28 bytes).
    Removing usb_regs.o(i.ClearEP_KIND), (36 bytes).
    Removing usb_regs.o(i.FreeUserBuffer), (56 bytes).
    Removing usb_regs.o(i.GetBTABLE), (12 bytes).
    Removing usb_regs.o(i.GetCNTR), (12 bytes).
    Removing usb_regs.o(i.GetDADDR), (12 bytes).
    Removing usb_regs.o(i.GetENDPOINT), (20 bytes).
    Removing usb_regs.o(i.GetEPAddress), (20 bytes).
    Removing usb_regs.o(i.GetEPDblBuf0Addr), (28 bytes).
    Removing usb_regs.o(i.GetEPDblBuf0Count), (32 bytes).
    Removing usb_regs.o(i.GetEPDblBuf1Addr), (32 bytes).
    Removing usb_regs.o(i.GetEPDblBuf1Count), (32 bytes).
    Removing usb_regs.o(i.GetEPDblBufDir), (64 bytes).
    Removing usb_regs.o(i.GetEPRxStatus), (24 bytes).
    Removing usb_regs.o(i.GetEPTxCount), (32 bytes).
    Removing usb_regs.o(i.GetEPTxStatus), (24 bytes).
    Removing usb_regs.o(i.GetEPType), (24 bytes).
    Removing usb_regs.o(i.GetFNR), (12 bytes).
    Removing usb_regs.o(i.GetISTR), (12 bytes).
    Removing usb_regs.o(i.GetRxStallStatus), (28 bytes).
    Removing usb_regs.o(i.GetTxStallStatus), (28 bytes).
    Removing usb_regs.o(i.SetCNTR), (12 bytes).
    Removing usb_regs.o(i.SetDADDR), (12 bytes).
    Removing usb_regs.o(i.SetDouBleBuffEPStall), (44 bytes).
    Removing usb_regs.o(i.SetENDPOINT), (16 bytes).
    Removing usb_regs.o(i.SetEPAddress), (36 bytes).
    Removing usb_regs.o(i.SetEPCountRxReg), (40 bytes).
    Removing usb_regs.o(i.SetEPDblBuf0Addr), (32 bytes).
    Removing usb_regs.o(i.SetEPDblBuf0Count), (96 bytes).
    Removing usb_regs.o(i.SetEPDblBuf1Addr), (32 bytes).
    Removing usb_regs.o(i.SetEPDblBuf1Count), (96 bytes).
    Removing usb_regs.o(i.SetEPDblBuffAddr), (52 bytes).
    Removing usb_regs.o(i.SetEPDblBuffCount), (176 bytes).
    Removing usb_regs.o(i.SetEPDoubleBuff), (36 bytes).
    Removing usb_regs.o(i.SetEP_KIND), (36 bytes).
    Removing usb_regs.o(i.SetISTR), (12 bytes).
    Removing usb_regs.o(i.Set_Status_Out), (36 bytes).
    Removing usb_regs.o(i.ToWord), (6 bytes).
    Removing usb_regs.o(i.ToggleDTOG_RX), (36 bytes).
    Removing usb_regs.o(i.ToggleDTOG_TX), (36 bytes).
    Removing usb_sil.o(i.USB_SIL_Read), (36 bytes).
    Removing usb_sil.o(i.USB_SIL_Write), (40 bytes).
    Removing hw_config.o(i.GPIO_AINConfig), (2 bytes).
    Removing usb_endp.o(.bss), (256 bytes).
    Removing usb_pwr.o(i.PowerOff), (32 bytes).
    Removing usbio.o(.data), (1 bytes).
    Removing stm32f10x_it.o(i.OTG_FS_WKUP_IRQHandler), (6 bytes).
    Removing dadd.o(.text), (330 bytes).
    Removing dmul.o(.text), (226 bytes).
    Removing ddiv.o(.text), (222 bytes).
    Removing dfixul.o(.text), (48 bytes).
    Removing cdrcmple.o(.text), (40 bytes).
    Removing depilogue.o(.text), (194 bytes).

505 unused section(s) (total 17407 bytes) removed from the image.

==============================================================================

Image Symbol Table

    Local Symbols

    Symbol Name                              Value     Ov Type        Size  Object(Section)

    ../../../cmprslib/zerorunl2.c            0x00000000   Number         0  __dczerorl2.o ABSOLUTE
    ../../microlib/division.c                0x00000000   Number         0  uidiv.o ABSOLUTE
    ../../microlib/division.c                0x00000000   Number         0  uldiv.o ABSOLUTE
    ../../microlib/fpadd.c                   0x00000000   Number         0  dadd.o ABSOLUTE
    ../../microlib/fpdiv.c                   0x00000000   Number         0  ddiv.o ABSOLUTE
    ../../microlib/fpepilogue.c              0x00000000   Number         0  depilogue.o ABSOLUTE
    ../../microlib/fpfix.c                   0x00000000   Number         0  dfixul.o ABSOLUTE
    ../../microlib/fpmul.c                   0x00000000   Number         0  dmul.o ABSOLUTE
    ../../microlib/init/entry.s              0x00000000   Number         0  entry7.o ABSOLUTE
    ../../microlib/init/entry.s              0x00000000   Number         0  entry5.o ABSOLUTE
    ../../microlib/init/entry.s              0x00000000   Number         0  entry2.o ABSOLUTE
    ../../microlib/init/entry.s              0x00000000   Number         0  entry.o ABSOLUTE
    ../../microlib/longlong.c                0x00000000   Number         0  llushr.o ABSOLUTE
    ../../microlib/longlong.c                0x00000000   Number         0  llshl.o ABSOLUTE
    ../../microlib/longlong.c                0x00000000   Number         0  llsshr.o ABSOLUTE
    ../../microlib/printf/printf.c           0x00000000   Number         0  printf0.o ABSOLUTE
    ../../microlib/printf/printf.c           0x00000000   Number         0  printf4.o ABSOLUTE
    ../../microlib/printf/printf.c           0x00000000   Number         0  printf5.o ABSOLUTE
    ../../microlib/printf/printf.c           0x00000000   Number         0  printf6.o ABSOLUTE
    ../../microlib/printf/printf.c           0x00000000   Number         0  printf7.o ABSOLUTE
    ../../microlib/printf/printf.c           0x00000000   Number         0  printf8.o ABSOLUTE
    ../../microlib/printf/printf.c           0x00000000   Number         0  printfa.o ABSOLUTE
    ../../microlib/printf/printf.c           0x00000000   Number         0  printf1.o ABSOLUTE
    ../../microlib/printf/printf.c           0x00000000   Number         0  printfb.o ABSOLUTE
    ../../microlib/printf/printf.c           0x00000000   Number         0  printf2.o ABSOLUTE
    ../../microlib/printf/printf.c           0x00000000   Number         0  printf3.o ABSOLUTE
    ../../microlib/printf/stubs.s            0x00000000   Number         0  stubs.o ABSOLUTE
    ../../microlib/stdio/streams.c           0x00000000   Number         0  stdout.o ABSOLUTE
    ../../microlib/stubs.s                   0x00000000   Number         0  iusefp.o ABSOLUTE
    ..\Libraries\CMSIS\CM3\CoreSupport\core_cm3.c 0x00000000   Number         0  core_cm3.o ABSOLUTE
    ..\Libraries\CMSIS\CM3\DeviceSupport\ST\STM32F10x\startup\arm\startup_stm32f10x_hd.s 0x00000000   Number         0  startup_stm32f10x_hd.o ABSOLUTE
    ..\Libraries\STM32F10x_StdPeriph_Driver\src\misc.c 0x00000000   Number         0  misc.o ABSOLUTE
    ..\Libraries\STM32F10x_StdPeriph_Driver\src\stm32f10x_adc.c 0x00000000   Number         0  stm32f10x_adc.o ABSOLUTE
    ..\Libraries\STM32F10x_StdPeriph_Driver\src\stm32f10x_bkp.c 0x00000000   Number         0  stm32f10x_bkp.o ABSOLUTE
    ..\Libraries\STM32F10x_StdPeriph_Driver\src\stm32f10x_can.c 0x00000000   Number         0  stm32f10x_can.o ABSOLUTE
    ..\Libraries\STM32F10x_StdPeriph_Driver\src\stm32f10x_cec.c 0x00000000   Number         0  stm32f10x_cec.o ABSOLUTE
    ..\Libraries\STM32F10x_StdPeriph_Driver\src\stm32f10x_crc.c 0x00000000   Number         0  stm32f10x_crc.o ABSOLUTE
    ..\Libraries\STM32F10x_StdPeriph_Driver\src\stm32f10x_dac.c 0x00000000   Number         0  stm32f10x_dac.o ABSOLUTE
    ..\Libraries\STM32F10x_StdPeriph_Driver\src\stm32f10x_dbgmcu.c 0x00000000   Number         0  stm32f10x_dbgmcu.o ABSOLUTE
    ..\Libraries\STM32F10x_StdPeriph_Driver\src\stm32f10x_dma.c 0x00000000   Number         0  stm32f10x_dma.o ABSOLUTE
    ..\Libraries\STM32F10x_StdPeriph_Driver\src\stm32f10x_exti.c 0x00000000   Number         0  stm32f10x_exti.o ABSOLUTE
    ..\Libraries\STM32F10x_StdPeriph_Driver\src\stm32f10x_flash.c 0x00000000   Number         0  stm32f10x_flash.o ABSOLUTE
    ..\Libraries\STM32F10x_StdPeriph_Driver\src\stm32f10x_fsmc.c 0x00000000   Number         0  stm32f10x_fsmc.o ABSOLUTE
    ..\Libraries\STM32F10x_StdPeriph_Driver\src\stm32f10x_gpio.c 0x00000000   Number         0  stm32f10x_gpio.o ABSOLUTE
    ..\Libraries\STM32F10x_StdPeriph_Driver\src\stm32f10x_i2c.c 0x00000000   Number         0  stm32f10x_i2c.o ABSOLUTE
    ..\Libraries\STM32F10x_StdPeriph_Driver\src\stm32f10x_iwdg.c 0x00000000   Number         0  stm32f10x_iwdg.o ABSOLUTE
    ..\Libraries\STM32F10x_StdPeriph_Driver\src\stm32f10x_pwr.c 0x00000000   Number         0  stm32f10x_pwr.o ABSOLUTE
    ..\Libraries\STM32F10x_StdPeriph_Driver\src\stm32f10x_rcc.c 0x00000000   Number         0  stm32f10x_rcc.o ABSOLUTE
    ..\Libraries\STM32F10x_StdPeriph_Driver\src\stm32f10x_rtc.c 0x00000000   Number         0  stm32f10x_rtc.o ABSOLUTE
    ..\Libraries\STM32F10x_StdPeriph_Driver\src\stm32f10x_sdio.c 0x00000000   Number         0  stm32f10x_sdio.o ABSOLUTE
    ..\Libraries\STM32F10x_StdPeriph_Driver\src\stm32f10x_spi.c 0x00000000   Number         0  stm32f10x_spi.o ABSOLUTE
    ..\Libraries\STM32F10x_StdPeriph_Driver\src\stm32f10x_tim.c 0x00000000   Number         0  stm32f10x_tim.o ABSOLUTE
    ..\Libraries\STM32F10x_StdPeriph_Driver\src\stm32f10x_usart.c 0x00000000   Number         0  stm32f10x_usart.o ABSOLUTE
    ..\Libraries\STM32F10x_StdPeriph_Driver\src\stm32f10x_wwdg.c 0x00000000   Number         0  stm32f10x_wwdg.o ABSOLUTE
    ..\Libraries\STM32_USB-FS-Device_Driver\src\usb_core.c 0x00000000   Number         0  usb_core.o ABSOLUTE
    ..\Libraries\STM32_USB-FS-Device_Driver\src\usb_init.c 0x00000000   Number         0  usb_init.o ABSOLUTE
    ..\Libraries\STM32_USB-FS-Device_Driver\src\usb_int.c 0x00000000   Number         0  usb_int.o ABSOLUTE
    ..\Libraries\STM32_USB-FS-Device_Driver\src\usb_mem.c 0x00000000   Number         0  usb_mem.o ABSOLUTE
    ..\Libraries\STM32_USB-FS-Device_Driver\src\usb_regs.c 0x00000000   Number         0  usb_regs.o ABSOLUTE
    ..\Libraries\STM32_USB-FS-Device_Driver\src\usb_sil.c 0x00000000   Number         0  usb_sil.o ABSOLUTE
    ..\User\USB\hw_config.c                  0x00000000   Number         0  hw_config.o ABSOLUTE
    ..\User\USB\usb_desc.c                   0x00000000   Number         0  usb_desc.o ABSOLUTE
    ..\User\USB\usb_endp.c                   0x00000000   Number         0  usb_endp.o ABSOLUTE
    ..\User\USB\usb_istr.c                   0x00000000   Number         0  usb_istr.o ABSOLUTE
    ..\User\USB\usb_prop.c                   0x00000000   Number         0  usb_prop.o ABSOLUTE
    ..\User\USB\usb_pwr.c                    0x00000000   Number         0  usb_pwr.o ABSOLUTE
    ..\User\main.c                           0x00000000   Number         0  main.o ABSOLUTE
    ..\User\stm32f10x_it.c                   0x00000000   Number         0  stm32f10x_it.o ABSOLUTE
    ..\User\system_stm32f10x.c               0x00000000   Number         0  system_stm32f10x.o ABSOLUTE
    ..\User\usart.c                          0x00000000   Number         0  usart.o ABSOLUTE
    ..\User\usbio.c                          0x00000000   Number         0  usbio.o ABSOLUTE
    ..\\Libraries\\CMSIS\\CM3\\CoreSupport\\core_cm3.c 0x00000000   Number         0  core_cm3.o ABSOLUTE
    cdrcmple.s                               0x00000000   Number         0  cdrcmple.o ABSOLUTE
    dc.s                                     0x00000000   Number         0  dc.o ABSOLUTE
    handlers.s                               0x00000000   Number         0  handlers.o ABSOLUTE
    init.s                                   0x00000000   Number         0  init.o ABSOLUTE
    RESET                                    0x08000000   Section      304  startup_stm32f10x_hd.o(RESET)
    .ARM.Collect$$$$00000000                 0x08000130   Section        0  entry.o(.ARM.Collect$$$$00000000)
    .ARM.Collect$$$$00000001                 0x08000130   Section        4  entry2.o(.ARM.Collect$$$$00000001)
    .ARM.Collect$$$$00000004                 0x08000134   Section        4  entry5.o(.ARM.Collect$$$$00000004)
    .ARM.Collect$$$$00000007                 0x08000138   Section        8  entry7.o(.ARM.Collect$$$$00000007)
    .ARM.Collect$$$$00002712                 0x08000140   Section        4  entry2.o(.ARM.Collect$$$$00002712)
    __lit__00000000                          0x08000140   Data           4  entry2.o(.ARM.Collect$$$$00002712)
    .text                                    0x08000144   Section       36  startup_stm32f10x_hd.o(.text)
    .text                                    0x08000168   Section        0  uidiv.o(.text)
    .text                                    0x08000194   Section       36  init.o(.text)
    .text                                    0x080001b8   Section        0  __dczerorl2.o(.text)
    i.BusFault_Handler                       0x08000214   Section        0  stm32f10x_it.o(i.BusFault_Handler)
    i.ByteSwap                               0x08000216   Section        0  usb_regs.o(i.ByteSwap)
    i.CTR_LP                                 0x08000220   Section        0  usb_int.o(i.CTR_LP)
    i.ClearDTOG_RX                           0x0800037c   Section        0  usb_regs.o(i.ClearDTOG_RX)
    i.ClearDTOG_TX                           0x080003a8   Section        0  usb_regs.o(i.ClearDTOG_TX)
    i.Clear_Status_Out                       0x080003d4   Section        0  usb_regs.o(i.Clear_Status_Out)
    i.CustomHID_Data_Setup                   0x080003f8   Section        0  usb_prop.o(i.CustomHID_Data_Setup)
    i.CustomHID_GetConfigDescriptor          0x08000454   Section        0  usb_prop.o(i.CustomHID_GetConfigDescriptor)
    i.CustomHID_GetDeviceDescriptor          0x08000460   Section        0  usb_prop.o(i.CustomHID_GetDeviceDescriptor)
    i.CustomHID_GetHIDDescriptor             0x0800046c   Section        0  usb_prop.o(i.CustomHID_GetHIDDescriptor)
    i.CustomHID_GetProtocolValue             0x08000478   Section        0  usb_prop.o(i.CustomHID_GetProtocolValue)
    i.CustomHID_GetReportDescriptor          0x08000494   Section        0  usb_prop.o(i.CustomHID_GetReportDescriptor)
    i.CustomHID_GetStringDescriptor          0x08000498   Section        0  usb_prop.o(i.CustomHID_GetStringDescriptor)
    i.CustomHID_Get_Interface_Setting        0x080004b8   Section        0  usb_prop.o(i.CustomHID_Get_Interface_Setting)
    i.CustomHID_NoData_Setup                 0x080004c4   Section        0  usb_prop.o(i.CustomHID_NoData_Setup)
    i.CustomHID_Reset                        0x080004e4   Section        0  usb_prop.o(i.CustomHID_Reset)
    i.CustomHID_SetConfiguration             0x080005c0   Section        0  usb_prop.o(i.CustomHID_SetConfiguration)
    i.CustomHID_SetDeviceAddress             0x080005d8   Section        0  usb_prop.o(i.CustomHID_SetDeviceAddress)
    i.CustomHID_SetProtocol                  0x080005e4   Section        0  usb_prop.o(i.CustomHID_SetProtocol)
    i.CustomHID_Status_In                    0x080005fc   Section        0  usb_prop.o(i.CustomHID_Status_In)
    i.CustomHID_Status_Out                   0x080005fe   Section        0  usb_prop.o(i.CustomHID_Status_Out)
    i.CustomHID_init                         0x08000600   Section        0  usb_prop.o(i.CustomHID_init)
    i.DataStageIn                            0x08000624   Section        0  usb_core.o(i.DataStageIn)
    DataStageIn                              0x08000625   Thumb Code   162  usb_core.o(i.DataStageIn)
    i.DataStageOut                           0x080006e0   Section        0  usb_core.o(i.DataStageOut)
    DataStageOut                             0x080006e1   Thumb Code   148  usb_core.o(i.DataStageOut)
    i.Data_Setup0                            0x08000788   Section        0  usb_core.o(i.Data_Setup0)
    Data_Setup0                              0x08000789   Thumb Code   376  usb_core.o(i.Data_Setup0)
    i.DebugMon_Handler                       0x08000924   Section        0  stm32f10x_it.o(i.DebugMon_Handler)
    i.EP1_IN_Callback                        0x08000926   Section        0  usb_endp.o(i.EP1_IN_Callback)
    i.EP1_OUT_Callback                       0x08000928   Section        0  usb_endp.o(i.EP1_OUT_Callback)
    i.EP2_IN_Callback                        0x08000958   Section        0  usb_endp.o(i.EP2_IN_Callback)
    i.EP2_OUT_Callback                       0x0800095c   Section        0  usb_endp.o(i.EP2_OUT_Callback)
    i.Enter_LowPowerMode                     0x0800098c   Section        0  hw_config.o(i.Enter_LowPowerMode)
    i.FLASH_PrefetchBufferCmd                0x08000990   Section        0  stm32f10x_flash.o(i.FLASH_PrefetchBufferCmd)
    i.FLASH_SetLatency                       0x080009a8   Section        0  stm32f10x_flash.o(i.FLASH_SetLatency)
    i.GPIO_Init                              0x080009bc   Section        0  stm32f10x_gpio.o(i.GPIO_Init)
    i.GPIO_ResetBits                         0x08000a58   Section        0  stm32f10x_gpio.o(i.GPIO_ResetBits)
    i.GPIO_SetBits                           0x08000a5c   Section        0  stm32f10x_gpio.o(i.GPIO_SetBits)
    i.GetEPRxAddr                            0x08000a60   Section        0  usb_regs.o(i.GetEPRxAddr)
    i.GetEPRxCount                           0x08000a80   Section        0  usb_regs.o(i.GetEPRxCount)
    i.GetEPTxAddr                            0x08000aa0   Section        0  usb_regs.o(i.GetEPTxAddr)
    i.Get_SerialNum                          0x08000abc   Section        0  hw_config.o(i.Get_SerialNum)
    i.HardFault_Handler                      0x08000aec   Section        0  stm32f10x_it.o(i.HardFault_Handler)
    i.In0_Process                            0x08000af0   Section        0  usb_core.o(i.In0_Process)
    i.IntToUnicode                           0x08000b4c   Section        0  hw_config.o(i.IntToUnicode)
    IntToUnicode                             0x08000b4d   Thumb Code    54  hw_config.o(i.IntToUnicode)
    i.Leave_LowPowerMode                     0x08000b82   Section        0  hw_config.o(i.Leave_LowPowerMode)
    i.MemManage_Handler                      0x08000b84   Section        0  stm32f10x_it.o(i.MemManage_Handler)
    i.NMI_Handler                            0x08000b86   Section        0  stm32f10x_it.o(i.NMI_Handler)
    i.NOP_Process                            0x08000b88   Section        0  usb_core.o(i.NOP_Process)
    i.NVIC_Init                              0x08000b8a   Section        0  misc.o(i.NVIC_Init)
    i.NVIC_PriorityGroupConfig               0x08000be8   Section        0  misc.o(i.NVIC_PriorityGroupConfig)
    i.NoData_Setup0                          0x08000bfc   Section        0  usb_core.o(i.NoData_Setup0)
    NoData_Setup0                            0x08000bfd   Thumb Code   194  usb_core.o(i.NoData_Setup0)
    i.Out0_Process                           0x08000cd4   Section        0  usb_core.o(i.Out0_Process)
    i.PMAToUserBufferCopy                    0x08000d1c   Section        0  usb_mem.o(i.PMAToUserBufferCopy)
    i.PendSV_Handler                         0x08000d38   Section        0  stm32f10x_it.o(i.PendSV_Handler)
    i.Post0_Process                          0x08000d3c   Section        0  usb_core.o(i.Post0_Process)
    i.PowerOn                                0x08000d7c   Section        0  usb_pwr.o(i.PowerOn)
    i.RCC_APB1PeriphClockCmd                 0x08000dac   Section        0  stm32f10x_rcc.o(i.RCC_APB1PeriphClockCmd)
    i.RCC_APB2PeriphClockCmd                 0x08000dc4   Section        0  stm32f10x_rcc.o(i.RCC_APB2PeriphClockCmd)
    i.RCC_DeInit                             0x08000ddc   Section        0  stm32f10x_rcc.o(i.RCC_DeInit)
    i.RCC_GetClocksFreq                      0x08000e1c   Section        0  stm32f10x_rcc.o(i.RCC_GetClocksFreq)
    i.RCC_GetFlagStatus                      0x08000eb4   Section        0  stm32f10x_rcc.o(i.RCC_GetFlagStatus)
    i.RCC_GetSYSCLKSource                    0x08000ee4   Section        0  stm32f10x_rcc.o(i.RCC_GetSYSCLKSource)
    i.RCC_HCLKConfig                         0x08000ef4   Section        0  stm32f10x_rcc.o(i.RCC_HCLKConfig)
    i.RCC_HSEConfig                          0x08000f08   Section        0  stm32f10x_rcc.o(i.RCC_HSEConfig)
    i.RCC_PCLK1Config                        0x08000f3c   Section        0  stm32f10x_rcc.o(i.RCC_PCLK1Config)
    i.RCC_PCLK2Config                        0x08000f50   Section        0  stm32f10x_rcc.o(i.RCC_PCLK2Config)
    i.RCC_PLLCmd                             0x08000f64   Section        0  stm32f10x_rcc.o(i.RCC_PLLCmd)
    i.RCC_PLLConfig                          0x08000f70   Section        0  stm32f10x_rcc.o(i.RCC_PLLConfig)
    i.RCC_SYSCLKConfig                       0x08000f84   Section        0  stm32f10x_rcc.o(i.RCC_SYSCLKConfig)
    i.RCC_USBCLKConfig                       0x08000f98   Section        0  stm32f10x_rcc.o(i.RCC_USBCLKConfig)
    i.RCC_WaitForHSEStartUp                  0x08000fa4   Section        0  stm32f10x_rcc.o(i.RCC_WaitForHSEStartUp)
    i.Resume                                 0x08000fcc   Section        0  usb_pwr.o(i.Resume)
    i.Resume_Init                            0x08001050   Section        0  usb_pwr.o(i.Resume_Init)
    i.SVC_Handler                            0x08001070   Section        0  stm32f10x_it.o(i.SVC_Handler)
    i.SetBTABLE                              0x08001074   Section        0  usb_regs.o(i.SetBTABLE)
    i.SetDeviceAddress                       0x08001084   Section        0  usb_core.o(i.SetDeviceAddress)
    i.SetEPRxAddr                            0x080010c8   Section        0  usb_regs.o(i.SetEPRxAddr)
    i.SetEPRxCount                           0x080010e8   Section        0  usb_regs.o(i.SetEPRxCount)
    i.SetEPRxStatus                          0x08001128   Section        0  usb_regs.o(i.SetEPRxStatus)
    i.SetEPRxValid                           0x0800115c   Section        0  usb_regs.o(i.SetEPRxValid)
    i.SetEPTxAddr                            0x08001184   Section        0  usb_regs.o(i.SetEPTxAddr)
    i.SetEPTxCount                           0x080011a4   Section        0  usb_regs.o(i.SetEPTxCount)
    i.SetEPTxStatus                          0x080011c0   Section        0  usb_regs.o(i.SetEPTxStatus)
    i.SetEPTxValid                           0x080011f4   Section        0  usb_regs.o(i.SetEPTxValid)
    i.SetEPType                              0x0800121c   Section        0  usb_regs.o(i.SetEPType)
    i.SetSysClockTo72                        0x0800123c   Section        0  system_stm32f10x.o(i.SetSysClockTo72)
    SetSysClockTo72                          0x0800123d   Thumb Code   138  system_stm32f10x.o(i.SetSysClockTo72)
    i.Set_System                             0x080012d0   Section        0  hw_config.o(i.Set_System)
    i.Set_USBClock                           0x080013a4   Section        0  hw_config.o(i.Set_USBClock)
    i.Setup0_Process                         0x080013b8   Section        0  usb_core.o(i.Setup0_Process)
    i.Standard_ClearFeature                  0x08001428   Section        0  usb_core.o(i.Standard_ClearFeature)
    i.Standard_GetConfiguration              0x08001528   Section        0  usb_core.o(i.Standard_GetConfiguration)
    i.Standard_GetDescriptorData             0x08001550   Section        0  usb_core.o(i.Standard_GetDescriptorData)
    i.Standard_GetInterface                  0x0800156c   Section        0  usb_core.o(i.Standard_GetInterface)
    i.Standard_GetStatus                     0x08001594   Section        0  usb_core.o(i.Standard_GetStatus)
    i.Standard_SetConfiguration              0x08001628   Section        0  usb_core.o(i.Standard_SetConfiguration)
    i.Standard_SetDeviceFeature              0x08001660   Section        0  usb_core.o(i.Standard_SetDeviceFeature)
    i.Standard_SetEndPointFeature            0x08001684   Section        0  usb_core.o(i.Standard_SetEndPointFeature)
    i.Standard_SetInterface                  0x08001710   Section        0  usb_core.o(i.Standard_SetInterface)
    i.Suspend                                0x08001758   Section        0  usb_pwr.o(i.Suspend)
    i.SysTick_Handler                        0x08001778   Section        0  stm32f10x_it.o(i.SysTick_Handler)
    i.SystemInit                             0x0800177c   Section        0  system_stm32f10x.o(i.SystemInit)
    i.USART_Cmd                              0x080017cc   Section        0  stm32f10x_usart.o(i.USART_Cmd)
    i.USART_Configuration                    0x080017e0   Section        0  usart.o(i.USART_Configuration)
    i.USART_GPIO_Configuration               0x08001820   Section        0  usart.o(i.USART_GPIO_Configuration)
    i.USART_GetFlagStatus                    0x0800185c   Section        0  stm32f10x_usart.o(i.USART_GetFlagStatus)
    i.USART_Init                             0x0800186c   Section        0  stm32f10x_usart.o(i.USART_Init)
    i.USART_RCC_Configuration                0x08001920   Section        0  usart.o(i.USART_RCC_Configuration)
    i.USART_SendData                         0x0800192a   Section        0  stm32f10x_usart.o(i.USART_SendData)
    i.USB_Cable_Config                       0x08001934   Section        0  hw_config.o(i.USB_Cable_Config)
    i.USB_GetData                            0x0800194c   Section        0  usbio.o(i.USB_GetData)
    i.USB_Init                               0x08001970   Section        0  usb_init.o(i.USB_Init)
    i.USB_Interrupts_Config                  0x08001998   Section        0  hw_config.o(i.USB_Interrupts_Config)
    i.USB_Istr                               0x080019c0   Section        0  usb_istr.o(i.USB_Istr)
    i.USB_LP_CAN1_RX0_IRQHandler             0x08001a8c   Section        0  stm32f10x_it.o(i.USB_LP_CAN1_RX0_IRQHandler)
    i.USB_SIL_Init                           0x08001a90   Section        0  usb_sil.o(i.USB_SIL_Init)
    i.USB_SendData                           0x08001ab0   Section        0  usbio.o(i.USB_SendData)
    i.UsageFault_Handler                     0x08001ade   Section        0  stm32f10x_it.o(i.UsageFault_Handler)
    i.UserToPMABufferCopy                    0x08001ae0   Section        0  usb_mem.o(i.UserToPMABufferCopy)
    i.__0printf$1                            0x08001b08   Section        0  printf1.o(i.__0printf$1)
    i.__scatterload_copy                     0x08001b28   Section       14  handlers.o(i.__scatterload_copy)
    i.__scatterload_null                     0x08001b36   Section        2  handlers.o(i.__scatterload_null)
    i.__scatterload_zeroinit                 0x08001b38   Section       14  handlers.o(i.__scatterload_zeroinit)
    i._printf_core                           0x08001b48   Section        0  printf1.o(i._printf_core)
    _printf_core                             0x08001b49   Thumb Code   334  printf1.o(i._printf_core)
    i.fputc                                  0x08001c9c   Section        0  usart.o(i.fputc)
    i.main                                   0x08001cc0   Section        0  main.o(i.main)
    .constdata                               0x08001df0   Section       18  usb_desc.o(.constdata)
    .constdata                               0x08001e02   Section       46  usb_desc.o(.constdata)
    .constdata                               0x08001e30   Section        4  usb_desc.o(.constdata)
    .constdata                               0x08001e34   Section       20  usb_desc.o(.constdata)
    .constdata                               0x08001e48   Section       26  usb_desc.o(.constdata)
    .constdata                               0x08001e64   Section      336  main.o(.constdata)
    .data                                    0x20000000   Section       20  stm32f10x_rcc.o(.data)
    ADCPrescTable                            0x20000000   Data           4  stm32f10x_rcc.o(.data)
    APBAHBPrescTable                         0x20000004   Data          16  stm32f10x_rcc.o(.data)
    .data                                    0x20000014   Section        4  usb_core.o(.data)
    .data                                    0x20000018   Section        1  usb_init.o(.data)
    .data                                    0x2000001c   Section       12  usb_init.o(.data)
    .data                                    0x20000028   Section        2  usb_init.o(.data)
    .data                                    0x2000002a   Section        4  usb_int.o(.data)
    .data                                    0x2000002e   Section        1  hw_config.o(.data)
    .data                                    0x2000002f   Section       26  usb_desc.o(.data)
    .data                                    0x2000004c   Section        8  usb_endp.o(.data)
    .data                                    0x20000054   Section        4  usb_istr.o(.data)
    .data                                    0x20000058   Section       28  usb_istr.o(.data)
    .data                                    0x20000074   Section       28  usb_istr.o(.data)
    .data                                    0x20000090   Section        2  usb_prop.o(.data)
    .data                                    0x20000094   Section      108  usb_prop.o(.data)
    .data                                    0x20000100   Section       36  usb_prop.o(.data)
    .data                                    0x20000124   Section        4  usb_pwr.o(.data)
    .data                                    0x20000128   Section        1  usb_pwr.o(.data)
    .data                                    0x20000129   Section        2  usb_pwr.o(.data)
    .data                                    0x2000012c   Section        4  stdout.o(.data)
    .bss                                     0x20000130   Section       28  usb_init.o(.bss)
    .bss                                     0x2000014c   Section      256  usb_endp.o(.bss)
    STACK                                    0x20000250   Section     1024  startup_stm32f10x_hd.o(STACK)

    Global Symbols

    Symbol Name                              Value     Ov Type        Size  Object(Section)

    BuildAttributes$$THM_ISAv4$P$D$K$B$S$PE$A:L22UL41UL21$X:L11$S22US41US21$IEEE1$IW$USESV6$~STKCKD$USESV7$~SHL$OSPACE$ROPI$EBA8$MICROLIB$REQ8$PRES8$EABIv2 0x00000000   Number         0  anon$$obj.o ABSOLUTE
    __ARM_use_no_argv                        0x00000000   Number         0  main.o ABSOLUTE
    _printf_a                                0x00000000   Number         0  stubs.o ABSOLUTE
    _printf_c                                0x00000000   Number         0  stubs.o ABSOLUTE
    _printf_charcount                        0x00000000   Number         0  stubs.o ABSOLUTE
    _printf_d                                0x00000000   Number         0  stubs.o ABSOLUTE
    _printf_e                                0x00000000   Number         0  stubs.o ABSOLUTE
    _printf_f                                0x00000000   Number         0  stubs.o ABSOLUTE
    _printf_flags                            0x00000000   Number         0  stubs.o ABSOLUTE
    _printf_fp_dec                           0x00000000   Number         0  stubs.o ABSOLUTE
    _printf_fp_hex                           0x00000000   Number         0  stubs.o ABSOLUTE
    _printf_g                                0x00000000   Number         0  stubs.o ABSOLUTE
    _printf_i                                0x00000000   Number         0  stubs.o ABSOLUTE
    _printf_int_dec                          0x00000000   Number         0  stubs.o ABSOLUTE
    _printf_l                                0x00000000   Number         0  stubs.o ABSOLUTE
    _printf_lc                               0x00000000   Number         0  stubs.o ABSOLUTE
    _printf_ll                               0x00000000   Number         0  stubs.o ABSOLUTE
    _printf_lld                              0x00000000   Number         0  stubs.o ABSOLUTE
    _printf_lli                              0x00000000   Number         0  stubs.o ABSOLUTE
    _printf_llo                              0x00000000   Number         0  stubs.o ABSOLUTE
    _printf_llu                              0x00000000   Number         0  stubs.o ABSOLUTE
    _printf_llx                              0x00000000   Number         0  stubs.o ABSOLUTE
    _printf_longlong_dec                     0x00000000   Number         0  stubs.o ABSOLUTE
    _printf_longlong_hex                     0x00000000   Number         0  stubs.o ABSOLUTE
    _printf_longlong_oct                     0x00000000   Number         0  stubs.o ABSOLUTE
    _printf_ls                               0x00000000   Number         0  stubs.o ABSOLUTE
    _printf_mbtowc                           0x00000000   Number         0  stubs.o ABSOLUTE
    _printf_n                                0x00000000   Number         0  stubs.o ABSOLUTE
    _printf_o                                0x00000000   Number         0  stubs.o ABSOLUTE
    _printf_p                                0x00000000   Number         0  stubs.o ABSOLUTE
    _printf_percent                          0x00000000   Number         0  stubs.o ABSOLUTE
    _printf_pre_padding                      0x00000000   Number         0  stubs.o ABSOLUTE
    _printf_return_value                     0x00000000   Number         0  stubs.o ABSOLUTE
    _printf_s                                0x00000000   Number         0  stubs.o ABSOLUTE
    _printf_sizespec                         0x00000000   Number         0  stubs.o ABSOLUTE
    _printf_str                              0x00000000   Number         0  stubs.o ABSOLUTE
    _printf_truncate_signed                  0x00000000   Number         0  stubs.o ABSOLUTE
    _printf_truncate_unsigned                0x00000000   Number         0  stubs.o ABSOLUTE
    _printf_u                                0x00000000   Number         0  stubs.o ABSOLUTE
    _printf_wc                               0x00000000   Number         0  stubs.o ABSOLUTE
    _printf_wctomb                           0x00000000   Number         0  stubs.o ABSOLUTE
    _printf_widthprec                        0x00000000   Number         0  stubs.o ABSOLUTE
    _printf_x                                0x00000000   Number         0  stubs.o ABSOLUTE
    __Vectors_Size                           0x00000130   Number         0  startup_stm32f10x_hd.o ABSOLUTE
    __Vectors                                0x08000000   Data           4  startup_stm32f10x_hd.o(RESET)
    __Vectors_End                            0x08000130   Data           0  startup_stm32f10x_hd.o(RESET)
    __main                                   0x08000131   Thumb Code     0  entry.o(.ARM.Collect$$$$00000000)
    _main_stk                                0x08000131   Thumb Code     0  entry2.o(.ARM.Collect$$$$00000001)
    _main_scatterload                        0x08000135   Thumb Code     0  entry5.o(.ARM.Collect$$$$00000004)
    __main_after_scatterload                 0x08000139   Thumb Code     0  entry5.o(.ARM.Collect$$$$00000004)
    _main_init                               0x08000139   Thumb Code     0  entry7.o(.ARM.Collect$$$$00000007)
    Reset_Handler                            0x08000145   Thumb Code     8  startup_stm32f10x_hd.o(.text)
    ADC1_2_IRQHandler                        0x0800015f   Thumb Code     0  startup_stm32f10x_hd.o(.text)
    ADC3_IRQHandler                          0x0800015f   Thumb Code     0  startup_stm32f10x_hd.o(.text)
    CAN1_RX1_IRQHandler                      0x0800015f   Thumb Code     0  startup_stm32f10x_hd.o(.text)
    CAN1_SCE_IRQHandler                      0x0800015f   Thumb Code     0  startup_stm32f10x_hd.o(.text)
    DMA1_Channel1_IRQHandler                 0x0800015f   Thumb Code     0  startup_stm32f10x_hd.o(.text)
    DMA1_Channel2_IRQHandler                 0x0800015f   Thumb Code     0  startup_stm32f10x_hd.o(.text)
    DMA1_Channel3_IRQHandler                 0x0800015f   Thumb Code     0  startup_stm32f10x_hd.o(.text)
    DMA1_Channel4_IRQHandler                 0x0800015f   Thumb Code     0  startup_stm32f10x_hd.o(.text)
    DMA1_Channel5_IRQHandler                 0x0800015f   Thumb Code     0  startup_stm32f10x_hd.o(.text)
    DMA1_Channel6_IRQHandler                 0x0800015f   Thumb Code     0  startup_stm32f10x_hd.o(.text)
    DMA1_Channel7_IRQHandler                 0x0800015f   Thumb Code     0  startup_stm32f10x_hd.o(.text)
    DMA2_Channel1_IRQHandler                 0x0800015f   Thumb Code     0  startup_stm32f10x_hd.o(.text)
    DMA2_Channel2_IRQHandler                 0x0800015f   Thumb Code     0  startup_stm32f10x_hd.o(.text)
    DMA2_Channel3_IRQHandler                 0x0800015f   Thumb Code     0  startup_stm32f10x_hd.o(.text)
    DMA2_Channel4_5_IRQHandler               0x0800015f   Thumb Code     0  startup_stm32f10x_hd.o(.text)
    EXTI0_IRQHandler                         0x0800015f   Thumb Code     0  startup_stm32f10x_hd.o(.text)
    EXTI15_10_IRQHandler                     0x0800015f   Thumb Code     0  startup_stm32f10x_hd.o(.text)
    EXTI1_IRQHandler                         0x0800015f   Thumb Code     0  startup_stm32f10x_hd.o(.text)
    EXTI2_IRQHandler                         0x0800015f   Thumb Code     0  startup_stm32f10x_hd.o(.text)
    EXTI3_IRQHandler                         0x0800015f   Thumb Code     0  startup_stm32f10x_hd.o(.text)
    EXTI4_IRQHandler                         0x0800015f   Thumb Code     0  startup_stm32f10x_hd.o(.text)
    EXTI9_5_IRQHandler                       0x0800015f   Thumb Code     0  startup_stm32f10x_hd.o(.text)
    FLASH_IRQHandler                         0x0800015f   Thumb Code     0  startup_stm32f10x_hd.o(.text)
    FSMC_IRQHandler                          0x0800015f   Thumb Code     0  startup_stm32f10x_hd.o(.text)
    I2C1_ER_IRQHandler                       0x0800015f   Thumb Code     0  startup_stm32f10x_hd.o(.text)
    I2C1_EV_IRQHandler                       0x0800015f   Thumb Code     0  startup_stm32f10x_hd.o(.text)
    I2C2_ER_IRQHandler                       0x0800015f   Thumb Code     0  startup_stm32f10x_hd.o(.text)
    I2C2_EV_IRQHandler                       0x0800015f   Thumb Code     0  startup_stm32f10x_hd.o(.text)
    PVD_IRQHandler                           0x0800015f   Thumb Code     0  startup_stm32f10x_hd.o(.text)
    RCC_IRQHandler                           0x0800015f   Thumb Code     0  startup_stm32f10x_hd.o(.text)
    RTCAlarm_IRQHandler                      0x0800015f   Thumb Code     0  startup_stm32f10x_hd.o(.text)
    RTC_IRQHandler                           0x0800015f   Thumb Code     0  startup_stm32f10x_hd.o(.text)
    SDIO_IRQHandler                          0x0800015f   Thumb Code     0  startup_stm32f10x_hd.o(.text)
    SPI1_IRQHandler                          0x0800015f   Thumb Code     0  startup_stm32f10x_hd.o(.text)
    SPI2_IRQHandler                          0x0800015f   Thumb Code     0  startup_stm32f10x_hd.o(.text)
    SPI3_IRQHandler                          0x0800015f   Thumb Code     0  startup_stm32f10x_hd.o(.text)
    TAMPER_IRQHandler                        0x0800015f   Thumb Code     0  startup_stm32f10x_hd.o(.text)
    TIM1_BRK_IRQHandler                      0x0800015f   Thumb Code     0  startup_stm32f10x_hd.o(.text)
    TIM1_CC_IRQHandler                       0x0800015f   Thumb Code     0  startup_stm32f10x_hd.o(.text)
    TIM1_TRG_COM_IRQHandler                  0x0800015f   Thumb Code     0  startup_stm32f10x_hd.o(.text)
    TIM1_UP_IRQHandler                       0x0800015f   Thumb Code     0  startup_stm32f10x_hd.o(.text)
    TIM2_IRQHandler                          0x0800015f   Thumb Code     0  startup_stm32f10x_hd.o(.text)
    TIM3_IRQHandler                          0x0800015f   Thumb Code     0  startup_stm32f10x_hd.o(.text)
    TIM4_IRQHandler                          0x0800015f   Thumb Code     0  startup_stm32f10x_hd.o(.text)
    TIM5_IRQHandler                          0x0800015f   Thumb Code     0  startup_stm32f10x_hd.o(.text)
    TIM6_IRQHandler                          0x0800015f   Thumb Code     0  startup_stm32f10x_hd.o(.text)
    TIM7_IRQHandler                          0x0800015f   Thumb Code     0  startup_stm32f10x_hd.o(.text)
    TIM8_BRK_IRQHandler                      0x0800015f   Thumb Code     0  startup_stm32f10x_hd.o(.text)
    TIM8_CC_IRQHandler                       0x0800015f   Thumb Code     0  startup_stm32f10x_hd.o(.text)
    TIM8_TRG_COM_IRQHandler                  0x0800015f   Thumb Code     0  startup_stm32f10x_hd.o(.text)
    TIM8_UP_IRQHandler                       0x0800015f   Thumb Code     0  startup_stm32f10x_hd.o(.text)
    UART4_IRQHandler                         0x0800015f   Thumb Code     0  startup_stm32f10x_hd.o(.text)
    UART5_IRQHandler                         0x0800015f   Thumb Code     0  startup_stm32f10x_hd.o(.text)
    USART1_IRQHandler                        0x0800015f   Thumb Code     0  startup_stm32f10x_hd.o(.text)
    USART2_IRQHandler                        0x0800015f   Thumb Code     0  startup_stm32f10x_hd.o(.text)
    USART3_IRQHandler                        0x0800015f   Thumb Code     0  startup_stm32f10x_hd.o(.text)
    USBWakeUp_IRQHandler                     0x0800015f   Thumb Code     0  startup_stm32f10x_hd.o(.text)
    USB_HP_CAN1_TX_IRQHandler                0x0800015f   Thumb Code     0  startup_stm32f10x_hd.o(.text)
    WWDG_IRQHandler                          0x0800015f   Thumb Code     0  startup_stm32f10x_hd.o(.text)
    __aeabi_uidiv                            0x08000169   Thumb Code     0  uidiv.o(.text)
    __aeabi_uidivmod                         0x08000169   Thumb Code    44  uidiv.o(.text)
    __scatterload                            0x08000195   Thumb Code    28  init.o(.text)
    __scatterload_rt2                        0x08000195   Thumb Code     0  init.o(.text)
    __decompress                             0x080001b9   Thumb Code     0  __dczerorl2.o(.text)
    __decompress1                            0x080001b9   Thumb Code    92  __dczerorl2.o(.text)
    BusFault_Handler                         0x08000215   Thumb Code     2  stm32f10x_it.o(i.BusFault_Handler)
    ByteSwap                                 0x08000217   Thumb Code    10  usb_regs.o(i.ByteSwap)
    CTR_LP                                   0x08000221   Thumb Code   322  usb_int.o(i.CTR_LP)
    ClearDTOG_RX                             0x0800037d   Thumb Code    38  usb_regs.o(i.ClearDTOG_RX)
    ClearDTOG_TX                             0x080003a9   Thumb Code    38  usb_regs.o(i.ClearDTOG_TX)
    Clear_Status_Out                         0x080003d5   Thumb Code    30  usb_regs.o(i.Clear_Status_Out)
    CustomHID_Data_Setup                     0x080003f9   Thumb Code    74  usb_prop.o(i.CustomHID_Data_Setup)
    CustomHID_GetConfigDescriptor            0x08000455   Thumb Code     6  usb_prop.o(i.CustomHID_GetConfigDescriptor)
    CustomHID_GetDeviceDescriptor            0x08000461   Thumb Code     6  usb_prop.o(i.CustomHID_GetDeviceDescriptor)
    CustomHID_GetHIDDescriptor               0x0800046d   Thumb Code     6  usb_prop.o(i.CustomHID_GetHIDDescriptor)
    CustomHID_GetProtocolValue               0x08000479   Thumb Code    18  usb_prop.o(i.CustomHID_GetProtocolValue)
    CustomHID_GetReportDescriptor            0x08000495   Thumb Code     4  usb_prop.o(i.CustomHID_GetReportDescriptor)
    CustomHID_GetStringDescriptor            0x08000499   Thumb Code    24  usb_prop.o(i.CustomHID_GetStringDescriptor)
    CustomHID_Get_Interface_Setting          0x080004b9   Thumb Code    10  usb_prop.o(i.CustomHID_Get_Interface_Setting)
    CustomHID_NoData_Setup                   0x080004c5   Thumb Code    26  usb_prop.o(i.CustomHID_NoData_Setup)
    CustomHID_Reset                          0x080004e5   Thumb Code   202  usb_prop.o(i.CustomHID_Reset)
    CustomHID_SetConfiguration               0x080005c1   Thumb Code    16  usb_prop.o(i.CustomHID_SetConfiguration)
    CustomHID_SetDeviceAddress               0x080005d9   Thumb Code     8  usb_prop.o(i.CustomHID_SetDeviceAddress)
    CustomHID_SetProtocol                    0x080005e5   Thumb Code    14  usb_prop.o(i.CustomHID_SetProtocol)
    CustomHID_Status_In                      0x080005fd   Thumb Code     2  usb_prop.o(i.CustomHID_Status_In)
    CustomHID_Status_Out                     0x080005ff   Thumb Code     2  usb_prop.o(i.CustomHID_Status_Out)
    CustomHID_init                           0x08000601   Thumb Code    28  usb_prop.o(i.CustomHID_init)
    DebugMon_Handler                         0x08000925   Thumb Code     2  stm32f10x_it.o(i.DebugMon_Handler)
    EP1_IN_Callback                          0x08000927   Thumb Code     2  usb_endp.o(i.EP1_IN_Callback)
    EP1_OUT_Callback                         0x08000929   Thumb Code    38  usb_endp.o(i.EP1_OUT_Callback)
    EP2_IN_Callback                          0x08000959   Thumb Code     2  usb_endp.o(i.EP2_IN_Callback)
    EP2_OUT_Callback                         0x0800095d   Thumb Code    40  usb_endp.o(i.EP2_OUT_Callback)
    Enter_LowPowerMode                       0x0800098d   Thumb Code     2  hw_config.o(i.Enter_LowPowerMode)
    FLASH_PrefetchBufferCmd                  0x08000991   Thumb Code    18  stm32f10x_flash.o(i.FLASH_PrefetchBufferCmd)
    FLASH_SetLatency                         0x080009a9   Thumb Code    14  stm32f10x_flash.o(i.FLASH_SetLatency)
    GPIO_Init                                0x080009bd   Thumb Code   156  stm32f10x_gpio.o(i.GPIO_Init)
    GPIO_ResetBits                           0x08000a59   Thumb Code     4  stm32f10x_gpio.o(i.GPIO_ResetBits)
    GPIO_SetBits                             0x08000a5d   Thumb Code     4  stm32f10x_gpio.o(i.GPIO_SetBits)
    GetEPRxAddr                              0x08000a61   Thumb Code    22  usb_regs.o(i.GetEPRxAddr)
    GetEPRxCount                             0x08000a81   Thumb Code    24  usb_regs.o(i.GetEPRxCount)
    GetEPTxAddr                              0x08000aa1   Thumb Code    20  usb_regs.o(i.GetEPTxAddr)
    Get_SerialNum                            0x08000abd   Thumb Code    40  hw_config.o(i.Get_SerialNum)
    HardFault_Handler                        0x08000aed   Thumb Code     2  stm32f10x_it.o(i.HardFault_Handler)
    In0_Process                              0x08000af1   Thumb Code    80  usb_core.o(i.In0_Process)
    Leave_LowPowerMode                       0x08000b83   Thumb Code     2  hw_config.o(i.Leave_LowPowerMode)
    MemManage_Handler                        0x08000b85   Thumb Code     2  stm32f10x_it.o(i.MemManage_Handler)
    NMI_Handler                              0x08000b87   Thumb Code     2  stm32f10x_it.o(i.NMI_Handler)
    NOP_Process                              0x08000b89   Thumb Code     2  usb_core.o(i.NOP_Process)
    NVIC_Init                                0x08000b8b   Thumb Code    92  misc.o(i.NVIC_Init)
    NVIC_PriorityGroupConfig                 0x08000be9   Thumb Code    10  misc.o(i.NVIC_PriorityGroupConfig)
    Out0_Process                             0x08000cd5   Thumb Code    62  usb_core.o(i.Out0_Process)
    PMAToUserBufferCopy                      0x08000d1d   Thumb Code    24  usb_mem.o(i.PMAToUserBufferCopy)
    PendSV_Handler                           0x08000d39   Thumb Code     2  stm32f10x_it.o(i.PendSV_Handler)
    Post0_Process                            0x08000d3d   Thumb Code    46  usb_core.o(i.Post0_Process)
    PowerOn                                  0x08000d7d   Thumb Code    38  usb_pwr.o(i.PowerOn)
    RCC_APB1PeriphClockCmd                   0x08000dad   Thumb Code    18  stm32f10x_rcc.o(i.RCC_APB1PeriphClockCmd)
    RCC_APB2PeriphClockCmd                   0x08000dc5   Thumb Code    18  stm32f10x_rcc.o(i.RCC_APB2PeriphClockCmd)
    RCC_DeInit                               0x08000ddd   Thumb Code    50  stm32f10x_rcc.o(i.RCC_DeInit)
    RCC_GetClocksFreq                        0x08000e1d   Thumb Code   134  stm32f10x_rcc.o(i.RCC_GetClocksFreq)
    RCC_GetFlagStatus                        0x08000eb5   Thumb Code    42  stm32f10x_rcc.o(i.RCC_GetFlagStatus)
    RCC_GetSYSCLKSource                      0x08000ee5   Thumb Code    10  stm32f10x_rcc.o(i.RCC_GetSYSCLKSource)
    RCC_HCLKConfig                           0x08000ef5   Thumb Code    14  stm32f10x_rcc.o(i.RCC_HCLKConfig)
    RCC_HSEConfig                            0x08000f09   Thumb Code    48  stm32f10x_rcc.o(i.RCC_HSEConfig)
    RCC_PCLK1Config                          0x08000f3d   Thumb Code    14  stm32f10x_rcc.o(i.RCC_PCLK1Config)
    RCC_PCLK2Config                          0x08000f51   Thumb Code    16  stm32f10x_rcc.o(i.RCC_PCLK2Config)
    RCC_PLLCmd                               0x08000f65   Thumb Code     6  stm32f10x_rcc.o(i.RCC_PLLCmd)
    RCC_PLLConfig                            0x08000f71   Thumb Code    16  stm32f10x_rcc.o(i.RCC_PLLConfig)
    RCC_SYSCLKConfig                         0x08000f85   Thumb Code    14  stm32f10x_rcc.o(i.RCC_SYSCLKConfig)
    RCC_USBCLKConfig                         0x08000f99   Thumb Code     6  stm32f10x_rcc.o(i.RCC_USBCLKConfig)
    RCC_WaitForHSEStartUp                    0x08000fa5   Thumb Code    38  stm32f10x_rcc.o(i.RCC_WaitForHSEStartUp)
    Resume                                   0x08000fcd   Thumb Code   124  usb_pwr.o(i.Resume)
    Resume_Init                              0x08001051   Thumb Code    26  usb_pwr.o(i.Resume_Init)
    SVC_Handler                              0x08001071   Thumb Code     2  stm32f10x_it.o(i.SVC_Handler)
    SetBTABLE                                0x08001075   Thumb Code    10  usb_regs.o(i.SetBTABLE)
    SetDeviceAddress                         0x08001085   Thumb Code    60  usb_core.o(i.SetDeviceAddress)
    SetEPRxAddr                              0x080010c9   Thumb Code    24  usb_regs.o(i.SetEPRxAddr)
    SetEPRxCount                             0x080010e9   Thumb Code    56  usb_regs.o(i.SetEPRxCount)
    SetEPRxStatus                            0x08001129   Thumb Code    48  usb_regs.o(i.SetEPRxStatus)
    SetEPRxValid                             0x0800115d   Thumb Code    34  usb_regs.o(i.SetEPRxValid)
    SetEPTxAddr                              0x08001185   Thumb Code    22  usb_regs.o(i.SetEPTxAddr)
    SetEPTxCount                             0x080011a5   Thumb Code    20  usb_regs.o(i.SetEPTxCount)
    SetEPTxStatus                            0x080011c1   Thumb Code    48  usb_regs.o(i.SetEPTxStatus)
    SetEPTxValid                             0x080011f5   Thumb Code    34  usb_regs.o(i.SetEPTxValid)
    SetEPType                                0x0800121d   Thumb Code    26  usb_regs.o(i.SetEPType)
    Set_System                               0x080012d1   Thumb Code   196  hw_config.o(i.Set_System)
    Set_USBClock                             0x080013a5   Thumb Code    20  hw_config.o(i.Set_USBClock)
    Setup0_Process                           0x080013b9   Thumb Code    98  usb_core.o(i.Setup0_Process)
    Standard_ClearFeature                    0x08001429   Thumb Code   234  usb_core.o(i.Standard_ClearFeature)
    Standard_GetConfiguration                0x08001529   Thumb Code    30  usb_core.o(i.Standard_GetConfiguration)
    Standard_GetDescriptorData               0x08001551   Thumb Code    24  usb_core.o(i.Standard_GetDescriptorData)
    Standard_GetInterface                    0x0800156d   Thumb Code    30  usb_core.o(i.Standard_GetInterface)
    Standard_GetStatus                       0x08001595   Thumb Code   132  usb_core.o(i.Standard_GetStatus)
    Standard_SetConfiguration                0x08001629   Thumb Code    42  usb_core.o(i.Standard_SetConfiguration)
    Standard_SetDeviceFeature                0x08001661   Thumb Code    26  usb_core.o(i.Standard_SetDeviceFeature)
    Standard_SetEndPointFeature              0x08001685   Thumb Code   122  usb_core.o(i.Standard_SetEndPointFeature)
    Standard_SetInterface                    0x08001711   Thumb Code    60  usb_core.o(i.Standard_SetInterface)
    Suspend                                  0x08001759   Thumb Code    26  usb_pwr.o(i.Suspend)
    SysTick_Handler                          0x08001779   Thumb Code     2  stm32f10x_it.o(i.SysTick_Handler)
    SystemInit                               0x0800177d   Thumb Code    64  system_stm32f10x.o(i.SystemInit)
    USART_Cmd                                0x080017cd   Thumb Code    20  stm32f10x_usart.o(i.USART_Cmd)
    USART_Configuration                      0x080017e1   Thumb Code    60  usart.o(i.USART_Configuration)
    USART_GPIO_Configuration                 0x08001821   Thumb Code    54  usart.o(i.USART_GPIO_Configuration)
    USART_GetFlagStatus                      0x0800185d   Thumb Code    14  stm32f10x_usart.o(i.USART_GetFlagStatus)
    USART_Init                               0x0800186d   Thumb Code   176  stm32f10x_usart.o(i.USART_Init)
    USART_RCC_Configuration                  0x08001921   Thumb Code    10  usart.o(i.USART_RCC_Configuration)
    USART_SendData                           0x0800192b   Thumb Code     8  stm32f10x_usart.o(i.USART_SendData)
    USB_Cable_Config                         0x08001935   Thumb Code    20  hw_config.o(i.USB_Cable_Config)
    USB_GetData                              0x0800194d   Thumb Code    30  usbio.o(i.USB_GetData)
    USB_Init                                 0x08001971   Thumb Code    22  usb_init.o(i.USB_Init)
    USB_Interrupts_Config                    0x08001999   Thumb Code    40  hw_config.o(i.USB_Interrupts_Config)
    USB_Istr                                 0x080019c1   Thumb Code   182  usb_istr.o(i.USB_Istr)
    USB_LP_CAN1_RX0_IRQHandler               0x08001a8d   Thumb Code     4  stm32f10x_it.o(i.USB_LP_CAN1_RX0_IRQHandler)
    USB_SIL_Init                             0x08001a91   Thumb Code    22  usb_sil.o(i.USB_SIL_Init)
    USB_SendData                             0x08001ab1   Thumb Code    46  usbio.o(i.USB_SendData)
    UsageFault_Handler                       0x08001adf   Thumb Code     2  stm32f10x_it.o(i.UsageFault_Handler)
    UserToPMABufferCopy                      0x08001ae1   Thumb Code    34  usb_mem.o(i.UserToPMABufferCopy)
    __0printf$1                              0x08001b09   Thumb Code    22  printf1.o(i.__0printf$1)
    __1printf$1                              0x08001b09   Thumb Code     0  printf1.o(i.__0printf$1)
    __2printf                                0x08001b09   Thumb Code     0  printf1.o(i.__0printf$1)
    __scatterload_copy                       0x08001b29   Thumb Code    14  handlers.o(i.__scatterload_copy)
    __scatterload_null                       0x08001b37   Thumb Code     2  handlers.o(i.__scatterload_null)
    __scatterload_zeroinit                   0x08001b39   Thumb Code    14  handlers.o(i.__scatterload_zeroinit)
    fputc                                    0x08001c9d   Thumb Code    30  usart.o(i.fputc)
    main                                     0x08001cc1   Thumb Code   204  main.o(i.main)
    CustomHID_DeviceDescriptor               0x08001df0   Data          18  usb_desc.o(.constdata)
    CustomHID_ConfigDescriptor               0x08001e02   Data          46  usb_desc.o(.constdata)
    CustomHID_StringLangID                   0x08001e30   Data           4  usb_desc.o(.constdata)
    CustomHID_StringVendor                   0x08001e34   Data          20  usb_desc.o(.constdata)
    CustomHID_StringProduct                  0x08001e48   Data          26  usb_desc.o(.constdata)
    Region$$Table$$Base                      0x08001fb4   Number         0  anon$$obj.o(Region$$Table)
    Region$$Table$$Limit                     0x08001fd4   Number         0  anon$$obj.o(Region$$Table)
    Data_Mul_MaxPacketSize                   0x20000014   Data           1  usb_core.o(.data)
    StatusInfo                               0x20000016   Data           2  usb_core.o(.data)
    EPindex                                  0x20000018   Data           1  usb_init.o(.data)
    pInformation                             0x2000001c   Data           4  usb_init.o(.data)
    pProperty                                0x20000020   Data           4  usb_init.o(.data)
    pUser_Standard_Requests                  0x20000024   Data           4  usb_init.o(.data)
    wInterrupt_Mask                          0x20000028   Data           2  usb_init.o(.data)
    SaveRState                               0x2000002a   Data           2  usb_int.o(.data)
    SaveTState                               0x2000002c   Data           2  usb_int.o(.data)
    HSEStartUpStatus                         0x2000002e   Data           1  hw_config.o(.data)
    CustomHID_StringSerial                   0x2000002f   Data          26  usb_desc.o(.data)
    EP1_ReceivedCount                        0x2000004c   Data           4  usb_endp.o(.data)
    EP2_ReceivedCount                        0x20000050   Data           4  usb_endp.o(.data)
    bIntPackSOF                              0x20000054   Data           1  usb_istr.o(.data)
    wIstr                                    0x20000056   Data           2  usb_istr.o(.data)
    pEpInt_IN                                0x20000058   Data          28  usb_istr.o(.data)
    pEpInt_OUT                               0x20000074   Data          28  usb_istr.o(.data)
    Device_Table                             0x20000090   Data           2  usb_prop.o(.data)
    ProtocolValue                            0x20000094   Data           4  usb_prop.o(.data)
    Device_Descriptor                        0x20000098   Data           8  usb_prop.o(.data)
    Config_Descriptor                        0x200000a0   Data           8  usb_prop.o(.data)
    CustomHID_Descriptor                     0x200000a8   Data           8  usb_prop.o(.data)
    Device_Property                          0x200000b0   Data          48  usb_prop.o(.data)
    String_Descriptor                        0x200000e0   Data          32  usb_prop.o(.data)
    User_Standard_Requests                   0x20000100   Data          36  usb_prop.o(.data)
    bDeviceState                             0x20000124   Data           4  usb_pwr.o(.data)
    fSuspendEnabled                          0x20000128   Data           1  usb_pwr.o(.data)
    ResumeS                                  0x20000129   Data           2  usb_pwr.o(.data)
    __stdout                                 0x2000012c   Data           4  stdout.o(.data)
    Device_Info                              0x20000130   Data          28  usb_init.o(.bss)
    USB_Receive_Buffer                       0x2000014c   Data         256  usb_endp.o(.bss)
    __initial_sp                             0x20000650   Data           0  startup_stm32f10x_hd.o(STACK)



==============================================================================

Memory Map of the image

  Image Entry point : 0x08000131

  Load Region LR_IROM1 (Base: 0x08000000, Size: 0x00002104, Max: 0x00080000, ABSOLUTE, COMPRESSED[0x00002060])

    Execution Region ER_IROM1 (Base: 0x08000000, Size: 0x00001fd4, Max: 0x00080000, ABSOLUTE)

    Base Addr    Size         Type   Attr      Idx    E Section Name        Object

    0x08000000   0x00000130   Data   RO            3    RESET               startup_stm32f10x_hd.o
    0x08000130   0x00000000   Code   RO         4165  * .ARM.Collect$$$$00000000  mc_w.l(entry.o)(mc_w.l)
    0x08000130   0x00000004   Code   RO         4429    .ARM.Collect$$$$00000001  mc_w.l(entry2.o)(mc_w.l)
    0x08000134   0x00000004   Code   RO         4432    .ARM.Collect$$$$00000004  mc_w.l(entry5.o)(mc_w.l)
    0x08000138   0x00000008   Code   RO         4433    .ARM.Collect$$$$00000007  mc_w.l(entry7.o)(mc_w.l)
    0x08000140   0x00000004   Code   RO         4430    .ARM.Collect$$$$00002712  mc_w.l(entry2.o)(mc_w.l)
    0x08000144   0x00000024   Code   RO            4    .text               startup_stm32f10x_hd.o
    0x08000168   0x0000002c   Code   RO         4435    .text               mc_w.l(uidiv.o)(mc_w.l)
    0x08000194   0x00000024   Code   RO         4450    .text               mc_w.l(init.o)(mc_w.l)
    0x080001b8   0x0000005c   Code   RO         4468    .text               mc_w.l(__dczerorl2.o)(mc_w.l)
    0x08000214   0x00000002   Code   RO         4061    i.BusFault_Handler  stm32f10x_it.o
    0x08000216   0x0000000a   Code   RO         3311    i.ByteSwap          usb_regs.o
    0x08000220   0x0000015c   Code   RO         3264    i.CTR_LP            usb_int.o
    0x0800037c   0x0000002c   Code   RO         3312    i.ClearDTOG_RX      usb_regs.o
    0x080003a8   0x0000002c   Code   RO         3313    i.ClearDTOG_TX      usb_regs.o
    0x080003d4   0x00000024   Code   RO         3318    i.Clear_Status_Out  usb_regs.o
    0x080003f8   0x0000005c   Code   RO         3854    i.CustomHID_Data_Setup  usb_prop.o
    0x08000454   0x0000000c   Code   RO         3855    i.CustomHID_GetConfigDescriptor  usb_prop.o
    0x08000460   0x0000000c   Code   RO         3856    i.CustomHID_GetDeviceDescriptor  usb_prop.o
    0x0800046c   0x0000000c   Code   RO         3857    i.CustomHID_GetHIDDescriptor  usb_prop.o
    0x08000478   0x0000001c   Code   RO         3858    i.CustomHID_GetProtocolValue  usb_prop.o
    0x08000494   0x00000004   Code   RO         3859    i.CustomHID_GetReportDescriptor  usb_prop.o
    0x08000498   0x00000020   Code   RO         3860    i.CustomHID_GetStringDescriptor  usb_prop.o
    0x080004b8   0x0000000a   Code   RO         3861    i.CustomHID_Get_Interface_Setting  usb_prop.o
    0x080004c2   0x00000002   PAD
    0x080004c4   0x00000020   Code   RO         3862    i.CustomHID_NoData_Setup  usb_prop.o
    0x080004e4   0x000000dc   Code   RO         3863    i.CustomHID_Reset   usb_prop.o
    0x080005c0   0x00000018   Code   RO         3864    i.CustomHID_SetConfiguration  usb_prop.o
    0x080005d8   0x0000000c   Code   RO         3865    i.CustomHID_SetDeviceAddress  usb_prop.o
    0x080005e4   0x00000018   Code   RO         3866    i.CustomHID_SetProtocol  usb_prop.o
    0x080005fc   0x00000002   Code   RO         3867    i.CustomHID_Status_In  usb_prop.o
    0x080005fe   0x00000002   Code   RO         3868    i.CustomHID_Status_Out  usb_prop.o
    0x08000600   0x00000024   Code   RO         3869    i.CustomHID_init    usb_prop.o
    0x08000624   0x000000bc   Code   RO         3085    i.DataStageIn       usb_core.o
    0x080006e0   0x000000a8   Code   RO         3086    i.DataStageOut      usb_core.o
    0x08000788   0x0000019c   Code   RO         3087    i.Data_Setup0       usb_core.o
    0x08000924   0x00000002   Code   RO         4062    i.DebugMon_Handler  stm32f10x_it.o
    0x08000926   0x00000002   Code   RO         3789    i.EP1_IN_Callback   usb_endp.o
    0x08000928   0x00000030   Code   RO         3790    i.EP1_OUT_Callback  usb_endp.o
    0x08000958   0x00000002   Code   RO         3791    i.EP2_IN_Callback   usb_endp.o
    0x0800095a   0x00000002   PAD
    0x0800095c   0x00000030   Code   RO         3792    i.EP2_OUT_Callback  usb_endp.o
    0x0800098c   0x00000002   Code   RO         3695    i.Enter_LowPowerMode  hw_config.o
    0x0800098e   0x00000002   PAD
    0x08000990   0x00000018   Code   RO         1004    i.FLASH_PrefetchBufferCmd  stm32f10x_flash.o
    0x080009a8   0x00000014   Code   RO         1009    i.FLASH_SetLatency  stm32f10x_flash.o
    0x080009bc   0x0000009c   Code   RO         1285    i.GPIO_Init         stm32f10x_gpio.o
    0x08000a58   0x00000004   Code   RO         1292    i.GPIO_ResetBits    stm32f10x_gpio.o
    0x08000a5c   0x00000004   Code   RO         1293    i.GPIO_SetBits      stm32f10x_gpio.o
    0x08000a60   0x00000020   Code   RO         3330    i.GetEPRxAddr       usb_regs.o
    0x08000a80   0x00000020   Code   RO         3331    i.GetEPRxCount      usb_regs.o
    0x08000aa0   0x0000001c   Code   RO         3333    i.GetEPTxAddr       usb_regs.o
    0x08000abc   0x00000030   Code   RO         3697    i.Get_SerialNum     hw_config.o
    0x08000aec   0x00000002   Code   RO         4063    i.HardFault_Handler  stm32f10x_it.o
    0x08000aee   0x00000002   PAD
    0x08000af0   0x0000005c   Code   RO         3088    i.In0_Process       usb_core.o
    0x08000b4c   0x00000036   Code   RO         3698    i.IntToUnicode      hw_config.o
    0x08000b82   0x00000002   Code   RO         3699    i.Leave_LowPowerMode  hw_config.o
    0x08000b84   0x00000002   Code   RO         4064    i.MemManage_Handler  stm32f10x_it.o
    0x08000b86   0x00000002   Code   RO         4065    i.NMI_Handler       stm32f10x_it.o
    0x08000b88   0x00000002   Code   RO         3089    i.NOP_Process       usb_core.o
    0x08000b8a   0x0000005c   Code   RO          132    i.NVIC_Init         misc.o
    0x08000be6   0x00000002   PAD
    0x08000be8   0x00000014   Code   RO          133    i.NVIC_PriorityGroupConfig  misc.o
    0x08000bfc   0x000000d8   Code   RO         3090    i.NoData_Setup0     usb_core.o
    0x08000cd4   0x00000048   Code   RO         3091    i.Out0_Process      usb_core.o
    0x08000d1c   0x0000001c   Code   RO         3293    i.PMAToUserBufferCopy  usb_mem.o
    0x08000d38   0x00000002   Code   RO         4067    i.PendSV_Handler    stm32f10x_it.o
    0x08000d3a   0x00000002   PAD
    0x08000d3c   0x00000040   Code   RO         3092    i.Post0_Process     usb_core.o
    0x08000d7c   0x00000030   Code   RO         3970    i.PowerOn           usb_pwr.o
    0x08000dac   0x00000018   Code   RO         1701    i.RCC_APB1PeriphClockCmd  stm32f10x_rcc.o
    0x08000dc4   0x00000018   Code   RO         1703    i.RCC_APB2PeriphClockCmd  stm32f10x_rcc.o
    0x08000ddc   0x00000040   Code   RO         1710    i.RCC_DeInit        stm32f10x_rcc.o
    0x08000e1c   0x00000098   Code   RO         1711    i.RCC_GetClocksFreq  stm32f10x_rcc.o
    0x08000eb4   0x00000030   Code   RO         1712    i.RCC_GetFlagStatus  stm32f10x_rcc.o
    0x08000ee4   0x00000010   Code   RO         1714    i.RCC_GetSYSCLKSource  stm32f10x_rcc.o
    0x08000ef4   0x00000014   Code   RO         1715    i.RCC_HCLKConfig    stm32f10x_rcc.o
    0x08000f08   0x00000034   Code   RO         1716    i.RCC_HSEConfig     stm32f10x_rcc.o
    0x08000f3c   0x00000014   Code   RO         1722    i.RCC_PCLK1Config   stm32f10x_rcc.o
    0x08000f50   0x00000014   Code   RO         1723    i.RCC_PCLK2Config   stm32f10x_rcc.o
    0x08000f64   0x0000000c   Code   RO         1724    i.RCC_PLLCmd        stm32f10x_rcc.o
    0x08000f70   0x00000014   Code   RO         1725    i.RCC_PLLConfig     stm32f10x_rcc.o
    0x08000f84   0x00000014   Code   RO         1728    i.RCC_SYSCLKConfig  stm32f10x_rcc.o
    0x08000f98   0x0000000c   Code   RO         1729    i.RCC_USBCLKConfig  stm32f10x_rcc.o
    0x08000fa4   0x00000026   Code   RO         1730    i.RCC_WaitForHSEStartUp  stm32f10x_rcc.o
    0x08000fca   0x00000002   PAD
    0x08000fcc   0x00000084   Code   RO         3971    i.Resume            usb_pwr.o
    0x08001050   0x00000020   Code   RO         3972    i.Resume_Init       usb_pwr.o
    0x08001070   0x00000002   Code   RO         4068    i.SVC_Handler       stm32f10x_it.o
    0x08001072   0x00000002   PAD
    0x08001074   0x00000010   Code   RO         3341    i.SetBTABLE         usb_regs.o
    0x08001084   0x00000044   Code   RO         3093    i.SetDeviceAddress  usb_core.o
    0x080010c8   0x00000020   Code   RO         3355    i.SetEPRxAddr       usb_regs.o
    0x080010e8   0x00000040   Code   RO         3356    i.SetEPRxCount      usb_regs.o
    0x08001128   0x00000034   Code   RO         3357    i.SetEPRxStatus     usb_regs.o
    0x0800115c   0x00000028   Code   RO         3358    i.SetEPRxValid      usb_regs.o
    0x08001184   0x00000020   Code   RO         3359    i.SetEPTxAddr       usb_regs.o
    0x080011a4   0x0000001c   Code   RO         3360    i.SetEPTxCount      usb_regs.o
    0x080011c0   0x00000034   Code   RO         3361    i.SetEPTxStatus     usb_regs.o
    0x080011f4   0x00000028   Code   RO         3362    i.SetEPTxValid      usb_regs.o
    0x0800121c   0x00000020   Code   RO         3363    i.SetEPType         usb_regs.o
    0x0800123c   0x00000094   Code   RO           10    i.SetSysClockTo72   system_stm32f10x.o
    0x080012d0   0x000000d4   Code   RO         3700    i.Set_System        hw_config.o
    0x080013a4   0x00000014   Code   RO         3701    i.Set_USBClock      hw_config.o
    0x080013b8   0x00000070   Code   RO         3094    i.Setup0_Process    usb_core.o
    0x08001428   0x00000100   Code   RO         3095    i.Standard_ClearFeature  usb_core.o
    0x08001528   0x00000028   Code   RO         3096    i.Standard_GetConfiguration  usb_core.o
    0x08001550   0x0000001c   Code   RO         3097    i.Standard_GetDescriptorData  usb_core.o
    0x0800156c   0x00000028   Code   RO         3098    i.Standard_GetInterface  usb_core.o
    0x08001594   0x00000094   Code   RO         3099    i.Standard_GetStatus  usb_core.o
    0x08001628   0x00000038   Code   RO         3100    i.Standard_SetConfiguration  usb_core.o
    0x08001660   0x00000024   Code   RO         3101    i.Standard_SetDeviceFeature  usb_core.o
    0x08001684   0x0000008c   Code   RO         3102    i.Standard_SetEndPointFeature  usb_core.o
    0x08001710   0x00000048   Code   RO         3103    i.Standard_SetInterface  usb_core.o
    0x08001758   0x00000020   Code   RO         3973    i.Suspend           usb_pwr.o
    0x08001778   0x00000002   Code   RO         4069    i.SysTick_Handler   stm32f10x_it.o
    0x0800177a   0x00000002   PAD
    0x0800177c   0x00000050   Code   RO           12    i.SystemInit        system_stm32f10x.o
    0x080017cc   0x00000014   Code   RO         2855    i.USART_Cmd         stm32f10x_usart.o
    0x080017e0   0x00000040   Code   RO         4136    i.USART_Configuration  usart.o
    0x08001820   0x0000003c   Code   RO         4137    i.USART_GPIO_Configuration  usart.o
    0x0800185c   0x0000000e   Code   RO         2858    i.USART_GetFlagStatus  stm32f10x_usart.o
    0x0800186a   0x00000002   PAD
    0x0800186c   0x000000b4   Code   RO         2862    i.USART_Init        stm32f10x_usart.o
    0x08001920   0x0000000a   Code   RO         4138    i.USART_RCC_Configuration  usart.o
    0x0800192a   0x00000008   Code   RO         2872    i.USART_SendData    stm32f10x_usart.o
    0x08001932   0x00000002   PAD
    0x08001934   0x00000018   Code   RO         3702    i.USB_Cable_Config  hw_config.o
    0x0800194c   0x00000024   Code   RO         4013    i.USB_GetData       usbio.o
    0x08001970   0x00000028   Code   RO         3237    i.USB_Init          usb_init.o
    0x08001998   0x00000028   Code   RO         3703    i.USB_Interrupts_Config  hw_config.o
    0x080019c0   0x000000cc   Code   RO         3831    i.USB_Istr          usb_istr.o
    0x08001a8c   0x00000004   Code   RO         4070    i.USB_LP_CAN1_RX0_IRQHandler  stm32f10x_it.o
    0x08001a90   0x00000020   Code   RO         3671    i.USB_SIL_Init      usb_sil.o
    0x08001ab0   0x0000002e   Code   RO         4014    i.USB_SendData      usbio.o
    0x08001ade   0x00000002   Code   RO         4071    i.UsageFault_Handler  stm32f10x_it.o
    0x08001ae0   0x00000028   Code   RO         3294    i.UserToPMABufferCopy  usb_mem.o
    0x08001b08   0x00000020   Code   RO         4213    i.__0printf$1       mc_w.l(printf1.o)(mc_w.l)
    0x08001b28   0x0000000e   Code   RO         4462    i.__scatterload_copy  mc_w.l(handlers.o)(mc_w.l)
    0x08001b36   0x00000002   Code   RO         4463    i.__scatterload_null  mc_w.l(handlers.o)(mc_w.l)
    0x08001b38   0x0000000e   Code   RO         4464    i.__scatterload_zeroinit  mc_w.l(handlers.o)(mc_w.l)
    0x08001b46   0x00000002   PAD
    0x08001b48   0x00000154   Code   RO         4220    i._printf_core      mc_w.l(printf1.o)(mc_w.l)
    0x08001c9c   0x00000024   Code   RO         4139    i.fputc             usart.o
    0x08001cc0   0x00000130   Code   RO         4038    i.main              main.o
    0x08001df0   0x00000012   Data   RO         3771    .constdata          usb_desc.o
    0x08001e02   0x0000002e   Data   RO         3772    .constdata          usb_desc.o
    0x08001e30   0x00000004   Data   RO         3773    .constdata          usb_desc.o
    0x08001e34   0x00000014   Data   RO         3774    .constdata          usb_desc.o
    0x08001e48   0x0000001a   Data   RO         3775    .constdata          usb_desc.o
    0x08001e62   0x00000002   PAD
    0x08001e64   0x00000150   Data   RO         4039    .constdata          main.o
    0x08001fb4   0x00000020   Data   RO         4460    Region$$Table       anon$$obj.o


    Execution Region RW_IRAM1 (Base: 0x20000000, Size: 0x00000650, Max: 0x00010000, ABSOLUTE, COMPRESSED[0x0000008c])

    Base Addr    Size         Type   Attr      Idx    E Section Name        Object

    0x20000000   0x00000014   Data   RW         1731    .data               stm32f10x_rcc.o
    0x20000014   0x00000004   Data   RW         3104    .data               usb_core.o
    0x20000018   0x00000001   Data   RW         3239    .data               usb_init.o
    0x20000019   0x00000003   PAD
    0x2000001c   0x0000000c   Data   RW         3240    .data               usb_init.o
    0x20000028   0x00000002   Data   RW         3242    .data               usb_init.o
    0x2000002a   0x00000004   Data   RW         3265    .data               usb_int.o
    0x2000002e   0x00000001   Data   RW         3704    .data               hw_config.o
    0x2000002f   0x0000001a   Data   RW         3776    .data               usb_desc.o
    0x20000049   0x00000003   PAD
    0x2000004c   0x00000008   Data   RW         3795    .data               usb_endp.o
    0x20000054   0x00000004   Data   RW         3832    .data               usb_istr.o
    0x20000058   0x0000001c   Data   RW         3833    .data               usb_istr.o
    0x20000074   0x0000001c   Data   RW         3834    .data               usb_istr.o
    0x20000090   0x00000002   Data   RW         3870    .data               usb_prop.o
    0x20000092   0x00000002   PAD
    0x20000094   0x0000006c   Data   RW         3871    .data               usb_prop.o
    0x20000100   0x00000024   Data   RW         3872    .data               usb_prop.o
    0x20000124   0x00000004   Data   RW         3974    .data               usb_pwr.o
    0x20000128   0x00000001   Data   RW         3975    .data               usb_pwr.o
    0x20000129   0x00000002   Data   RW         3976    .data               usb_pwr.o
    0x2000012b   0x00000001   PAD
    0x2000012c   0x00000004   Data   RW         4434    .data               mc_w.l(stdout.o)(mc_w.l)
    0x20000130   0x0000001c   Zero   RW         3238    .bss                usb_init.o
    0x2000014c   0x00000100   Zero   RW         3793    .bss                usb_endp.o
    0x2000024c   0x00000004   PAD
    0x20000250   0x00000400   Zero   RW            1    STACK               startup_stm32f10x_hd.o


==============================================================================

Image component sizes


      Code (inc. data)   RO Data    RW Data    ZI Data      Debug   Object Name

       402         28          0          1          0          0   hw_config.o
       304        100        336          0          0          0   main.o
       112         10          0          0          0          0   misc.o
        36          8        304          0       1024          0   startup_stm32f10x_hd.o
        44         12          0          0          0          0   stm32f10x_flash.o
       164          0          0          0          0          0   stm32f10x_gpio.o
        22          0          0          0          0          0   stm32f10x_it.o
       542         98          0         20          0          0   stm32f10x_rcc.o
       222          4          0          0          0          0   stm32f10x_usart.o
       228         26          0          0          0          0   system_stm32f10x.o
       170         16          0          0          0          0   usart.o
      2210        282          0          4          0          0   usb_core.o
         0          0        114         26          0          0   usb_desc.o
       100         18          0          8        256          0   usb_endp.o
        40         18          0         15         28          0   usb_init.o
       348         26          0          4          0          0   usb_int.o
       204         22          0         60          0          0   usb_istr.o
        68         10          0          0          0          0   usb_mem.o
       554        108          0        146          0          0   usb_prop.o
       244         36          0          7          0          0   usb_pwr.o
       614        110          0          0          0          0   usb_regs.o
        32         10          0          0          0          0   usb_sil.o
        82          6          0          0          0          0   usbio.o

    ----------------------------------------------------------------------
      6764        948        788        300       1312          0   Object Totals
         0          0         32          0          0          0   (incl. Generated)
        22          0          2          9          4          2   (incl. Padding)

    ----------------------------------------------------------------------

      Code (inc. data)   RO Data    RW Data    ZI Data      Debug   Library Member Name

        92          0          0          0          0          0   __dczerorl2.o
         0          0          0          0          0          0   entry.o
         8          4          0          0          0          0   entry2.o
         4          0          0          0          0          0   entry5.o
         8          4          0          0          0          0   entry7.o
        30          0          0          0          0          0   handlers.o
        36          8          0          0          0          0   init.o
       372         16          0          0          0          0   printf1.o
         0          0          0          4          0          0   stdout.o
        44          0          0          0          0          0   uidiv.o

    ----------------------------------------------------------------------
       596         32          0          4          0          0   Library Totals
         2          0          0          0          0          0   (incl. Padding)

    ----------------------------------------------------------------------

      Code (inc. data)   RO Data    RW Data    ZI Data      Debug   Library Name

       594         32          0          4          0        328   mc_w.l

    ----------------------------------------------------------------------
       596         32          0          4          0          0   Library Totals

    ----------------------------------------------------------------------

==============================================================================


      Code (inc. data)   RO Data    RW Data    ZI Data      Debug   

      7360        980        788        304       1312     314436   Grand Totals
      7360        980        788        140       1312     314436   ELF Image Totals (compressed)
      7360        980        788        140          0          0   ROM Totals

==============================================================================

    Total RO  Size (Code + RO Data)                 8148 (   7.96kB)
    Total RW  Size (RW Data + ZI Data)              1616 (   1.58kB)
    Total ROM Size (Code + RO Data + RW Data)       8288 (   8.09kB)

==============================================================================

