ARM Linker, 4.1 [Build 481] [Standard]

==============================================================================

Section Cross References

    startup_stm32f10x_ld.o(RESET) refers to startup_stm32f10x_ld.o(STACK) for __initial_sp
    startup_stm32f10x_ld.o(RESET) refers to startup_stm32f10x_ld.o(.text) for Reset_Handler
    startup_stm32f10x_ld.o(RESET) refers to stm32f10x_it.o(i.NMI_Handler) for NMI_Handler
    startup_stm32f10x_ld.o(RESET) refers to stm32f10x_it.o(i.HardFault_Handler) for HardFault_Handler
    startup_stm32f10x_ld.o(RESET) refers to stm32f10x_it.o(i.MemManage_Handler) for MemManage_Handler
    startup_stm32f10x_ld.o(RESET) refers to stm32f10x_it.o(i.BusFault_Handler) for BusFault_Handler
    startup_stm32f10x_ld.o(RESET) refers to stm32f10x_it.o(i.UsageFault_Handler) for UsageFault_Handler
    startup_stm32f10x_ld.o(RESET) refers to stm32f10x_it.o(i.SVC_Handler) for SVC_Handler
    startup_stm32f10x_ld.o(RESET) refers to stm32f10x_it.o(i.DebugMon_Handler) for DebugMon_Handler
    startup_stm32f10x_ld.o(RESET) refers to delay.o(i.SysTick_Handler) for SysTick_Handler
    startup_stm32f10x_ld.o(RESET) refers to stm32f10x_it.o(i.USB_LP_CAN1_RX0_IRQHandler) for USB_LP_CAN1_RX0_IRQHandler
    startup_stm32f10x_ld.o(RESET) refers to heart.o(i.TIM2_IRQHandler) for TIM2_IRQHandler
    startup_stm32f10x_ld.o(RESET) refers to heart.o(i.TIM3_IRQHandler) for TIM3_IRQHandler
    startup_stm32f10x_ld.o(RESET) refers to usart.o(i.USART1_IRQHandler) for USART1_IRQHandler
    startup_stm32f10x_ld.o(RESET) refers to bluetooth.o(i.USART2_IRQHandler) for USART2_IRQHandler
    startup_stm32f10x_ld.o(.text) refers to system_stm32f10x.o(i.SystemInit) for SystemInit
    startup_stm32f10x_ld.o(.text) refers to entry.o(.ARM.Collect$$$$00000000) for __main
    system_stm32f10x.o(i.SystemCoreClockUpdate) refers to system_stm32f10x.o(.data) for .data
    system_stm32f10x.o(i.SystemInit) refers to system_stm32f10x.o(i.SetSysClockTo72) for SetSysClockTo72
    stm32f10x_adc.o(i.ADC_DeInit) refers to stm32f10x_rcc.o(i.RCC_APB2PeriphResetCmd) for RCC_APB2PeriphResetCmd
    stm32f10x_bkp.o(i.BKP_DeInit) refers to stm32f10x_rcc.o(i.RCC_BackupResetCmd) for RCC_BackupResetCmd
    stm32f10x_can.o(i.CAN_DeInit) refers to stm32f10x_rcc.o(i.RCC_APB1PeriphResetCmd) for RCC_APB1PeriphResetCmd
    stm32f10x_can.o(i.CAN_GetITStatus) refers to stm32f10x_can.o(i.CheckITStatus) for CheckITStatus
    stm32f10x_cec.o(i.CEC_DeInit) refers to stm32f10x_rcc.o(i.RCC_APB1PeriphResetCmd) for RCC_APB1PeriphResetCmd
    stm32f10x_dac.o(i.DAC_DeInit) refers to stm32f10x_rcc.o(i.RCC_APB1PeriphResetCmd) for RCC_APB1PeriphResetCmd
    stm32f10x_flash.o(i.FLASH_EnableWriteProtection) refers to stm32f10x_flash.o(i.FLASH_WaitForLastOperation) for FLASH_WaitForLastOperation
    stm32f10x_flash.o(i.FLASH_EraseAllBank1Pages) refers to stm32f10x_flash.o(i.FLASH_WaitForLastBank1Operation) for FLASH_WaitForLastBank1Operation
    stm32f10x_flash.o(i.FLASH_EraseAllPages) refers to stm32f10x_flash.o(i.FLASH_WaitForLastOperation) for FLASH_WaitForLastOperation
    stm32f10x_flash.o(i.FLASH_EraseOptionBytes) refers to stm32f10x_flash.o(i.FLASH_GetReadOutProtectionStatus) for FLASH_GetReadOutProtectionStatus
    stm32f10x_flash.o(i.FLASH_EraseOptionBytes) refers to stm32f10x_flash.o(i.FLASH_WaitForLastOperation) for FLASH_WaitForLastOperation
    stm32f10x_flash.o(i.FLASH_ErasePage) refers to stm32f10x_flash.o(i.FLASH_WaitForLastOperation) for FLASH_WaitForLastOperation
    stm32f10x_flash.o(i.FLASH_ProgramHalfWord) refers to stm32f10x_flash.o(i.FLASH_WaitForLastOperation) for FLASH_WaitForLastOperation
    stm32f10x_flash.o(i.FLASH_ProgramOptionByteData) refers to stm32f10x_flash.o(i.FLASH_WaitForLastOperation) for FLASH_WaitForLastOperation
    stm32f10x_flash.o(i.FLASH_ProgramWord) refers to stm32f10x_flash.o(i.FLASH_WaitForLastOperation) for FLASH_WaitForLastOperation
    stm32f10x_flash.o(i.FLASH_ReadOutProtection) refers to stm32f10x_flash.o(i.FLASH_WaitForLastOperation) for FLASH_WaitForLastOperation
    stm32f10x_flash.o(i.FLASH_UserOptionByteConfig) refers to stm32f10x_flash.o(i.FLASH_WaitForLastOperation) for FLASH_WaitForLastOperation
    stm32f10x_flash.o(i.FLASH_WaitForLastBank1Operation) refers to stm32f10x_flash.o(i.FLASH_GetBank1Status) for FLASH_GetBank1Status
    stm32f10x_flash.o(i.FLASH_WaitForLastOperation) refers to stm32f10x_flash.o(i.FLASH_GetBank1Status) for FLASH_GetBank1Status
    stm32f10x_gpio.o(i.GPIO_AFIODeInit) refers to stm32f10x_rcc.o(i.RCC_APB2PeriphResetCmd) for RCC_APB2PeriphResetCmd
    stm32f10x_gpio.o(i.GPIO_DeInit) refers to stm32f10x_rcc.o(i.RCC_APB2PeriphResetCmd) for RCC_APB2PeriphResetCmd
    stm32f10x_i2c.o(i.I2C_DeInit) refers to stm32f10x_rcc.o(i.RCC_APB1PeriphResetCmd) for RCC_APB1PeriphResetCmd
    stm32f10x_i2c.o(i.I2C_Init) refers to stm32f10x_rcc.o(i.RCC_GetClocksFreq) for RCC_GetClocksFreq
[...]
    Removing usb_regs.o(i.ClearEP_CTR_TX), (28 bytes).
    Removing usb_regs.o(i.ClearEP_KIND), (36 bytes).
    Removing usb_regs.o(i.FreeUserBuffer), (56 bytes).
    Removing usb_regs.o(i.GetBTABLE), (12 bytes).
    Removing usb_regs.o(i.GetCNTR), (12 bytes).
    Removing usb_regs.o(i.GetDADDR), (12 bytes).
    Removing usb_regs.o(i.GetENDPOINT), (20 bytes).
    Removing usb_regs.o(i.GetEPAddress), (20 bytes).
    Removing usb_regs.o(i.GetEPDblBuf0Addr), (28 bytes).
    Removing usb_regs.o(i.GetEPDblBuf0Count), (32 bytes).
    Removing usb_regs.o(i.GetEPDblBuf1Addr), (32 bytes).
    Removing usb_regs.o(i.GetEPDblBuf1Count), (32 bytes).
    Removing usb_regs.o(i.GetEPDblBufDir), (64 bytes).
    Removing usb_regs.o(i.GetEPRxStatus), (24 bytes).
    Removing usb_regs.o(i.GetEPTxCount), (32 bytes).
    Removing usb_regs.o(i.GetEPTxStatus), (24 bytes).
    Removing usb_regs.o(i.GetEPType), (24 bytes).
    Removing usb_regs.o(i.GetFNR), (12 bytes).
    Removing usb_regs.o(i.GetISTR), (12 bytes).
    Removing usb_regs.o(i.GetRxStallStatus), (28 bytes).
    Removing usb_regs.o(i.GetTxStallStatus), (28 bytes).
    Removing usb_regs.o(i.SetCNTR), (12 bytes).
    Removing usb_regs.o(i.SetDADDR), (12 bytes).
    Removing usb_regs.o(i.SetDouBleBuffEPStall), (44 bytes).
    Removing usb_regs.o(i.SetENDPOINT), (16 bytes).
    Removing usb_regs.o(i.SetEPAddress), (36 bytes).
    Removing usb_regs.o(i.SetEPCountRxReg), (40 bytes).
    Removing usb_regs.o(i.SetEPDblBuf0Addr), (32 bytes).
    Removing usb_regs.o(i.SetEPDblBuf0Count), (96 bytes).
    Removing usb_regs.o(i.SetEPDblBuf1Addr), (32 bytes).
    Removing usb_regs.o(i.SetEPDblBuf1Count), (96 bytes).
    Removing usb_regs.o(i.SetEPDblBuffAddr), (52 bytes).
    Removing usb_regs.o(i.SetEPDblBuffCount), (176 bytes).
    Removing usb_regs.o(i.SetEPDoubleBuff), (36 bytes).
    Removing usb_regs.o(i.SetEP_KIND), (36 bytes).
    Removing usb_regs.o(i.SetISTR), (12 bytes).
    Removing usb_regs.o(i.Set_Status_Out), (36 bytes).
    Removing usb_regs.o(i.ToWord), (6 bytes).
    Removing usb_regs.o(i.ToggleDTOG_RX), (36 bytes).
    Removing usb_regs.o(i.ToggleDTOG_TX), (36 bytes).
    Removing usb_sil.o(i.USB_SIL_Read), (36 bytes).
    Removing usb_sil.o(i.USB_SIL_Write), (40 bytes).
    Removing hw_config.o(i.GPIO_AINConfig), (2 bytes).
    Removing hw_config.o(i.Set_System), (212 bytes).
    Removing hw_config.o(.data), (1 bytes).
    Removing usb_endp.o(.bss), (256 bytes).
    Removing usb_pwr.o(i.PowerOff), (32 bytes).
    Removing usbio.o(.data), (1 bytes).
    Removing stm32f10x_it.o(i.OTG_FS_WKUP_IRQHandler), (6 bytes).
    Removing usart.o(i._sys_exit), (2 bytes).
    Removing usart.o(i.fputc), (24 bytes).
    Removing usart.o(i.uart1_init), (160 bytes).
    Removing usart.o(.bss), (200 bytes).
    Removing usart.o(.data), (2 bytes).
    Removing usart.o(.data), (4 bytes).
    Removing delay.o(i.delay_us), (52 bytes).
    Removing bluetooth.o(i.U2_PutChar), (32 bytes).
    Removing heart.o(.data), (1 bytes).
    Removing heart.o(.data), (2 bytes).
    Removing charger.o(i.Close_Charger), (28 bytes).
    Removing rc522.o(i.CalulateCRC), (100 bytes).
    Removing rc522.o(i.PcdAuthState), (66 bytes).
    Removing rc522.o(i.PcdHalt), (50 bytes).
    Removing rc522.o(i.PcdRead), (76 bytes).
    Removing rc522.o(i.PcdSelect), (100 bytes).
    Removing rc522.o(i.PcdWrite), (134 bytes).
    Removing myiic.o(i.IIC_Ack), (60 bytes).
    Removing myiic.o(i.IIC_Init), (68 bytes).
    Removing myiic.o(i.IIC_NAck), (60 bytes).
    Removing myiic.o(i.IIC_Read_Byte), (108 bytes).
    Removing myiic.o(i.IIC_Send_Byte), (96 bytes).
    Removing myiic.o(i.IIC_Start), (60 bytes).
    Removing myiic.o(i.IIC_Stop), (64 bytes).
    Removing myiic.o(i.IIC_Wait_Ack), (88 bytes).

503 unused section(s) (total 16923 bytes) removed from the image.

==============================================================================

Image Symbol Table

    Local Symbols

    Symbol Name                              Value     Ov Type        Size  Object(Section)

    ../../../cmprslib/zerorunl2.c            0x00000000   Number         0  __dczerorl2.o ABSOLUTE
    ../../microlib/init/entry.s              0x00000000   Number         0  entry5.o ABSOLUTE
    ../../microlib/init/entry.s              0x00000000   Number         0  entry7.o ABSOLUTE
    ../../microlib/init/entry.s              0x00000000   Number         0  entry.o ABSOLUTE
    ../../microlib/init/entry.s              0x00000000   Number         0  entry2.o ABSOLUTE
    ../../microlib/stubs.s                   0x00000000   Number         0  useno.o ABSOLUTE
    ..\HardWare\ANGLE\angle.c                0x00000000   Number         0  angle.o ABSOLUTE
    ..\HardWare\BLUETOOTH\bluetooth.c        0x00000000   Number         0  bluetooth.o ABSOLUTE
    ..\HardWare\HEART\capture.c              0x00000000   Number         0  capture.o ABSOLUTE
    ..\HardWare\HEART\heart.c                0x00000000   Number         0  heart.o ABSOLUTE
    ..\HardWare\IIC\myiic.c                  0x00000000   Number         0  myiic.o ABSOLUTE
    ..\HardWare\KEY\key.c                    0x00000000   Number         0  key.o ABSOLUTE
    ..\HardWare\LED\led.c                    0x00000000   Number         0  led.o ABSOLUTE
    ..\HardWare\LED\leds.c                   0x00000000   Number         0  leds.o ABSOLUTE
    ..\HardWare\POWER\charger.c              0x00000000   Number         0  charger.o ABSOLUTE
    ..\HardWare\POWER\power.c                0x00000000   Number         0  power.o ABSOLUTE
    ..\HardWare\RC522\rc522.c                0x00000000   Number         0  rc522.o ABSOLUTE
    ..\Libraries\CMSIS\CM3\DeviceSupport\CoreSupport\core_cm3.c 0x00000000   Number         0  core_cm3.o ABSOLUTE
    ..\Libraries\CMSIS\CM3\DeviceSupport\ST\STM32F10x\startup\arm\startup_stm32f10x_ld.s 0x00000000   Number         0  startup_stm32f10x_ld.o ABSOLUTE
    ..\Libraries\STM32F10x_StdPeriph_Driver\src\misc.c 0x00000000   Number         0  misc.o ABSOLUTE
    ..\Libraries\STM32F10x_StdPeriph_Driver\src\stm32f10x_adc.c 0x00000000   Number         0  stm32f10x_adc.o ABSOLUTE
    ..\Libraries\STM32F10x_StdPeriph_Driver\src\stm32f10x_bkp.c 0x00000000   Number         0  stm32f10x_bkp.o ABSOLUTE
    ..\Libraries\STM32F10x_StdPeriph_Driver\src\stm32f10x_can.c 0x00000000   Number         0  stm32f10x_can.o ABSOLUTE
    ..\Libraries\STM32F10x_StdPeriph_Driver\src\stm32f10x_cec.c 0x00000000   Number         0  stm32f10x_cec.o ABSOLUTE
    ..\Libraries\STM32F10x_StdPeriph_Driver\src\stm32f10x_crc.c 0x00000000   Number         0  stm32f10x_crc.o ABSOLUTE
    ..\Libraries\STM32F10x_StdPeriph_Driver\src\stm32f10x_dac.c 0x00000000   Number         0  stm32f10x_dac.o ABSOLUTE
    ..\Libraries\STM32F10x_StdPeriph_Driver\src\stm32f10x_dbgmcu.c 0x00000000   Number         0  stm32f10x_dbgmcu.o ABSOLUTE
    ..\Libraries\STM32F10x_StdPeriph_Driver\src\stm32f10x_dma.c 0x00000000   Number         0  stm32f10x_dma.o ABSOLUTE
    ..\Libraries\STM32F10x_StdPeriph_Driver\src\stm32f10x_exti.c 0x00000000   Number         0  stm32f10x_exti.o ABSOLUTE
    ..\Libraries\STM32F10x_StdPeriph_Driver\src\stm32f10x_flash.c 0x00000000   Number         0  stm32f10x_flash.o ABSOLUTE
    ..\Libraries\STM32F10x_StdPeriph_Driver\src\stm32f10x_fsmc.c 0x00000000   Number         0  stm32f10x_fsmc.o ABSOLUTE
    ..\Libraries\STM32F10x_StdPeriph_Driver\src\stm32f10x_gpio.c 0x00000000   Number         0  stm32f10x_gpio.o ABSOLUTE
    ..\Libraries\STM32F10x_StdPeriph_Driver\src\stm32f10x_i2c.c 0x00000000   Number         0  stm32f10x_i2c.o ABSOLUTE
    ..\Libraries\STM32F10x_StdPeriph_Driver\src\stm32f10x_iwdg.c 0x00000000   Number         0  stm32f10x_iwdg.o ABSOLUTE
    ..\Libraries\STM32F10x_StdPeriph_Driver\src\stm32f10x_pwr.c 0x00000000   Number         0  stm32f10x_pwr.o ABSOLUTE
    ..\Libraries\STM32F10x_StdPeriph_Driver\src\stm32f10x_rcc.c 0x00000000   Number         0  stm32f10x_rcc.o ABSOLUTE
    ..\Libraries\STM32F10x_StdPeriph_Driver\src\stm32f10x_rtc.c 0x00000000   Number         0  stm32f10x_rtc.o ABSOLUTE
    ..\Libraries\STM32F10x_StdPeriph_Driver\src\stm32f10x_sdio.c 0x00000000   Number         0  stm32f10x_sdio.o ABSOLUTE
    ..\Libraries\STM32F10x_StdPeriph_Driver\src\stm32f10x_spi.c 0x00000000   Number         0  stm32f10x_spi.o ABSOLUTE
    ..\Libraries\STM32F10x_StdPeriph_Driver\src\stm32f10x_tim.c 0x00000000   Number         0  stm32f10x_tim.o ABSOLUTE
    ..\Libraries\STM32F10x_StdPeriph_Driver\src\stm32f10x_usart.c 0x00000000   Number         0  stm32f10x_usart.o ABSOLUTE
    ..\Libraries\STM32F10x_StdPeriph_Driver\src\stm32f10x_wwdg.c 0x00000000   Number         0  stm32f10x_wwdg.o ABSOLUTE
    ..\Libraries\STM32_USB-FS-Device_Driver\src\usb_core.c 0x00000000   Number         0  usb_core.o ABSOLUTE
    ..\Libraries\STM32_USB-FS-Device_Driver\src\usb_init.c 0x00000000   Number         0  usb_init.o ABSOLUTE
    ..\Libraries\STM32_USB-FS-Device_Driver\src\usb_int.c 0x00000000   Number         0  usb_int.o ABSOLUTE
    ..\Libraries\STM32_USB-FS-Device_Driver\src\usb_mem.c 0x00000000   Number         0  usb_mem.o ABSOLUTE
    ..\Libraries\STM32_USB-FS-Device_Driver\src\usb_regs.c 0x00000000   Number         0  usb_regs.o ABSOLUTE
    ..\Libraries\STM32_USB-FS-Device_Driver\src\usb_sil.c 0x00000000   Number         0  usb_sil.o ABSOLUTE
    ..\SYSTEM\delay\delay.c                  0x00000000   Number         0  delay.o ABSOLUTE
    ..\SYSTEM\sys\sys.c                      0x00000000   Number         0  sys.o ABSOLUTE
    ..\User\USB\hw_config.c                  0x00000000   Number         0  hw_config.o ABSOLUTE
    ..\User\USB\usb_desc.c                   0x00000000   Number         0  usb_desc.o ABSOLUTE
    ..\User\USB\usb_endp.c                   0x00000000   Number         0  usb_endp.o ABSOLUTE
    ..\User\USB\usb_istr.c                   0x00000000   Number         0  usb_istr.o ABSOLUTE
    ..\User\USB\usb_prop.c                   0x00000000   Number         0  usb_prop.o ABSOLUTE
    ..\User\USB\usb_pwr.c                    0x00000000   Number         0  usb_pwr.o ABSOLUTE
    ..\User\main.c                           0x00000000   Number         0  main.o ABSOLUTE
    ..\User\stm32f10x_it.c                   0x00000000   Number         0  stm32f10x_it.o ABSOLUTE
    ..\User\system_stm32f10x.c               0x00000000   Number         0  system_stm32f10x.o ABSOLUTE
    ..\User\usart.c                          0x00000000   Number         0  usart.o ABSOLUTE
    ..\User\usbio.c                          0x00000000   Number         0  usbio.o ABSOLUTE
    ..\\Libraries\\CMSIS\\CM3\\DeviceSupport\\CoreSupport\\core_cm3.c 0x00000000   Number         0  core_cm3.o ABSOLUTE
    dc.s                                     0x00000000   Number         0  dc.o ABSOLUTE
    handlers.s                               0x00000000   Number         0  handlers.o ABSOLUTE
    init.s                                   0x00000000   Number         0  init.o ABSOLUTE
    RESET                                    0x08000000   Section      236  startup_stm32f10x_ld.o(RESET)
    .ARM.Collect$$$$00000000                 0x080000ec   Section        0  entry.o(.ARM.Collect$$$$00000000)
    .ARM.Collect$$$$00000001                 0x080000ec   Section        4  entry2.o(.ARM.Collect$$$$00000001)
    .ARM.Collect$$$$00000004                 0x080000f0   Section        4  entry5.o(.ARM.Collect$$$$00000004)
    .ARM.Collect$$$$00000007                 0x080000f4   Section        8  entry7.o(.ARM.Collect$$$$00000007)
    .ARM.Collect$$$$00002712                 0x080000fc   Section        4  entry2.o(.ARM.Collect$$$$00002712)
    __lit__00000000                          0x080000fc   Data           4  entry2.o(.ARM.Collect$$$$00002712)
    .text                                    0x08000100   Section       36  startup_stm32f10x_ld.o(.text)
    .text                                    0x08000124   Section       36  init.o(.text)
    .text                                    0x08000148   Section        0  __dczerorl2.o(.text)
    i.ADC_Cmd                                0x080001a4   Section        0  stm32f10x_adc.o(i.ADC_Cmd)
    i.ADC_DeInit                             0x080001b8   Section        0  stm32f10x_adc.o(i.ADC_DeInit)
    i.ADC_GetCalibrationStatus               0x080001fc   Section        0  stm32f10x_adc.o(i.ADC_GetCalibrationStatus)
    i.ADC_GetConversionValue                 0x0800020a   Section        0  stm32f10x_adc.o(i.ADC_GetConversionValue)
    i.ADC_GetFlagStatus                      0x08000210   Section        0  stm32f10x_adc.o(i.ADC_GetFlagStatus)
    i.ADC_GetResetCalibrationStatus          0x0800021e   Section        0  stm32f10x_adc.o(i.ADC_GetResetCalibrationStatus)
    i.ADC_Init                               0x0800022c   Section        0  stm32f10x_adc.o(i.ADC_Init)
    i.ADC_RegularChannelConfig               0x08000274   Section        0  stm32f10x_adc.o(i.ADC_RegularChannelConfig)
    i.ADC_ResetCalibration                   0x080002e8   Section        0  stm32f10x_adc.o(i.ADC_ResetCalibration)
    i.ADC_SoftwareStartConvCmd               0x080002f2   Section        0  stm32f10x_adc.o(i.ADC_SoftwareStartConvCmd)
    i.ADC_StartCalibration                   0x08000306   Section        0  stm32f10x_adc.o(i.ADC_StartCalibration)
    i.Adc_Init                               0x08000310   Section        0  angle.o(i.Adc_Init)
    i.BlueTooth_Init                         0x08000398   Section        0  bluetooth.o(i.BlueTooth_Init)
    i.BusFault_Handler                       0x08000448   Section        0  stm32f10x_it.o(i.BusFault_Handler)
    i.ByteSwap                               0x0800044a   Section        0  usb_regs.o(i.ByteSwap)
    i.CTR_LP                                 0x08000454   Section        0  usb_int.o(i.CTR_LP)
    i.Charger_Init                           0x080005b0   Section        0  charger.o(i.Charger_Init)
    i.ClearBitMask                           0x080005e8   Section        0  rc522.o(i.ClearBitMask)
    i.ClearDTOG_RX                           0x08000600   Section        0  usb_regs.o(i.ClearDTOG_RX)
    i.ClearDTOG_TX                           0x0800062c   Section        0  usb_regs.o(i.ClearDTOG_TX)
    i.Clear_Status_Out                       0x08000658   Section        0  usb_regs.o(i.Clear_Status_Out)
    i.CustomHID_Data_Setup                   0x0800067c   Section        0  usb_prop.o(i.CustomHID_Data_Setup)
    i.CustomHID_GetConfigDescriptor          0x080006d8   Section        0  usb_prop.o(i.CustomHID_GetConfigDescriptor)
    i.CustomHID_GetDeviceDescriptor          0x080006e4   Section        0  usb_prop.o(i.CustomHID_GetDeviceDescriptor)
    i.CustomHID_GetHIDDescriptor             0x080006f0   Section        0  usb_prop.o(i.CustomHID_GetHIDDescriptor)
    i.CustomHID_GetProtocolValue             0x080006fc   Section        0  usb_prop.o(i.CustomHID_GetProtocolValue)
    i.CustomHID_GetReportDescriptor          0x08000718   Section        0  usb_prop.o(i.CustomHID_GetReportDescriptor)
    i.CustomHID_GetStringDescriptor          0x0800071c   Section        0  usb_prop.o(i.CustomHID_GetStringDescriptor)
    i.CustomHID_Get_Interface_Setting        0x0800073c   Section        0  usb_prop.o(i.CustomHID_Get_Interface_Setting)
    i.CustomHID_NoData_Setup                 0x08000748   Section        0  usb_prop.o(i.CustomHID_NoData_Setup)
    i.CustomHID_Reset                        0x08000768   Section        0  usb_prop.o(i.CustomHID_Reset)
    i.CustomHID_SetConfiguration             0x08000844   Section        0  usb_prop.o(i.CustomHID_SetConfiguration)
    i.CustomHID_SetDeviceAddress             0x0800085c   Section        0  usb_prop.o(i.CustomHID_SetDeviceAddress)
    i.CustomHID_SetProtocol                  0x08000868   Section        0  usb_prop.o(i.CustomHID_SetProtocol)
    i.CustomHID_Status_In                    0x08000880   Section        0  usb_prop.o(i.CustomHID_Status_In)
    i.CustomHID_Status_Out                   0x08000882   Section        0  usb_prop.o(i.CustomHID_Status_Out)
    i.CustomHID_init                         0x08000884   Section        0  usb_prop.o(i.CustomHID_init)
    i.DataStageIn                            0x080008a8   Section        0  usb_core.o(i.DataStageIn)
    DataStageIn                              0x080008a9   Thumb Code   162  usb_core.o(i.DataStageIn)
    i.DataStageOut                           0x08000964   Section        0  usb_core.o(i.DataStageOut)
    DataStageOut                             0x08000965   Thumb Code   148  usb_core.o(i.DataStageOut)
    i.Data_Setup0                            0x08000a0c   Section        0  usb_core.o(i.Data_Setup0)
    Data_Setup0                              0x08000a0d   Thumb Code   376  usb_core.o(i.Data_Setup0)
    i.DebugMon_Handler                       0x08000ba8   Section        0  stm32f10x_it.o(i.DebugMon_Handler)
    i.EP1_IN_Callback                        0x08000baa   Section        0  usb_endp.o(i.EP1_IN_Callback)
    i.EP1_OUT_Callback                       0x08000bac   Section        0  usb_endp.o(i.EP1_OUT_Callback)
    i.EP2_IN_Callback                        0x08000bdc   Section        0  usb_endp.o(i.EP2_IN_Callback)
    i.EP2_OUT_Callback                       0x08000be0   Section        0  usb_endp.o(i.EP2_OUT_Callback)
    i.Enter_LowPowerMode                     0x08000c10   Section        0  hw_config.o(i.Enter_LowPowerMode)
    i.GPIO_Init                              0x08000c12   Section        0  stm32f10x_gpio.o(i.GPIO_Init)
    i.GPIO_ReadInputDataBit                  0x08000cae   Section        0  stm32f10x_gpio.o(i.GPIO_ReadInputDataBit)
    i.GPIO_ResetBits                         0x08000cbc   Section        0  stm32f10x_gpio.o(i.GPIO_ResetBits)
    i.GPIO_SetBits                           0x08000cc0   Section        0  stm32f10x_gpio.o(i.GPIO_SetBits)
    i.GetEPRxAddr                            0x08000cc4   Section        0  usb_regs.o(i.GetEPRxAddr)
    i.GetEPRxCount                           0x08000ce4   Section        0  usb_regs.o(i.GetEPRxCount)
    i.GetEPTxAddr                            0x08000d04   Section        0  usb_regs.o(i.GetEPTxAddr)
    i.Get_Adc                                0x08000d20   Section        0  angle.o(i.Get_Adc)
    i.Get_Adc_Average                        0x08000d54   Section        0  angle.o(i.Get_Adc_Average)
    i.Get_SerialNum                          0x08000d84   Section        0  hw_config.o(i.Get_SerialNum)
    i.HardFault_Handler                      0x08000db4   Section        0  stm32f10x_it.o(i.HardFault_Handler)
    i.Heart_Init                             0x08000db8   Section        0  heart.o(i.Heart_Init)
    i.In0_Process                            0x08000e70   Section        0  usb_core.o(i.In0_Process)
    i.InitRc522                              0x08000ecc   Section        0  rc522.o(i.InitRc522)
    i.IntToUnicode                           0x08000ee8   Section        0  hw_config.o(i.IntToUnicode)
    IntToUnicode                             0x08000ee9   Thumb Code    54  hw_config.o(i.IntToUnicode)
    i.KEY_Init                               0x08000f20   Section        0  key.o(i.KEY_Init)
    i.KEY_Scan                               0x08000f48   Section        0  key.o(i.KEY_Scan)
    i.LEDS_Init                              0x0800108c   Section        0  leds.o(i.LEDS_Init)
    i.LED_Init                               0x08001108   Section        0  led.o(i.LED_Init)
    i.Leave_LowPowerMode                     0x08001160   Section        0  hw_config.o(i.Leave_LowPowerMode)
    i.M500PcdConfigISOType                   0x08001162   Section        0  rc522.o(i.M500PcdConfigISOType)
    i.MemManage_Handler                      0x080011bc   Section        0  stm32f10x_it.o(i.MemManage_Handler)
    i.NMI_Handler                            0x080011be   Section        0  stm32f10x_it.o(i.NMI_Handler)
    i.NOP_Process                            0x080011c0   Section        0  usb_core.o(i.NOP_Process)
    i.NVIC_Configuration                     0x080011c2   Section        0  sys.o(i.NVIC_Configuration)
    i.NVIC_Init                              0x080011ca   Section        0  misc.o(i.NVIC_Init)
    i.NVIC_PriorityGroupConfig               0x08001228   Section        0  misc.o(i.NVIC_PriorityGroupConfig)
    i.NoData_Setup0                          0x0800123c   Section        0  usb_core.o(i.NoData_Setup0)
    NoData_Setup0                            0x0800123d   Thumb Code   194  usb_core.o(i.NoData_Setup0)
    i.Open_Charger                           0x08001314   Section        0  charger.o(i.Open_Charger)
    i.Out0_Process                           0x08001330   Section        0  usb_core.o(i.Out0_Process)
    i.PMAToUserBufferCopy                    0x08001378   Section        0  usb_mem.o(i.PMAToUserBufferCopy)
    i.PcdAntennaOff                          0x08001394   Section        0  rc522.o(i.PcdAntennaOff)
    i.PcdAntennaOn                           0x0800139c   Section        0  rc522.o(i.PcdAntennaOn)
    i.PcdAnticoll                            0x080013b6   Section        0  rc522.o(i.PcdAnticoll)
    i.PcdComMF522                            0x08001420   Section        0  rc522.o(i.PcdComMF522)
    i.PcdRequest                             0x08001538   Section        0  rc522.o(i.PcdRequest)
    i.PcdReset                               0x0800158c   Section        0  rc522.o(i.PcdReset)
    i.Post0_Process                          0x080015f8   Section        0  usb_core.o(i.Post0_Process)
    i.PowerOn                                0x08001638   Section        0  usb_pwr.o(i.PowerOn)
    i.Power_Init                             0x08001668   Section        0  power.o(i.Power_Init)
    i.RCC_ADCCLKConfig                       0x08001718   Section        0  stm32f10x_rcc.o(i.RCC_ADCCLKConfig)
    i.RCC_APB1PeriphClockCmd                 0x0800172c   Section        0  stm32f10x_rcc.o(i.RCC_APB1PeriphClockCmd)
    i.RCC_APB2PeriphClockCmd                 0x08001744   Section        0  stm32f10x_rcc.o(i.RCC_APB2PeriphClockCmd)
    i.RCC_APB2PeriphResetCmd                 0x0800175c   Section        0  stm32f10x_rcc.o(i.RCC_APB2PeriphResetCmd)
    i.RCC_GetClocksFreq                      0x08001774   Section        0  stm32f10x_rcc.o(i.RCC_GetClocksFreq)
    i.RCC_USBCLKConfig                       0x0800180c   Section        0  stm32f10x_rcc.o(i.RCC_USBCLKConfig)
    i.ReadRawRC                              0x08001818   Section        0  rc522.o(i.ReadRawRC)
    i.Reset_RC522                            0x08001840   Section        0  rc522.o(i.Reset_RC522)
    i.Resume                                 0x08001854   Section        0  usb_pwr.o(i.Resume)
    i.Resume_Init                            0x080018d8   Section        0  usb_pwr.o(i.Resume_Init)
    i.SPI2_Init                              0x080018f8   Section        0  rc522.o(i.SPI2_Init)
    i.SPIWriteByte                           0x080019ac   Section        0  rc522.o(i.SPIWriteByte)
    i.SVC_Handler                            0x080019d0   Section        0  stm32f10x_it.o(i.SVC_Handler)
    i.SetBTABLE                              0x080019d4   Section        0  usb_regs.o(i.SetBTABLE)
    i.SetBackward                            0x080019e4   Section        0  power.o(i.SetBackward)
    i.SetBitMask                             0x08001a10   Section        0  rc522.o(i.SetBitMask)
    i.SetDeviceAddress                       0x08001a28   Section        0  usb_core.o(i.SetDeviceAddress)
    i.SetEPRxAddr                            0x08001a6c   Section        0  usb_regs.o(i.SetEPRxAddr)
    i.SetEPRxCount                           0x08001a8c   Section        0  usb_regs.o(i.SetEPRxCount)
    i.SetEPRxStatus                          0x08001acc   Section        0  usb_regs.o(i.SetEPRxStatus)
    i.SetEPRxValid                           0x08001b00   Section        0  usb_regs.o(i.SetEPRxValid)
    i.SetEPTxAddr                            0x08001b28   Section        0  usb_regs.o(i.SetEPTxAddr)
    i.SetEPTxCount                           0x08001b48   Section        0  usb_regs.o(i.SetEPTxCount)
    i.SetEPTxStatus                          0x08001b64   Section        0  usb_regs.o(i.SetEPTxStatus)
    i.SetEPTxValid                           0x08001b98   Section        0  usb_regs.o(i.SetEPTxValid)
    i.SetEPType                              0x08001bc0   Section        0  usb_regs.o(i.SetEPType)
    i.SetForward                             0x08001be0   Section        0  power.o(i.SetForward)
    i.SetLeds                                0x08001c0c   Section        0  leds.o(i.SetLeds)
    i.SetPower                               0x08001c18   Section        0  power.o(i.SetPower)
    i.SetStop                                0x08001c24   Section        0  power.o(i.SetStop)
    i.SetSysClockTo72                        0x08001c3c   Section        0  system_stm32f10x.o(i.SetSysClockTo72)
    SetSysClockTo72                          0x08001c3d   Thumb Code   138  system_stm32f10x.o(i.SetSysClockTo72)
    i.Set_USBClock                           0x08001cd0   Section        0  hw_config.o(i.Set_USBClock)
    i.Setup0_Process                         0x08001ce4   Section        0  usb_core.o(i.Setup0_Process)
    i.Standard_ClearFeature                  0x08001d54   Section        0  usb_core.o(i.Standard_ClearFeature)
    i.Standard_GetConfiguration              0x08001e54   Section        0  usb_core.o(i.Standard_GetConfiguration)
    i.Standard_GetDescriptorData             0x08001e7c   Section        0  usb_core.o(i.Standard_GetDescriptorData)
    i.Standard_GetInterface                  0x08001e98   Section        0  usb_core.o(i.Standard_GetInterface)
    i.Standard_GetStatus                     0x08001ec0   Section        0  usb_core.o(i.Standard_GetStatus)
    i.Standard_SetConfiguration              0x08001f54   Section        0  usb_core.o(i.Standard_SetConfiguration)
    i.Standard_SetDeviceFeature              0x08001f8c   Section        0  usb_core.o(i.Standard_SetDeviceFeature)
    i.Standard_SetEndPointFeature            0x08001fb0   Section        0  usb_core.o(i.Standard_SetEndPointFeature)
    i.Standard_SetInterface                  0x0800203c   Section        0  usb_core.o(i.Standard_SetInterface)
    i.Suspend                                0x08002084   Section        0  usb_pwr.o(i.Suspend)
    i.SysTick_CLKSourceConfig                0x080020a4   Section        0  misc.o(i.SysTick_CLKSourceConfig)
    i.SysTick_Handler                        0x080020bc   Section        0  delay.o(i.SysTick_Handler)
    i.SystemInit                             0x080020c0   Section        0  system_stm32f10x.o(i.SystemInit)
    i.TI1_Config                             0x08002110   Section        0  stm32f10x_tim.o(i.TI1_Config)
    TI1_Config                               0x08002111   Thumb Code    84  stm32f10x_tim.o(i.TI1_Config)
    i.TI2_Config                             0x08002178   Section        0  stm32f10x_tim.o(i.TI2_Config)
    TI2_Config                               0x08002179   Thumb Code    98  stm32f10x_tim.o(i.TI2_Config)
    i.TIM2_IRQHandler                        0x080021f0   Section        0  heart.o(i.TIM2_IRQHandler)
    i.TIM2_Init                              0x080022d4   Section        0  heart.o(i.TIM2_Init)
    i.TIM3_IRQHandler                        0x08002330   Section        0  heart.o(i.TIM3_IRQHandler)
    i.TIM_ClearITPendingBit                  0x08002454   Section        0  stm32f10x_tim.o(i.TIM_ClearITPendingBit)
    i.TIM_Cmd                                0x0800245a   Section        0  stm32f10x_tim.o(i.TIM_Cmd)
    i.TIM_GetCapture3                        0x0800246e   Section        0  stm32f10x_tim.o(i.TIM_GetCapture3)
    i.TIM_GetCapture4                        0x08002472   Section        0  stm32f10x_tim.o(i.TIM_GetCapture4)
    i.TIM_GetITStatus                        0x08002478   Section        0  stm32f10x_tim.o(i.TIM_GetITStatus)
    i.TIM_ICInit                             0x08002490   Section        0  stm32f10x_tim.o(i.TIM_ICInit)
    i.TIM_ITConfig                           0x080025b8   Section        0  stm32f10x_tim.o(i.TIM_ITConfig)
    i.TIM_OC1Init                            0x080025c8   Section        0  stm32f10x_tim.o(i.TIM_OC1Init)
    i.TIM_OC2Init                            0x08002648   Section        0  stm32f10x_tim.o(i.TIM_OC2Init)
    i.TIM_SetCompare1                        0x080026c4   Section        0  stm32f10x_tim.o(i.TIM_SetCompare1)
    i.TIM_SetCompare2                        0x080026c8   Section        0  stm32f10x_tim.o(i.TIM_SetCompare2)
    i.TIM_SetIC1Prescaler                    0x080026cc   Section        0  stm32f10x_tim.o(i.TIM_SetIC1Prescaler)
    i.TIM_SetIC2Prescaler                    0x080026dc   Section        0  stm32f10x_tim.o(i.TIM_SetIC2Prescaler)
    i.TIM_SetIC3Prescaler                    0x080026ee   Section        0  stm32f10x_tim.o(i.TIM_SetIC3Prescaler)
    i.TIM_SetIC4Prescaler                    0x080026fe   Section        0  stm32f10x_tim.o(i.TIM_SetIC4Prescaler)
    i.TIM_TimeBaseInit                       0x08002710   Section        0  stm32f10x_tim.o(i.TIM_TimeBaseInit)
    i.USART1_IRQHandler                      0x080027ac   Section        0  usart.o(i.USART1_IRQHandler)
    i.USART2_IRQHandler                      0x080027d0   Section        0  bluetooth.o(i.USART2_IRQHandler)
    i.USART_ClearFlag                        0x08002814   Section        0  stm32f10x_usart.o(i.USART_ClearFlag)
    i.USART_Cmd                              0x0800281a   Section        0  stm32f10x_usart.o(i.USART_Cmd)
    i.USART_GetITStatus                      0x0800282e   Section        0  stm32f10x_usart.o(i.USART_GetITStatus)
    i.USART_ITConfig                         0x0800286c   Section        0  stm32f10x_usart.o(i.USART_ITConfig)
    i.USART_Init                             0x0800289c   Section        0  stm32f10x_usart.o(i.USART_Init)
    i.USART_ReceiveData                      0x08002950   Section        0  stm32f10x_usart.o(i.USART_ReceiveData)
    i.USB_Cable_Config                       0x08002958   Section        0  hw_config.o(i.USB_Cable_Config)
    i.USB_GetData                            0x08002970   Section        0  usbio.o(i.USB_GetData)
    i.USB_Init                               0x08002994   Section        0  usb_init.o(i.USB_Init)
    i.USB_Interrupts_Config                  0x080029bc   Section        0  hw_config.o(i.USB_Interrupts_Config)
    i.USB_Istr                               0x080029dc   Section        0  usb_istr.o(i.USB_Istr)
    i.USB_LP_CAN1_RX0_IRQHandler             0x08002aa8   Section        0  stm32f10x_it.o(i.USB_LP_CAN1_RX0_IRQHandler)
    i.USB_SIL_Init                           0x08002aac   Section        0  usb_sil.o(i.USB_SIL_Init)
    i.USB_SendData                           0x08002acc   Section        0  usbio.o(i.USB_SendData)
    i.UsageFault_Handler                     0x08002afa   Section        0  stm32f10x_it.o(i.UsageFault_Handler)
    i.UserToPMABufferCopy                    0x08002afc   Section        0  usb_mem.o(i.UserToPMABufferCopy)
    i.WriteRawRC                             0x08002b24   Section        0  rc522.o(i.WriteRawRC)
    i.__scatterload_copy                     0x08002b4c   Section       14  handlers.o(i.__scatterload_copy)
    i.__scatterload_null                     0x08002b5a   Section        2  handlers.o(i.__scatterload_null)
    i.__scatterload_zeroinit                 0x08002b5c   Section       14  handlers.o(i.__scatterload_zeroinit)
    i.delay_init                             0x08002b6c   Section        0  delay.o(i.delay_init)
    i.delay_ms                               0x08002b9c   Section        0  delay.o(i.delay_ms)
    i.delay_ns                               0x08002bd0   Section        0  rc522.o(i.delay_ns)
    i.main                                   0x08002be4   Section        0  main.o(i.main)
    .constdata                               0x08002e08   Section       18  usb_desc.o(.constdata)
    .constdata                               0x08002e1a   Section       32  usb_desc.o(.constdata)
    .constdata                               0x08002e3a   Section        4  usb_desc.o(.constdata)
    .constdata                               0x08002e3e   Section       20  usb_desc.o(.constdata)
    .constdata                               0x08002e52   Section       26  usb_desc.o(.constdata)
    .data                                    0x20000000   Section       20  system_stm32f10x.o(.data)
    .data                                    0x20000014   Section       20  stm32f10x_rcc.o(.data)
    ADCPrescTable                            0x20000014   Data           4  stm32f10x_rcc.o(.data)
    APBAHBPrescTable                         0x20000018   Data          16  stm32f10x_rcc.o(.data)
    .data                                    0x20000028   Section        4  usb_core.o(.data)
    .data                                    0x2000002c   Section        1  usb_init.o(.data)
    .data                                    0x20000030   Section       12  usb_init.o(.data)
    .data                                    0x2000003c   Section        2  usb_init.o(.data)
    .data                                    0x2000003e   Section        4  usb_int.o(.data)
    .data                                    0x20000042   Section       26  usb_desc.o(.data)
    .data                                    0x2000005c   Section       12  usb_endp.o(.data)
    .data                                    0x20000068   Section        4  usb_istr.o(.data)
    .data                                    0x2000006c   Section       28  usb_istr.o(.data)
    .data                                    0x20000088   Section       28  usb_istr.o(.data)
    .data                                    0x200000a4   Section        2  usb_prop.o(.data)
    .data                                    0x200000a8   Section      108  usb_prop.o(.data)
    .data                                    0x20000114   Section       36  usb_prop.o(.data)
    .data                                    0x20000138   Section        4  usb_pwr.o(.data)
    .data                                    0x2000013c   Section        1  usb_pwr.o(.data)
    .data                                    0x2000013d   Section        2  usb_pwr.o(.data)
    .data                                    0x2000013f   Section        6  main.o(.data)
    .data                                    0x20000146   Section        4  delay.o(.data)
    fac_us                                   0x20000146   Data           1  delay.o(.data)
    fac_ms                                   0x20000148   Data           2  delay.o(.data)
    .data                                    0x2000014a   Section        4  key.o(.data)
    key_up                                   0x2000014a   Data           1  key.o(.data)
    .data                                    0x2000014e   Section        1  bluetooth.o(.data)
    .data                                    0x20000150   Section        2  bluetooth.o(.data)
    .data                                    0x20000154   Section       52  heart.o(.data)
    .data                                    0x20000188   Section        1  charger.o(.data)
    .data                                    0x20000189   Section        1  power.o(.data)
    .bss                                     0x2000018c   Section       28  usb_init.o(.bss)
    .bss                                     0x200001a8   Section      256  usb_endp.o(.bss)
    .bss                                     0x200002a8   Section       12  bluetooth.o(.bss)
    .bss                                     0x200002b4   Section       10  heart.o(.bss)
    STACK                                    0x200002c0   Section     1024  startup_stm32f10x_ld.o(STACK)

    Global Symbols

    Symbol Name                              Value     Ov Type        Size  Object(Section)

    BuildAttributes$$THM_ISAv4$P$D$K$B$S$PE$A:L22UL41UL21$X:L11$S22US41US21$IEEE1$IW$USESV6$~STKCKD$USESV7$~SHL$OSPACE$EBA8$MICROLIB$REQ8$PRES8$EABIv2 0x00000000   Number         0  anon$$obj.o ABSOLUTE
    __ARM_use_no_argv                        0x00000000   Number         0  main.o ABSOLUTE
    __use_no_errno                           0x00000000   Number         0  useno.o ABSOLUTE
    __use_no_exception_handling              0x00000000   Number         0  useno.o ABSOLUTE
    __use_no_fp                              0x00000000   Number         0  useno.o ABSOLUTE
    __use_no_heap                            0x00000000   Number         0  useno.o ABSOLUTE
    __use_no_heap_region                     0x00000000   Number         0  useno.o ABSOLUTE
    __use_no_semihosting                     0x00000000   Number         0  useno.o ABSOLUTE
    __use_no_semihosting_swi                 0x00000000   Number         0  useno.o ABSOLUTE
    __use_no_signal_handling                 0x00000000   Number         0  useno.o ABSOLUTE
    __Vectors_Size                           0x000000ec   Number         0  startup_stm32f10x_ld.o ABSOLUTE
    __Vectors                                0x08000000   Data           4  startup_stm32f10x_ld.o(RESET)
    __Vectors_End                            0x080000ec   Data           0  startup_stm32f10x_ld.o(RESET)
    __main                                   0x080000ed   Thumb Code     0  entry.o(.ARM.Collect$$$$00000000)
    _main_stk                                0x080000ed   Thumb Code     0  entry2.o(.ARM.Collect$$$$00000001)
    _main_scatterload                        0x080000f1   Thumb Code     0  entry5.o(.ARM.Collect$$$$00000004)
    __main_after_scatterload                 0x080000f5   Thumb Code     0  entry5.o(.ARM.Collect$$$$00000004)
    _main_init                               0x080000f5   Thumb Code     0  entry7.o(.ARM.Collect$$$$00000007)
    Reset_Handler                            0x08000101   Thumb Code     8  startup_stm32f10x_ld.o(.text)
    PendSV_Handler                           0x08000117   Thumb Code     2  startup_stm32f10x_ld.o(.text)
    ADC1_2_IRQHandler                        0x0800011b   Thumb Code     0  startup_stm32f10x_ld.o(.text)
    CAN1_RX1_IRQHandler                      0x0800011b   Thumb Code     0  startup_stm32f10x_ld.o(.text)
    CAN1_SCE_IRQHandler                      0x0800011b   Thumb Code     0  startup_stm32f10x_ld.o(.text)
    DMA1_Channel1_IRQHandler                 0x0800011b   Thumb Code     0  startup_stm32f10x_ld.o(.text)
    DMA1_Channel2_IRQHandler                 0x0800011b   Thumb Code     0  startup_stm32f10x_ld.o(.text)
    DMA1_Channel3_IRQHandler                 0x0800011b   Thumb Code     0  startup_stm32f10x_ld.o(.text)
    DMA1_Channel4_IRQHandler                 0x0800011b   Thumb Code     0  startup_stm32f10x_ld.o(.text)
    DMA1_Channel5_IRQHandler                 0x0800011b   Thumb Code     0  startup_stm32f10x_ld.o(.text)
    DMA1_Channel6_IRQHandler                 0x0800011b   Thumb Code     0  startup_stm32f10x_ld.o(.text)
    DMA1_Channel7_IRQHandler                 0x0800011b   Thumb Code     0  startup_stm32f10x_ld.o(.text)
    EXTI0_IRQHandler                         0x0800011b   Thumb Code     0  startup_stm32f10x_ld.o(.text)
    EXTI15_10_IRQHandler                     0x0800011b   Thumb Code     0  startup_stm32f10x_ld.o(.text)
    EXTI1_IRQHandler                         0x0800011b   Thumb Code     0  startup_stm32f10x_ld.o(.text)
    EXTI2_IRQHandler                         0x0800011b   Thumb Code     0  startup_stm32f10x_ld.o(.text)
    EXTI3_IRQHandler                         0x0800011b   Thumb Code     0  startup_stm32f10x_ld.o(.text)
    EXTI4_IRQHandler                         0x0800011b   Thumb Code     0  startup_stm32f10x_ld.o(.text)
    EXTI9_5_IRQHandler                       0x0800011b   Thumb Code     0  startup_stm32f10x_ld.o(.text)
    FLASH_IRQHandler                         0x0800011b   Thumb Code     0  startup_stm32f10x_ld.o(.text)
    I2C1_ER_IRQHandler                       0x0800011b   Thumb Code     0  startup_stm32f10x_ld.o(.text)
    I2C1_EV_IRQHandler                       0x0800011b   Thumb Code     0  startup_stm32f10x_ld.o(.text)
    PVD_IRQHandler                           0x0800011b   Thumb Code     0  startup_stm32f10x_ld.o(.text)
    RCC_IRQHandler                           0x0800011b   Thumb Code     0  startup_stm32f10x_ld.o(.text)
    RTCAlarm_IRQHandler                      0x0800011b   Thumb Code     0  startup_stm32f10x_ld.o(.text)
    RTC_IRQHandler                           0x0800011b   Thumb Code     0  startup_stm32f10x_ld.o(.text)
    SPI1_IRQHandler                          0x0800011b   Thumb Code     0  startup_stm32f10x_ld.o(.text)
    TAMPER_IRQHandler                        0x0800011b   Thumb Code     0  startup_stm32f10x_ld.o(.text)
    TIM1_BRK_IRQHandler                      0x0800011b   Thumb Code     0  startup_stm32f10x_ld.o(.text)
    TIM1_CC_IRQHandler                       0x0800011b   Thumb Code     0  startup_stm32f10x_ld.o(.text)
    TIM1_TRG_COM_IRQHandler                  0x0800011b   Thumb Code     0  startup_stm32f10x_ld.o(.text)
    TIM1_UP_IRQHandler                       0x0800011b   Thumb Code     0  startup_stm32f10x_ld.o(.text)
    USBWakeUp_IRQHandler                     0x0800011b   Thumb Code     0  startup_stm32f10x_ld.o(.text)
    USB_HP_CAN1_TX_IRQHandler                0x0800011b   Thumb Code     0  startup_stm32f10x_ld.o(.text)
    WWDG_IRQHandler                          0x0800011b   Thumb Code     0  startup_stm32f10x_ld.o(.text)
    __scatterload                            0x08000125   Thumb Code    28  init.o(.text)
    __scatterload_rt2                        0x08000125   Thumb Code     0  init.o(.text)
    __decompress                             0x08000149   Thumb Code     0  __dczerorl2.o(.text)
    __decompress1                            0x08000149   Thumb Code    92  __dczerorl2.o(.text)
    ADC_Cmd                                  0x080001a5   Thumb Code    20  stm32f10x_adc.o(i.ADC_Cmd)
    ADC_DeInit                               0x080001b9   Thumb Code    56  stm32f10x_adc.o(i.ADC_DeInit)
    ADC_GetCalibrationStatus                 0x080001fd   Thumb Code    14  stm32f10x_adc.o(i.ADC_GetCalibrationStatus)
    ADC_GetConversionValue                   0x0800020b   Thumb Code     6  stm32f10x_adc.o(i.ADC_GetConversionValue)
    ADC_GetFlagStatus                        0x08000211   Thumb Code    14  stm32f10x_adc.o(i.ADC_GetFlagStatus)
    ADC_GetResetCalibrationStatus            0x0800021f   Thumb Code    14  stm32f10x_adc.o(i.ADC_GetResetCalibrationStatus)
    ADC_Init                                 0x0800022d   Thumb Code    62  stm32f10x_adc.o(i.ADC_Init)
    ADC_RegularChannelConfig                 0x08000275   Thumb Code   116  stm32f10x_adc.o(i.ADC_RegularChannelConfig)
    ADC_ResetCalibration                     0x080002e9   Thumb Code    10  stm32f10x_adc.o(i.ADC_ResetCalibration)
    ADC_SoftwareStartConvCmd                 0x080002f3   Thumb Code    20  stm32f10x_adc.o(i.ADC_SoftwareStartConvCmd)
    ADC_StartCalibration                     0x08000307   Thumb Code    10  stm32f10x_adc.o(i.ADC_StartCalibration)
    Adc_Init                                 0x08000311   Thumb Code   126  angle.o(i.Adc_Init)
    BlueTooth_Init                           0x08000399   Thumb Code   166  bluetooth.o(i.BlueTooth_Init)
    BusFault_Handler                         0x08000449   Thumb Code     2  stm32f10x_it.o(i.BusFault_Handler)
    ByteSwap                                 0x0800044b   Thumb Code    10  usb_regs.o(i.ByteSwap)
    CTR_LP                                   0x08000455   Thumb Code   322  usb_int.o(i.CTR_LP)
    Charger_Init                             0x080005b1   Thumb Code    50  charger.o(i.Charger_Init)
    ClearBitMask                             0x080005e9   Thumb Code    24  rc522.o(i.ClearBitMask)
    ClearDTOG_RX                             0x08000601   Thumb Code    38  usb_regs.o(i.ClearDTOG_RX)
    ClearDTOG_TX                             0x0800062d   Thumb Code    38  usb_regs.o(i.ClearDTOG_TX)
    Clear_Status_Out                         0x08000659   Thumb Code    30  usb_regs.o(i.Clear_Status_Out)
    CustomHID_Data_Setup                     0x0800067d   Thumb Code    74  usb_prop.o(i.CustomHID_Data_Setup)
    CustomHID_GetConfigDescriptor            0x080006d9   Thumb Code     6  usb_prop.o(i.CustomHID_GetConfigDescriptor)
    CustomHID_GetDeviceDescriptor            0x080006e5   Thumb Code     6  usb_prop.o(i.CustomHID_GetDeviceDescriptor)
    CustomHID_GetHIDDescriptor               0x080006f1   Thumb Code     6  usb_prop.o(i.CustomHID_GetHIDDescriptor)
    CustomHID_GetProtocolValue               0x080006fd   Thumb Code    18  usb_prop.o(i.CustomHID_GetProtocolValue)
    CustomHID_GetReportDescriptor            0x08000719   Thumb Code     4  usb_prop.o(i.CustomHID_GetReportDescriptor)
    CustomHID_GetStringDescriptor            0x0800071d   Thumb Code    24  usb_prop.o(i.CustomHID_GetStringDescriptor)
    CustomHID_Get_Interface_Setting          0x0800073d   Thumb Code    10  usb_prop.o(i.CustomHID_Get_Interface_Setting)
    CustomHID_NoData_Setup                   0x08000749   Thumb Code    26  usb_prop.o(i.CustomHID_NoData_Setup)
    CustomHID_Reset                          0x08000769   Thumb Code   202  usb_prop.o(i.CustomHID_Reset)
    CustomHID_SetConfiguration               0x08000845   Thumb Code    16  usb_prop.o(i.CustomHID_SetConfiguration)
    CustomHID_SetDeviceAddress               0x0800085d   Thumb Code     8  usb_prop.o(i.CustomHID_SetDeviceAddress)
    CustomHID_SetProtocol                    0x08000869   Thumb Code    14  usb_prop.o(i.CustomHID_SetProtocol)
    CustomHID_Status_In                      0x08000881   Thumb Code     2  usb_prop.o(i.CustomHID_Status_In)
    CustomHID_Status_Out                     0x08000883   Thumb Code     2  usb_prop.o(i.CustomHID_Status_Out)
    CustomHID_init                           0x08000885   Thumb Code    28  usb_prop.o(i.CustomHID_init)
    DebugMon_Handler                         0x08000ba9   Thumb Code     2  stm32f10x_it.o(i.DebugMon_Handler)
    EP1_IN_Callback                          0x08000bab   Thumb Code     2  usb_endp.o(i.EP1_IN_Callback)
    EP1_OUT_Callback                         0x08000bad   Thumb Code    40  usb_endp.o(i.EP1_OUT_Callback)
    EP2_IN_Callback                          0x08000bdd   Thumb Code     2  usb_endp.o(i.EP2_IN_Callback)
    EP2_OUT_Callback                         0x08000be1   Thumb Code    40  usb_endp.o(i.EP2_OUT_Callback)
    Enter_LowPowerMode                       0x08000c11   Thumb Code     2  hw_config.o(i.Enter_LowPowerMode)
    GPIO_Init                                0x08000c13   Thumb Code   156  stm32f10x_gpio.o(i.GPIO_Init)
    GPIO_ReadInputDataBit                    0x08000caf   Thumb Code    14  stm32f10x_gpio.o(i.GPIO_ReadInputDataBit)
    GPIO_ResetBits                           0x08000cbd   Thumb Code     4  stm32f10x_gpio.o(i.GPIO_ResetBits)
    GPIO_SetBits                             0x08000cc1   Thumb Code     4  stm32f10x_gpio.o(i.GPIO_SetBits)
    GetEPRxAddr                              0x08000cc5   Thumb Code    22  usb_regs.o(i.GetEPRxAddr)
    GetEPRxCount                             0x08000ce5   Thumb Code    24  usb_regs.o(i.GetEPRxCount)
    GetEPTxAddr                              0x08000d05   Thumb Code    20  usb_regs.o(i.GetEPTxAddr)
    Get_Adc                                  0x08000d21   Thumb Code    46  angle.o(i.Get_Adc)
    Get_Adc_Average                          0x08000d55   Thumb Code    46  angle.o(i.Get_Adc_Average)
    Get_SerialNum                            0x08000d85   Thumb Code    40  hw_config.o(i.Get_SerialNum)
    HardFault_Handler                        0x08000db5   Thumb Code     2  stm32f10x_it.o(i.HardFault_Handler)
    Heart_Init                               0x08000db9   Thumb Code   172  heart.o(i.Heart_Init)
    In0_Process                              0x08000e71   Thumb Code    80  usb_core.o(i.In0_Process)
    InitRc522                                0x08000ecd   Thumb Code    28  rc522.o(i.InitRc522)
    KEY_Init                                 0x08000f21   Thumb Code    34  key.o(i.KEY_Init)
    KEY_Scan                                 0x08000f49   Thumb Code   314  key.o(i.KEY_Scan)
    LEDS_Init                                0x0800108d   Thumb Code   116  leds.o(i.LEDS_Init)
    LED_Init                                 0x08001109   Thumb Code    78  led.o(i.LED_Init)
    Leave_LowPowerMode                       0x08001161   Thumb Code     2  hw_config.o(i.Leave_LowPowerMode)
    M500PcdConfigISOType                     0x08001163   Thumb Code    90  rc522.o(i.M500PcdConfigISOType)
    MemManage_Handler                        0x080011bd   Thumb Code     2  stm32f10x_it.o(i.MemManage_Handler)
    NMI_Handler                              0x080011bf   Thumb Code     2  stm32f10x_it.o(i.NMI_Handler)
    NOP_Process                              0x080011c1   Thumb Code     2  usb_core.o(i.NOP_Process)
    NVIC_Configuration                       0x080011c3   Thumb Code     8  sys.o(i.NVIC_Configuration)
    NVIC_Init                                0x080011cb   Thumb Code    92  misc.o(i.NVIC_Init)
    NVIC_PriorityGroupConfig                 0x08001229   Thumb Code    10  misc.o(i.NVIC_PriorityGroupConfig)
    Open_Charger                             0x08001315   Thumb Code    20  charger.o(i.Open_Charger)
    Out0_Process                             0x08001331   Thumb Code    62  usb_core.o(i.Out0_Process)
    PMAToUserBufferCopy                      0x08001379   Thumb Code    24  usb_mem.o(i.PMAToUserBufferCopy)
    PcdAntennaOff                            0x08001395   Thumb Code     8  rc522.o(i.PcdAntennaOff)
    PcdAntennaOn                             0x0800139d   Thumb Code    26  rc522.o(i.PcdAntennaOn)
    PcdAnticoll                              0x080013b7   Thumb Code   106  rc522.o(i.PcdAnticoll)
    PcdComMF522                              0x08001421   Thumb Code   276  rc522.o(i.PcdComMF522)
    PcdRequest                               0x08001539   Thumb Code    82  rc522.o(i.PcdRequest)
    PcdReset                                 0x0800158d   Thumb Code   104  rc522.o(i.PcdReset)
    Post0_Process                            0x080015f9   Thumb Code    46  usb_core.o(i.Post0_Process)
    PowerOn                                  0x08001639   Thumb Code    38  usb_pwr.o(i.PowerOn)
    Power_Init                               0x08001669   Thumb Code   168  power.o(i.Power_Init)
    RCC_ADCCLKConfig                         0x08001719   Thumb Code    14  stm32f10x_rcc.o(i.RCC_ADCCLKConfig)
    RCC_APB1PeriphClockCmd                   0x0800172d   Thumb Code    18  stm32f10x_rcc.o(i.RCC_APB1PeriphClockCmd)
    RCC_APB2PeriphClockCmd                   0x08001745   Thumb Code    18  stm32f10x_rcc.o(i.RCC_APB2PeriphClockCmd)
    RCC_APB2PeriphResetCmd                   0x0800175d   Thumb Code    18  stm32f10x_rcc.o(i.RCC_APB2PeriphResetCmd)
    RCC_GetClocksFreq                        0x08001775   Thumb Code   134  stm32f10x_rcc.o(i.RCC_GetClocksFreq)
    RCC_USBCLKConfig                         0x0800180d   Thumb Code     6  stm32f10x_rcc.o(i.RCC_USBCLKConfig)
    ReadRawRC                                0x08001819   Thumb Code    36  rc522.o(i.ReadRawRC)
    Reset_RC522                              0x08001841   Thumb Code    18  rc522.o(i.Reset_RC522)
    Resume                                   0x08001855   Thumb Code   124  usb_pwr.o(i.Resume)
    Resume_Init                              0x080018d9   Thumb Code    26  usb_pwr.o(i.Resume_Init)
    SPI2_Init                                0x080018f9   Thumb Code   160  rc522.o(i.SPI2_Init)
    SPIWriteByte                             0x080019ad   Thumb Code    30  rc522.o(i.SPIWriteByte)
    SVC_Handler                              0x080019d1   Thumb Code     2  stm32f10x_it.o(i.SVC_Handler)
    SetBTABLE                                0x080019d5   Thumb Code    10  usb_regs.o(i.SetBTABLE)
    SetBackward                              0x080019e5   Thumb Code    36  power.o(i.SetBackward)
    SetBitMask                               0x08001a11   Thumb Code    24  rc522.o(i.SetBitMask)
    SetDeviceAddress                         0x08001a29   Thumb Code    60  usb_core.o(i.SetDeviceAddress)
    SetEPRxAddr                              0x08001a6d   Thumb Code    24  usb_regs.o(i.SetEPRxAddr)
    SetEPRxCount                             0x08001a8d   Thumb Code    56  usb_regs.o(i.SetEPRxCount)
    SetEPRxStatus                            0x08001acd   Thumb Code    48  usb_regs.o(i.SetEPRxStatus)
    SetEPRxValid                             0x08001b01   Thumb Code    34  usb_regs.o(i.SetEPRxValid)
    SetEPTxAddr                              0x08001b29   Thumb Code    22  usb_regs.o(i.SetEPTxAddr)
    SetEPTxCount                             0x08001b49   Thumb Code    20  usb_regs.o(i.SetEPTxCount)
    SetEPTxStatus                            0x08001b65   Thumb Code    48  usb_regs.o(i.SetEPTxStatus)
    SetEPTxValid                             0x08001b99   Thumb Code    34  usb_regs.o(i.SetEPTxValid)
    SetEPType                                0x08001bc1   Thumb Code    26  usb_regs.o(i.SetEPType)
    SetForward                               0x08001be1   Thumb Code    34  power.o(i.SetForward)
    SetLeds                                  0x08001c0d   Thumb Code     8  leds.o(i.SetLeds)
    SetPower                                 0x08001c19   Thumb Code     8  power.o(i.SetPower)
    SetStop                                  0x08001c25   Thumb Code    14  power.o(i.SetStop)
    Set_USBClock                             0x08001cd1   Thumb Code    20  hw_config.o(i.Set_USBClock)
    Setup0_Process                           0x08001ce5   Thumb Code    98  usb_core.o(i.Setup0_Process)
    Standard_ClearFeature                    0x08001d55   Thumb Code   234  usb_core.o(i.Standard_ClearFeature)
    Standard_GetConfiguration                0x08001e55   Thumb Code    30  usb_core.o(i.Standard_GetConfiguration)
    Standard_GetDescriptorData               0x08001e7d   Thumb Code    24  usb_core.o(i.Standard_GetDescriptorData)
    Standard_GetInterface                    0x08001e99   Thumb Code    30  usb_core.o(i.Standard_GetInterface)
    Standard_GetStatus                       0x08001ec1   Thumb Code   132  usb_core.o(i.Standard_GetStatus)
    Standard_SetConfiguration                0x08001f55   Thumb Code    42  usb_core.o(i.Standard_SetConfiguration)
    Standard_SetDeviceFeature                0x08001f8d   Thumb Code    26  usb_core.o(i.Standard_SetDeviceFeature)
    Standard_SetEndPointFeature              0x08001fb1   Thumb Code   122  usb_core.o(i.Standard_SetEndPointFeature)
    Standard_SetInterface                    0x0800203d   Thumb Code    60  usb_core.o(i.Standard_SetInterface)
    Suspend                                  0x08002085   Thumb Code    26  usb_pwr.o(i.Suspend)
    SysTick_CLKSourceConfig                  0x080020a5   Thumb Code    24  misc.o(i.SysTick_CLKSourceConfig)
    SysTick_Handler                          0x080020bd   Thumb Code     2  delay.o(i.SysTick_Handler)
    SystemInit                               0x080020c1   Thumb Code    64  system_stm32f10x.o(i.SystemInit)
    TIM2_IRQHandler                          0x080021f1   Thumb Code   214  heart.o(i.TIM2_IRQHandler)
    TIM2_Init                                0x080022d5   Thumb Code    92  heart.o(i.TIM2_Init)
    TIM3_IRQHandler                          0x08002331   Thumb Code   280  heart.o(i.TIM3_IRQHandler)
    TIM_ClearITPendingBit                    0x08002455   Thumb Code     6  stm32f10x_tim.o(i.TIM_ClearITPendingBit)
    TIM_Cmd                                  0x0800245b   Thumb Code    20  stm32f10x_tim.o(i.TIM_Cmd)
    TIM_GetCapture3                          0x0800246f   Thumb Code     4  stm32f10x_tim.o(i.TIM_GetCapture3)
    TIM_GetCapture4                          0x08002473   Thumb Code     6  stm32f10x_tim.o(i.TIM_GetCapture4)
    TIM_GetITStatus                          0x08002479   Thumb Code    24  stm32f10x_tim.o(i.TIM_GetITStatus)
    TIM_ICInit                               0x08002491   Thumb Code   276  stm32f10x_tim.o(i.TIM_ICInit)
    TIM_ITConfig                             0x080025b9   Thumb Code    16  stm32f10x_tim.o(i.TIM_ITConfig)
    TIM_OC1Init                              0x080025c9   Thumb Code   106  stm32f10x_tim.o(i.TIM_OC1Init)
    TIM_OC2Init                              0x08002649   Thumb Code   116  stm32f10x_tim.o(i.TIM_OC2Init)
    TIM_SetCompare1                          0x080026c5   Thumb Code     4  stm32f10x_tim.o(i.TIM_SetCompare1)
    TIM_SetCompare2                          0x080026c9   Thumb Code     4  stm32f10x_tim.o(i.TIM_SetCompare2)
    TIM_SetIC1Prescaler                      0x080026cd   Thumb Code    16  stm32f10x_tim.o(i.TIM_SetIC1Prescaler)
    TIM_SetIC2Prescaler                      0x080026dd   Thumb Code    18  stm32f10x_tim.o(i.TIM_SetIC2Prescaler)
    TIM_SetIC3Prescaler                      0x080026ef   Thumb Code    16  stm32f10x_tim.o(i.TIM_SetIC3Prescaler)
    TIM_SetIC4Prescaler                      0x080026ff   Thumb Code    18  stm32f10x_tim.o(i.TIM_SetIC4Prescaler)
    TIM_TimeBaseInit                         0x08002711   Thumb Code   114  stm32f10x_tim.o(i.TIM_TimeBaseInit)
    USART1_IRQHandler                        0x080027ad   Thumb Code    30  usart.o(i.USART1_IRQHandler)
    USART2_IRQHandler                        0x080027d1   Thumb Code    54  bluetooth.o(i.USART2_IRQHandler)
    USART_ClearFlag                          0x08002815   Thumb Code     6  stm32f10x_usart.o(i.USART_ClearFlag)
    USART_Cmd                                0x0800281b   Thumb Code    20  stm32f10x_usart.o(i.USART_Cmd)
    USART_GetITStatus                        0x0800282f   Thumb Code    62  stm32f10x_usart.o(i.USART_GetITStatus)
    USART_ITConfig                           0x0800286d   Thumb Code    48  stm32f10x_usart.o(i.USART_ITConfig)
    USART_Init                               0x0800289d   Thumb Code   176  stm32f10x_usart.o(i.USART_Init)
    USART_ReceiveData                        0x08002951   Thumb Code     8  stm32f10x_usart.o(i.USART_ReceiveData)
    USB_Cable_Config                         0x08002959   Thumb Code    20  hw_config.o(i.USB_Cable_Config)
    USB_GetData                              0x08002971   Thumb Code    30  usbio.o(i.USB_GetData)
    USB_Init                                 0x08002995   Thumb Code    22  usb_init.o(i.USB_Init)
    USB_Interrupts_Config                    0x080029bd   Thumb Code    32  hw_config.o(i.USB_Interrupts_Config)
    USB_Istr                                 0x080029dd   Thumb Code   182  usb_istr.o(i.USB_Istr)
    USB_LP_CAN1_RX0_IRQHandler               0x08002aa9   Thumb Code     4  stm32f10x_it.o(i.USB_LP_CAN1_RX0_IRQHandler)
    USB_SIL_Init                             0x08002aad   Thumb Code    22  usb_sil.o(i.USB_SIL_Init)
    USB_SendData                             0x08002acd   Thumb Code    46  usbio.o(i.USB_SendData)
    UsageFault_Handler                       0x08002afb   Thumb Code     2  stm32f10x_it.o(i.UsageFault_Handler)
    UserToPMABufferCopy                      0x08002afd   Thumb Code    34  usb_mem.o(i.UserToPMABufferCopy)
    WriteRawRC                               0x08002b25   Thumb Code    34  rc522.o(i.WriteRawRC)
    __scatterload_copy                       0x08002b4d   Thumb Code    14  handlers.o(i.__scatterload_copy)
    __scatterload_null                       0x08002b5b   Thumb Code     2  handlers.o(i.__scatterload_null)
    __scatterload_zeroinit                   0x08002b5d   Thumb Code    14  handlers.o(i.__scatterload_zeroinit)
    delay_init                               0x08002b6d   Thumb Code    36  delay.o(i.delay_init)
    delay_ms                                 0x08002b9d   Thumb Code    46  delay.o(i.delay_ms)
    delay_ns                                 0x08002bd1   Thumb Code    18  rc522.o(i.delay_ns)
    main                                     0x08002be5   Thumb Code   514  main.o(i.main)
    CustomHID_DeviceDescriptor               0x08002e08   Data          18  usb_desc.o(.constdata)
    CustomHID_ConfigDescriptor               0x08002e1a   Data          32  usb_desc.o(.constdata)
    CustomHID_StringLangID                   0x08002e3a   Data           4  usb_desc.o(.constdata)
    CustomHID_StringVendor                   0x08002e3e   Data          20  usb_desc.o(.constdata)
    CustomHID_StringProduct                  0x08002e52   Data          26  usb_desc.o(.constdata)
    Region$$Table$$Base                      0x08002e6c   Number         0  anon$$obj.o(Region$$Table)
    Region$$Table$$Limit                     0x08002e8c   Number         0  anon$$obj.o(Region$$Table)
    SystemCoreClock                          0x20000000   Data           4  system_stm32f10x.o(.data)
    AHBPrescTable                            0x20000004   Data          16  system_stm32f10x.o(.data)
    Data_Mul_MaxPacketSize                   0x20000028   Data           1  usb_core.o(.data)
    StatusInfo                               0x2000002a   Data           2  usb_core.o(.data)
    EPindex                                  0x2000002c   Data           1  usb_init.o(.data)
    pInformation                             0x20000030   Data           4  usb_init.o(.data)
    pProperty                                0x20000034   Data           4  usb_init.o(.data)
    pUser_Standard_Requests                  0x20000038   Data           4  usb_init.o(.data)
    wInterrupt_Mask                          0x2000003c   Data           2  usb_init.o(.data)
    SaveRState                               0x2000003e   Data           2  usb_int.o(.data)
    SaveTState                               0x20000040   Data           2  usb_int.o(.data)
    CustomHID_StringSerial                   0x20000042   Data          26  usb_desc.o(.data)
    USB_Received_Flag                        0x2000005c   Data           1  usb_endp.o(.data)
    EP1_ReceivedCount                        0x20000060   Data           4  usb_endp.o(.data)
    EP2_ReceivedCount                        0x20000064   Data           4  usb_endp.o(.data)
    bIntPackSOF                              0x20000068   Data           1  usb_istr.o(.data)
    wIstr                                    0x2000006a   Data           2  usb_istr.o(.data)
    pEpInt_IN                                0x2000006c   Data          28  usb_istr.o(.data)
    pEpInt_OUT                               0x20000088   Data          28  usb_istr.o(.data)
    Device_Table                             0x200000a4   Data           2  usb_prop.o(.data)
    ProtocolValue                            0x200000a8   Data           4  usb_prop.o(.data)
    Device_Descriptor                        0x200000ac   Data           8  usb_prop.o(.data)
    Config_Descriptor                        0x200000b4   Data           8  usb_prop.o(.data)
    CustomHID_Descriptor                     0x200000bc   Data           8  usb_prop.o(.data)
    Device_Property                          0x200000c4   Data          48  usb_prop.o(.data)
    String_Descriptor                        0x200000f4   Data          32  usb_prop.o(.data)
    User_Standard_Requests                   0x20000114   Data          36  usb_prop.o(.data)
    bDeviceState                             0x20000138   Data           4  usb_pwr.o(.data)
    fSuspendEnabled                          0x2000013c   Data           1  usb_pwr.o(.data)
    ResumeS                                  0x2000013d   Data           2  usb_pwr.o(.data)
    CT                                       0x2000013f   Data           2  main.o(.data)
    SN                                       0x20000141   Data           4  main.o(.data)
    KeyStatus                                0x2000014c   Data           2  key.o(.data)
    BlueToothStatus                          0x2000014e   Data           1  bluetooth.o(.data)
    USART2_RX_STA                            0x20000150   Data           2  bluetooth.o(.data)
    IsSpeedStart                             0x20000154   Data           1  heart.o(.data)
    SpeedChangeStatus                        0x20000155   Data           1  heart.o(.data)
    IsHeartStart                             0x20000156   Data           1  heart.o(.data)
    HeartChangeStatus                        0x20000157   Data           1  heart.o(.data)
    TimerCount                               0x20000158   Data           2  heart.o(.data)
    BikeSpeed                                0x2000015a   Data           2  heart.o(.data)
    TmpBikeSpeed                             0x2000015c   Data           2  heart.o(.data)
    StartSpeedTime                           0x2000015e   Data           2  heart.o(.data)
    EndSpeedTime                             0x20000160   Data           2  heart.o(.data)
    BikeCount                                0x20000162   Data           2  heart.o(.data)
    TIM_Count                                0x20000164   Data           2  heart.o(.data)
    HeartSpeed                               0x20000166   Data           2  heart.o(.data)
    TmpHeartSpeed                            0x20000168   Data           2  heart.o(.data)
    StartHeartTime                           0x2000016a   Data           2  heart.o(.data)
    EndHeartTime                             0x2000016c   Data           2  heart.o(.data)
    HeartCount                               0x2000016e   Data           2  heart.o(.data)
    SpeedDataTime                            0x20000170   Data           4  heart.o(.data)
    BikeTime                                 0x20000174   Data           4  heart.o(.data)
    BikeTimeOld                              0x20000178   Data           4  heart.o(.data)
    HeartDataTime                            0x2000017c   Data           4  heart.o(.data)
    HeartTime                                0x20000180   Data           4  heart.o(.data)
    HeartTimeOld                             0x20000184   Data           4  heart.o(.data)
    ChargerStatus                            0x20000188   Data           1  charger.o(.data)
    PowerDir                                 0x20000189   Data           1  power.o(.data)
    Device_Info                              0x2000018c   Data          28  usb_init.o(.bss)
    USB_Receive_Buffer                       0x200001a8   Data         256  usb_endp.o(.bss)
    USART2_RX_BUF                            0x200002a8   Data          12  bluetooth.o(.bss)
    TIM3_ICInitStructure                     0x200002b4   Data          10  heart.o(.bss)
    __initial_sp                             0x200006c0   Data           0  startup_stm32f10x_ld.o(STACK)



==============================================================================

Memory Map of the image

  Image Entry point : 0x080000ed

  Load Region LR_IROM1 (Base: 0x08000000, Size: 0x00003018, Max: 0x00040000, ABSOLUTE, COMPRESSED[0x00002f20])

    Execution Region ER_IROM1 (Base: 0x08000000, Size: 0x00002e8c, Max: 0x00040000, ABSOLUTE)

    Base Addr    Size         Type   Attr      Idx    E Section Name        Object

    0x08000000   0x000000ec   Data   RO            3    RESET               startup_stm32f10x_ld.o
    0x080000ec   0x00000000   Code   RO         4854  * .ARM.Collect$$$$00000000  mc_w.l(entry.o)(mc_w.l)
    0x080000ec   0x00000004   Code   RO         4857    .ARM.Collect$$$$00000001  mc_w.l(entry2.o)(mc_w.l)
    0x080000f0   0x00000004   Code   RO         4860    .ARM.Collect$$$$00000004  mc_w.l(entry5.o)(mc_w.l)
    0x080000f4   0x00000008   Code   RO         4861    .ARM.Collect$$$$00000007  mc_w.l(entry7.o)(mc_w.l)
    0x080000fc   0x00000004   Code   RO         4858    .ARM.Collect$$$$00002712  mc_w.l(entry2.o)(mc_w.l)
    0x08000100   0x00000024   Code   RO            4    .text               startup_stm32f10x_ld.o
    0x08000124   0x00000024   Code   RO         4862    .text               mc_w.l(init.o)(mc_w.l)
    0x08000148   0x0000005c   Code   RO         4872    .text               mc_w.l(__dczerorl2.o)(mc_w.l)
    0x080001a4   0x00000014   Code   RO          178    i.ADC_Cmd           stm32f10x_adc.o
    0x080001b8   0x00000044   Code   RO          180    i.ADC_DeInit        stm32f10x_adc.o
    0x080001fc   0x0000000e   Code   RO          186    i.ADC_GetCalibrationStatus  stm32f10x_adc.o
    0x0800020a   0x00000006   Code   RO          187    i.ADC_GetConversionValue  stm32f10x_adc.o
    0x08000210   0x0000000e   Code   RO          189    i.ADC_GetFlagStatus  stm32f10x_adc.o
    0x0800021e   0x0000000e   Code   RO          192    i.ADC_GetResetCalibrationStatus  stm32f10x_adc.o
    0x0800022c   0x00000048   Code   RO          196    i.ADC_Init          stm32f10x_adc.o
    0x08000274   0x00000074   Code   RO          200    i.ADC_RegularChannelConfig  stm32f10x_adc.o
    0x080002e8   0x0000000a   Code   RO          201    i.ADC_ResetCalibration  stm32f10x_adc.o
    0x080002f2   0x00000014   Code   RO          203    i.ADC_SoftwareStartConvCmd  stm32f10x_adc.o
    0x08000306   0x0000000a   Code   RO          205    i.ADC_StartCalibration  stm32f10x_adc.o
    0x08000310   0x00000088   Code   RO         4481    i.Adc_Init          angle.o
    0x08000398   0x000000b0   Code   RO         4508    i.BlueTooth_Init    bluetooth.o
    0x08000448   0x00000002   Code   RO         4266    i.BusFault_Handler  stm32f10x_it.o
    0x0800044a   0x0000000a   Code   RO         3311    i.ByteSwap          usb_regs.o
    0x08000454   0x0000015c   Code   RO         3264    i.CTR_LP            usb_int.o
    0x080005b0   0x00000038   Code   RO         4588    i.Charger_Init      charger.o
    0x080005e8   0x00000018   Code   RO         4661    i.ClearBitMask      rc522.o
    0x08000600   0x0000002c   Code   RO         3312    i.ClearDTOG_RX      usb_regs.o
    0x0800062c   0x0000002c   Code   RO         3313    i.ClearDTOG_TX      usb_regs.o
    0x08000658   0x00000024   Code   RO         3318    i.Clear_Status_Out  usb_regs.o
    0x0800067c   0x0000005c   Code   RO         3884    i.CustomHID_Data_Setup  usb_prop.o
    0x080006d8   0x0000000c   Code   RO         3885    i.CustomHID_GetConfigDescriptor  usb_prop.o
    0x080006e4   0x0000000c   Code   RO         3886    i.CustomHID_GetDeviceDescriptor  usb_prop.o
    0x080006f0   0x0000000c   Code   RO         3887    i.CustomHID_GetHIDDescriptor  usb_prop.o
    0x080006fc   0x0000001c   Code   RO         3888    i.CustomHID_GetProtocolValue  usb_prop.o
    0x08000718   0x00000004   Code   RO         3889    i.CustomHID_GetReportDescriptor  usb_prop.o
    0x0800071c   0x00000020   Code   RO         3890    i.CustomHID_GetStringDescriptor  usb_prop.o
    0x0800073c   0x0000000a   Code   RO         3891    i.CustomHID_Get_Interface_Setting  usb_prop.o
    0x08000746   0x00000002   PAD
    0x08000748   0x00000020   Code   RO         3892    i.CustomHID_NoData_Setup  usb_prop.o
    0x08000768   0x000000dc   Code   RO         3893    i.CustomHID_Reset   usb_prop.o
    0x08000844   0x00000018   Code   RO         3894    i.CustomHID_SetConfiguration  usb_prop.o
    0x0800085c   0x0000000c   Code   RO         3895    i.CustomHID_SetDeviceAddress  usb_prop.o
    0x08000868   0x00000018   Code   RO         3896    i.CustomHID_SetProtocol  usb_prop.o
    0x08000880   0x00000002   Code   RO         3897    i.CustomHID_Status_In  usb_prop.o
    0x08000882   0x00000002   Code   RO         3898    i.CustomHID_Status_Out  usb_prop.o
    0x08000884   0x00000024   Code   RO         3899    i.CustomHID_init    usb_prop.o
    0x080008a8   0x000000bc   Code   RO         3085    i.DataStageIn       usb_core.o
    0x08000964   0x000000a8   Code   RO         3086    i.DataStageOut      usb_core.o
    0x08000a0c   0x0000019c   Code   RO         3087    i.Data_Setup0       usb_core.o
    0x08000ba8   0x00000002   Code   RO         4267    i.DebugMon_Handler  stm32f10x_it.o
    0x08000baa   0x00000002   Code   RO         3789    i.EP1_IN_Callback   usb_endp.o
    0x08000bac   0x00000030   Code   RO         3790    i.EP1_OUT_Callback  usb_endp.o
    0x08000bdc   0x00000002   Code   RO         3791    i.EP2_IN_Callback   usb_endp.o
    0x08000bde   0x00000002   PAD
    0x08000be0   0x00000030   Code   RO         3792    i.EP2_OUT_Callback  usb_endp.o
    0x08000c10   0x00000002   Code   RO         3695    i.Enter_LowPowerMode  hw_config.o
    0x08000c12   0x0000009c   Code   RO         1285    i.GPIO_Init         stm32f10x_gpio.o
    0x08000cae   0x0000000e   Code   RO         1289    i.GPIO_ReadInputDataBit  stm32f10x_gpio.o
    0x08000cbc   0x00000004   Code   RO         1292    i.GPIO_ResetBits    stm32f10x_gpio.o
    0x08000cc0   0x00000004   Code   RO         1293    i.GPIO_SetBits      stm32f10x_gpio.o
    0x08000cc4   0x00000020   Code   RO         3330    i.GetEPRxAddr       usb_regs.o
    0x08000ce4   0x00000020   Code   RO         3331    i.GetEPRxCount      usb_regs.o
    0x08000d04   0x0000001c   Code   RO         3333    i.GetEPTxAddr       usb_regs.o
    0x08000d20   0x00000034   Code   RO         4482    i.Get_Adc           angle.o
    0x08000d54   0x0000002e   Code   RO         4483    i.Get_Adc_Average   angle.o
    0x08000d82   0x00000002   PAD
    0x08000d84   0x00000030   Code   RO         3697    i.Get_SerialNum     hw_config.o
    0x08000db4   0x00000002   Code   RO         4268    i.HardFault_Handler  stm32f10x_it.o
    0x08000db6   0x00000002   PAD
    0x08000db8   0x000000b8   Code   RO         4549    i.Heart_Init        heart.o
    0x08000e70   0x0000005c   Code   RO         3088    i.In0_Process       usb_core.o
    0x08000ecc   0x0000001c   Code   RO         4662    i.InitRc522         rc522.o
    0x08000ee8   0x00000036   Code   RO         3698    i.IntToUnicode      hw_config.o
    0x08000f1e   0x00000002   PAD
    0x08000f20   0x00000028   Code   RO         4421    i.KEY_Init          key.o
    0x08000f48   0x00000144   Code   RO         4422    i.KEY_Scan          key.o
    0x0800108c   0x0000007c   Code   RO         4445    i.LEDS_Init         leds.o
    0x08001108   0x00000058   Code   RO         4466    i.LED_Init          led.o
    0x08001160   0x00000002   Code   RO         3699    i.Leave_LowPowerMode  hw_config.o
    0x08001162   0x0000005a   Code   RO         4663    i.M500PcdConfigISOType  rc522.o
    0x080011bc   0x00000002   Code   RO         4269    i.MemManage_Handler  stm32f10x_it.o
    0x080011be   0x00000002   Code   RO         4270    i.NMI_Handler       stm32f10x_it.o
    0x080011c0   0x00000002   Code   RO         3089    i.NOP_Process       usb_core.o
    0x080011c2   0x00000008   Code   RO         4409    i.NVIC_Configuration  sys.o
    0x080011ca   0x0000005c   Code   RO          132    i.NVIC_Init         misc.o
    0x08001226   0x00000002   PAD
    0x08001228   0x00000014   Code   RO          133    i.NVIC_PriorityGroupConfig  misc.o
    0x0800123c   0x000000d8   Code   RO         3090    i.NoData_Setup0     usb_core.o
    0x08001314   0x0000001c   Code   RO         4590    i.Open_Charger      charger.o
    0x08001330   0x00000048   Code   RO         3091    i.Out0_Process      usb_core.o
    0x08001378   0x0000001c   Code   RO         3293    i.PMAToUserBufferCopy  usb_mem.o
    0x08001394   0x00000008   Code   RO         4664    i.PcdAntennaOff     rc522.o
    0x0800139c   0x0000001a   Code   RO         4665    i.PcdAntennaOn      rc522.o
    0x080013b6   0x0000006a   Code   RO         4666    i.PcdAnticoll       rc522.o
    0x08001420   0x00000118   Code   RO         4668    i.PcdComMF522       rc522.o
    0x08001538   0x00000052   Code   RO         4671    i.PcdRequest        rc522.o
    0x0800158a   0x00000002   PAD
    0x0800158c   0x0000006c   Code   RO         4672    i.PcdReset          rc522.o
    0x080015f8   0x00000040   Code   RO         3092    i.Post0_Process     usb_core.o
    0x08001638   0x00000030   Code   RO         4000    i.PowerOn           usb_pwr.o
    0x08001668   0x000000b0   Code   RO         4618    i.Power_Init        power.o
    0x08001718   0x00000014   Code   RO         1699    i.RCC_ADCCLKConfig  stm32f10x_rcc.o
    0x0800172c   0x00000018   Code   RO         1701    i.RCC_APB1PeriphClockCmd  stm32f10x_rcc.o
    0x08001744   0x00000018   Code   RO         1703    i.RCC_APB2PeriphClockCmd  stm32f10x_rcc.o
    0x0800175c   0x00000018   Code   RO         1704    i.RCC_APB2PeriphResetCmd  stm32f10x_rcc.o
    0x08001774   0x00000098   Code   RO         1711    i.RCC_GetClocksFreq  stm32f10x_rcc.o
    0x0800180c   0x0000000c   Code   RO         1729    i.RCC_USBCLKConfig  stm32f10x_rcc.o
    0x08001818   0x00000028   Code   RO         4675    i.ReadRawRC         rc522.o
    0x08001840   0x00000012   Code   RO         4676    i.Reset_RC522       rc522.o
    0x08001852   0x00000002   PAD
    0x08001854   0x00000084   Code   RO         4001    i.Resume            usb_pwr.o
    0x080018d8   0x00000020   Code   RO         4002    i.Resume_Init       usb_pwr.o
    0x080018f8   0x000000b4   Code   RO         4677    i.SPI2_Init         rc522.o
    0x080019ac   0x00000024   Code   RO         4678    i.SPIWriteByte      rc522.o
    0x080019d0   0x00000002   Code   RO         4272    i.SVC_Handler       stm32f10x_it.o
    0x080019d2   0x00000002   PAD
    0x080019d4   0x00000010   Code   RO         3341    i.SetBTABLE         usb_regs.o
    0x080019e4   0x0000002c   Code   RO         4619    i.SetBackward       power.o
    0x08001a10   0x00000018   Code   RO         4679    i.SetBitMask        rc522.o
    0x08001a28   0x00000044   Code   RO         3093    i.SetDeviceAddress  usb_core.o
    0x08001a6c   0x00000020   Code   RO         3355    i.SetEPRxAddr       usb_regs.o
    0x08001a8c   0x00000040   Code   RO         3356    i.SetEPRxCount      usb_regs.o
    0x08001acc   0x00000034   Code   RO         3357    i.SetEPRxStatus     usb_regs.o
    0x08001b00   0x00000028   Code   RO         3358    i.SetEPRxValid      usb_regs.o
    0x08001b28   0x00000020   Code   RO         3359    i.SetEPTxAddr       usb_regs.o
    0x08001b48   0x0000001c   Code   RO         3360    i.SetEPTxCount      usb_regs.o
    0x08001b64   0x00000034   Code   RO         3361    i.SetEPTxStatus     usb_regs.o
    0x08001b98   0x00000028   Code   RO         3362    i.SetEPTxValid      usb_regs.o
    0x08001bc0   0x00000020   Code   RO         3363    i.SetEPType         usb_regs.o
    0x08001be0   0x0000002c   Code   RO         4620    i.SetForward        power.o
    0x08001c0c   0x0000000c   Code   RO         4446    i.SetLeds           leds.o
    0x08001c18   0x0000000c   Code   RO         4621    i.SetPower          power.o
    0x08001c24   0x00000018   Code   RO         4622    i.SetStop           power.o
    0x08001c3c   0x00000094   Code   RO           10    i.SetSysClockTo72   system_stm32f10x.o
    0x08001cd0   0x00000014   Code   RO         3701    i.Set_USBClock      hw_config.o
    0x08001ce4   0x00000070   Code   RO         3094    i.Setup0_Process    usb_core.o
    0x08001d54   0x00000100   Code   RO         3095    i.Standard_ClearFeature  usb_core.o
    0x08001e54   0x00000028   Code   RO         3096    i.Standard_GetConfiguration  usb_core.o
    0x08001e7c   0x0000001c   Code   RO         3097    i.Standard_GetDescriptorData  usb_core.o
    0x08001e98   0x00000028   Code   RO         3098    i.Standard_GetInterface  usb_core.o
    0x08001ec0   0x00000094   Code   RO         3099    i.Standard_GetStatus  usb_core.o
    0x08001f54   0x00000038   Code   RO         3100    i.Standard_SetConfiguration  usb_core.o
    0x08001f8c   0x00000024   Code   RO         3101    i.Standard_SetDeviceFeature  usb_core.o
    0x08001fb0   0x0000008c   Code   RO         3102    i.Standard_SetEndPointFeature  usb_core.o
    0x0800203c   0x00000048   Code   RO         3103    i.Standard_SetInterface  usb_core.o
    0x08002084   0x00000020   Code   RO         4003    i.Suspend           usb_pwr.o
    0x080020a4   0x00000018   Code   RO          136    i.SysTick_CLKSourceConfig  misc.o
    0x080020bc   0x00000002   Code   RO         4371    i.SysTick_Handler   delay.o
    0x080020be   0x00000002   PAD
    0x080020c0   0x00000050   Code   RO           12    i.SystemInit        system_stm32f10x.o
    0x08002110   0x00000068   Code   RO         2318    i.TI1_Config        stm32f10x_tim.o
    0x08002178   0x00000078   Code   RO         2319    i.TI2_Config        stm32f10x_tim.o
    0x080021f0   0x000000e4   Code   RO         4550    i.TIM2_IRQHandler   heart.o
    0x080022d4   0x0000005c   Code   RO         4551    i.TIM2_Init         heart.o
    0x08002330   0x00000124   Code   RO         4552    i.TIM3_IRQHandler   heart.o
    0x08002454   0x00000006   Code   RO         2327    i.TIM_ClearITPendingBit  stm32f10x_tim.o
    0x0800245a   0x00000014   Code   RO         2332    i.TIM_Cmd           stm32f10x_tim.o
    0x0800246e   0x00000004   Code   RO         2349    i.TIM_GetCapture3   stm32f10x_tim.o
    0x08002472   0x00000006   Code   RO         2350    i.TIM_GetCapture4   stm32f10x_tim.o
    0x08002478   0x00000018   Code   RO         2353    i.TIM_GetITStatus   stm32f10x_tim.o
    0x08002490   0x00000128   Code   RO         2355    i.TIM_ICInit        stm32f10x_tim.o
    0x080025b8   0x00000010   Code   RO         2357    i.TIM_ITConfig      stm32f10x_tim.o
    0x080025c8   0x00000080   Code   RO         2361    i.TIM_OC1Init       stm32f10x_tim.o
    0x08002648   0x0000007c   Code   RO         2366    i.TIM_OC2Init       stm32f10x_tim.o
    0x080026c4   0x00000004   Code   RO         2393    i.TIM_SetCompare1   stm32f10x_tim.o
    0x080026c8   0x00000004   Code   RO         2394    i.TIM_SetCompare2   stm32f10x_tim.o
    0x080026cc   0x00000010   Code   RO         2398    i.TIM_SetIC1Prescaler  stm32f10x_tim.o
    0x080026dc   0x00000012   Code   RO         2399    i.TIM_SetIC2Prescaler  stm32f10x_tim.o
    0x080026ee   0x00000010   Code   RO         2400    i.TIM_SetIC3Prescaler  stm32f10x_tim.o
    0x080026fe   0x00000012   Code   RO         2401    i.TIM_SetIC4Prescaler  stm32f10x_tim.o
    0x08002710   0x0000009c   Code   RO         2403    i.TIM_TimeBaseInit  stm32f10x_tim.o
    0x080027ac   0x00000024   Code   RO         4329    i.USART1_IRQHandler  usart.o
    0x080027d0   0x00000044   Code   RO         4510    i.USART2_IRQHandler  bluetooth.o
    0x08002814   0x00000006   Code   RO         2851    i.USART_ClearFlag   stm32f10x_usart.o
    0x0800281a   0x00000014   Code   RO         2855    i.USART_Cmd         stm32f10x_usart.o
    0x0800282e   0x0000003e   Code   RO         2859    i.USART_GetITStatus  stm32f10x_usart.o
    0x0800286c   0x00000030   Code   RO         2861    i.USART_ITConfig    stm32f10x_usart.o
    0x0800289c   0x000000b4   Code   RO         2862    i.USART_Init        stm32f10x_usart.o
    0x08002950   0x00000008   Code   RO         2869    i.USART_ReceiveData  stm32f10x_usart.o
    0x08002958   0x00000018   Code   RO         3702    i.USB_Cable_Config  hw_config.o
    0x08002970   0x00000024   Code   RO         4043    i.USB_GetData       usbio.o
    0x08002994   0x00000028   Code   RO         3237    i.USB_Init          usb_init.o
    0x080029bc   0x00000020   Code   RO         3703    i.USB_Interrupts_Config  hw_config.o
    0x080029dc   0x000000cc   Code   RO         3861    i.USB_Istr          usb_istr.o
    0x08002aa8   0x00000004   Code   RO         4273    i.USB_LP_CAN1_RX0_IRQHandler  stm32f10x_it.o
    0x08002aac   0x00000020   Code   RO         3671    i.USB_SIL_Init      usb_sil.o
    0x08002acc   0x0000002e   Code   RO         4044    i.USB_SendData      usbio.o
    0x08002afa   0x00000002   Code   RO         4274    i.UsageFault_Handler  stm32f10x_it.o
    0x08002afc   0x00000028   Code   RO         3294    i.UserToPMABufferCopy  usb_mem.o
    0x08002b24   0x00000028   Code   RO         4680    i.WriteRawRC        rc522.o
    0x08002b4c   0x0000000e   Code   RO         4866    i.__scatterload_copy  mc_w.l(handlers.o)(mc_w.l)
    0x08002b5a   0x00000002   Code   RO         4867    i.__scatterload_null  mc_w.l(handlers.o)(mc_w.l)
    0x08002b5c   0x0000000e   Code   RO         4868    i.__scatterload_zeroinit  mc_w.l(handlers.o)(mc_w.l)
    0x08002b6a   0x00000002   PAD
    0x08002b6c   0x00000030   Code   RO         4372    i.delay_init        delay.o
    0x08002b9c   0x00000034   Code   RO         4373    i.delay_ms          delay.o
    0x08002bd0   0x00000012   Code   RO         4681    i.delay_ns          rc522.o
    0x08002be2   0x00000002   PAD
    0x08002be4   0x00000224   Code   RO         4068    i.main              main.o
    0x08002e08   0x00000012   Data   RO         3771    .constdata          usb_desc.o
    0x08002e1a   0x00000020   Data   RO         3772    .constdata          usb_desc.o
    0x08002e3a   0x00000004   Data   RO         3773    .constdata          usb_desc.o
    0x08002e3e   0x00000014   Data   RO         3774    .constdata          usb_desc.o
    0x08002e52   0x0000001a   Data   RO         3775    .constdata          usb_desc.o
    0x08002e6c   0x00000020   Data   RO         4864    Region$$Table       anon$$obj.o


    Execution Region RW_IRAM1 (Base: 0x20000000, Size: 0x000006c0, Max: 0x0000c000, ABSOLUTE, COMPRESSED[0x00000094])

    Base Addr    Size         Type   Attr      Idx    E Section Name        Object

    0x20000000   0x00000014   Data   RW           13    .data               system_stm32f10x.o
    0x20000014   0x00000014   Data   RW         1731    .data               stm32f10x_rcc.o
    0x20000028   0x00000004   Data   RW         3104    .data               usb_core.o
    0x2000002c   0x00000001   Data   RW         3239    .data               usb_init.o
    0x2000002d   0x00000003   PAD
    0x20000030   0x0000000c   Data   RW         3240    .data               usb_init.o
    0x2000003c   0x00000002   Data   RW         3242    .data               usb_init.o
    0x2000003e   0x00000004   Data   RW         3265    .data               usb_int.o
    0x20000042   0x0000001a   Data   RW         3776    .data               usb_desc.o
    0x2000005c   0x0000000c   Data   RW         3795    .data               usb_endp.o
    0x20000068   0x00000004   Data   RW         3862    .data               usb_istr.o
    0x2000006c   0x0000001c   Data   RW         3863    .data               usb_istr.o
    0x20000088   0x0000001c   Data   RW         3864    .data               usb_istr.o
    0x200000a4   0x00000002   Data   RW         3900    .data               usb_prop.o
    0x200000a6   0x00000002   PAD
    0x200000a8   0x0000006c   Data   RW         3901    .data               usb_prop.o
    0x20000114   0x00000024   Data   RW         3902    .data               usb_prop.o
    0x20000138   0x00000004   Data   RW         4004    .data               usb_pwr.o
    0x2000013c   0x00000001   Data   RW         4005    .data               usb_pwr.o
    0x2000013d   0x00000002   Data   RW         4006    .data               usb_pwr.o
    0x2000013f   0x00000006   Data   RW         4069    .data               main.o
    0x20000145   0x00000001   PAD
    0x20000146   0x00000004   Data   RW         4375    .data               delay.o
    0x2000014a   0x00000004   Data   RW         4423    .data               key.o
    0x2000014e   0x00000001   Data   RW         4512    .data               bluetooth.o
    0x2000014f   0x00000001   PAD
    0x20000150   0x00000002   Data   RW         4513    .data               bluetooth.o
    0x20000152   0x00000002   PAD
    0x20000154   0x00000034   Data   RW         4554    .data               heart.o
    0x20000188   0x00000001   Data   RW         4591    .data               charger.o
    0x20000189   0x00000001   Data   RW         4623    .data               power.o
    0x2000018a   0x00000002   PAD
    0x2000018c   0x0000001c   Zero   RW         3238    .bss                usb_init.o
    0x200001a8   0x00000100   Zero   RW         3793    .bss                usb_endp.o
    0x200002a8   0x0000000c   Zero   RW         4511    .bss                bluetooth.o
    0x200002b4   0x0000000a   Zero   RW         4553    .bss                heart.o
    0x200002be   0x00000002   PAD
    0x200002c0   0x00000400   Zero   RW            1    STACK               startup_stm32f10x_ld.o


==============================================================================

Image component sizes


      Code (inc. data)   RO Data    RW Data    ZI Data      Debug   Object Name

       234         16          0          0          0          0   angle.o
       244         24          0          3         12          0   bluetooth.o
        84         14          0          1          0          0   charger.o
       102         18          0          4          0          0   delay.o
       796         38          0         52         10          0   heart.o
       182         12          0          0          0          0   hw_config.o
       364         16          0          4          0          0   key.o
        88         10          0          0          0          0   led.o
       136         12          0          0          0          0   leds.o
       548         42          0          6          0          0   main.o
       136         10          0          0          0          0   misc.o
       300         40          0          1          0          0   power.o
      1108         44          0          0          0          0   rc522.o
        36          8        236          0       1024          0   startup_stm32f10x_ld.o
       364         22          0          0          0          0   stm32f10x_adc.o
       178          0          0          0          0          0   stm32f10x_gpio.o
        18          0          0          0          0          0   stm32f10x_it.o
       256         48          0         20          0          0   stm32f10x_rcc.o
      1080        134          0          0          0          0   stm32f10x_tim.o
       324          4          0          0          0          0   stm32f10x_usart.o
         8          0          0          0          0          0   sys.o
       228         26          0         20          0          0   system_stm32f10x.o
        36          6          0          0          0          0   usart.o
      2210        282          0          4          0          0   usb_core.o
         0          0        100         26          0          0   usb_desc.o
       100         16          0         12        256          0   usb_endp.o
        40         18          0         15         28          0   usb_init.o
       348         26          0          4          0          0   usb_int.o
       204         22          0         60          0          0   usb_istr.o
        68         10          0          0          0          0   usb_mem.o
       554        108          0        146          0          0   usb_prop.o
       244         36          0          7          0          0   usb_pwr.o
       614        110          0          0          0          0   usb_regs.o
        32         10          0          0          0          0   usb_sil.o
        82          6          0          0          0          0   usbio.o

    ----------------------------------------------------------------------
     11368       1188        368        396       1332          0   Object Totals
         0          0         32          0          0          0   (incl. Generated)
        22          0          0         11          2          0   (incl. Padding)

    ----------------------------------------------------------------------

      Code (inc. data)   RO Data    RW Data    ZI Data      Debug   Library Member Name

        92          0          0          0          0          0   __dczerorl2.o
         0          0          0          0          0          0   entry.o
         8          4          0          0          0          0   entry2.o
         4          0          0          0          0          0   entry5.o
         8          4          0          0          0          0   entry7.o
        30          0          0          0          0          0   handlers.o
        36          8          0          0          0          0   init.o

    ----------------------------------------------------------------------
       180         16          0          0          0          0   Library Totals
         2          0          0          0          0          0   (incl. Padding)

    ----------------------------------------------------------------------

      Code (inc. data)   RO Data    RW Data    ZI Data      Debug   Library Name

       178         16          0          0          0         68   mc_w.l

    ----------------------------------------------------------------------
       180         16          0          0          0          0   Library Totals

    ----------------------------------------------------------------------

==============================================================================


      Code (inc. data)   RO Data    RW Data    ZI Data      Debug   

     11548       1204        368        396       1332     592092   Grand Totals
     11548       1204        368        148       1332     592092   ELF Image Totals (compressed)
     11548       1204        368        148          0          0   ROM Totals

==============================================================================

    Total RO  Size (Code + RO Data)                11916 (  11.64kB)
    Total RW  Size (RW Data + ZI Data)              1728 (   1.69kB)
    Total ROM Size (Code + RO Data + RW Data)      12064 (  11.78kB)

==============================================================================

